Archive member included to satisfy reference by file (symbol)

/home/pry/eclipse/gcc-arm-none-eabi-5_4-2016q3/bin/../lib/gcc/arm-none-eabi/5.4.1/armv7e-m/libgcc.a(_arm_addsubdf3.o)
                              ./src/platform/cmx/lcd.o (__aeabi_i2d)
/home/pry/eclipse/gcc-arm-none-eabi-5_4-2016q3/bin/../lib/gcc/arm-none-eabi/5.4.1/armv7e-m/libgcc.a(_arm_muldivdf3.o)
                              ./src/platform/cmx/lcd.o (__aeabi_dmul)
/home/pry/eclipse/gcc-arm-none-eabi-5_4-2016q3/bin/../lib/gcc/arm-none-eabi/5.4.1/armv7e-m/libgcc.a(_arm_fixunsdfsi.o)
                              ./src/platform/cmx/lcd.o (__aeabi_d2uiz)
/home/pry/eclipse/gcc-arm-none-eabi-5_4-2016q3/bin/../lib/gcc/arm-none-eabi/5.4.1/armv7e-m/libgcc.a(_aeabi_ldivmod.o)
                              ./src/platform/cmx/boot_comp.o (__aeabi_ldivmod)
/home/pry/eclipse/gcc-arm-none-eabi-5_4-2016q3/bin/../lib/gcc/arm-none-eabi/5.4.1/armv7e-m/libgcc.a(_ctors.o)
                              ./src/components/mb_comp.o (__CTOR_LIST__)
/home/pry/eclipse/gcc-arm-none-eabi-5_4-2016q3/bin/../lib/gcc/arm-none-eabi/5.4.1/armv7e-m/libgcc.a(_udivmoddi4.o)
                              /home/pry/eclipse/gcc-arm-none-eabi-5_4-2016q3/bin/../lib/gcc/arm-none-eabi/5.4.1/armv7e-m/libgcc.a(_aeabi_ldivmod.o) (__udivmoddi4)
/home/pry/eclipse/gcc-arm-none-eabi-5_4-2016q3/bin/../lib/gcc/arm-none-eabi/5.4.1/armv7e-m/libgcc.a(_dvmd_tls.o)
                              /home/pry/eclipse/gcc-arm-none-eabi-5_4-2016q3/bin/../lib/gcc/arm-none-eabi/5.4.1/armv7e-m/libgcc.a(_aeabi_ldivmod.o) (__aeabi_ldiv0)
/home/pry/eclipse/gcc-arm-none-eabi-5_4-2016q3/bin/../lib/gcc/arm-none-eabi/5.4.1/../../../../arm-none-eabi/lib/armv7e-m/libg_nano.a(lib_a-memcpy-stub.o)
                              ./src/platform/cmx/boot_comp.o (memcpy)
/home/pry/eclipse/gcc-arm-none-eabi-5_4-2016q3/bin/../lib/gcc/arm-none-eabi/5.4.1/../../../../arm-none-eabi/lib/armv7e-m/libg_nano.a(lib_a-memset.o)
                              ./src/platform/cmx/boot_comp.o (memset)
/home/pry/eclipse/gcc-arm-none-eabi-5_4-2016q3/bin/../lib/gcc/arm-none-eabi/5.4.1/../../../../arm-none-eabi/lib/armv7e-m/libg_nano.a(lib_a-sprintf.o)
                              ./src/platform/cmx/boot_comp.o (sprintf)
/home/pry/eclipse/gcc-arm-none-eabi-5_4-2016q3/bin/../lib/gcc/arm-none-eabi/5.4.1/../../../../arm-none-eabi/lib/armv7e-m/libg_nano.a(lib_a-strlen.o)
                              ./src/components/mb_comp.o (strlen)
/home/pry/eclipse/gcc-arm-none-eabi-5_4-2016q3/bin/../lib/gcc/arm-none-eabi/5.4.1/../../../../arm-none-eabi/lib/armv7e-m/libg_nano.a(lib_a-impure.o)
                              /home/pry/eclipse/gcc-arm-none-eabi-5_4-2016q3/bin/../lib/gcc/arm-none-eabi/5.4.1/../../../../arm-none-eabi/lib/armv7e-m/libg_nano.a(lib_a-sprintf.o) (_impure_ptr)
/home/pry/eclipse/gcc-arm-none-eabi-5_4-2016q3/bin/../lib/gcc/arm-none-eabi/5.4.1/../../../../arm-none-eabi/lib/armv7e-m/libg_nano.a(lib_a-nano-svfprintf.o)
                              /home/pry/eclipse/gcc-arm-none-eabi-5_4-2016q3/bin/../lib/gcc/arm-none-eabi/5.4.1/../../../../arm-none-eabi/lib/armv7e-m/libg_nano.a(lib_a-sprintf.o) (_svfprintf_r)
/home/pry/eclipse/gcc-arm-none-eabi-5_4-2016q3/bin/../lib/gcc/arm-none-eabi/5.4.1/../../../../arm-none-eabi/lib/armv7e-m/libg_nano.a(lib_a-nano-vfprintf_i.o)
                              /home/pry/eclipse/gcc-arm-none-eabi-5_4-2016q3/bin/../lib/gcc/arm-none-eabi/5.4.1/../../../../arm-none-eabi/lib/armv7e-m/libg_nano.a(lib_a-nano-svfprintf.o) (_printf_i)
/home/pry/eclipse/gcc-arm-none-eabi-5_4-2016q3/bin/../lib/gcc/arm-none-eabi/5.4.1/../../../../arm-none-eabi/lib/armv7e-m/libg_nano.a(lib_a-memchr.o)
                              /home/pry/eclipse/gcc-arm-none-eabi-5_4-2016q3/bin/../lib/gcc/arm-none-eabi/5.4.1/../../../../arm-none-eabi/lib/armv7e-m/libg_nano.a(lib_a-nano-svfprintf.o) (memchr)
/home/pry/eclipse/gcc-arm-none-eabi-5_4-2016q3/bin/../lib/gcc/arm-none-eabi/5.4.1/../../../../arm-none-eabi/lib/armv7e-m/libg_nano.a(lib_a-memmove.o)
                              /home/pry/eclipse/gcc-arm-none-eabi-5_4-2016q3/bin/../lib/gcc/arm-none-eabi/5.4.1/../../../../arm-none-eabi/lib/armv7e-m/libg_nano.a(lib_a-nano-svfprintf.o) (memmove)
/home/pry/eclipse/gcc-arm-none-eabi-5_4-2016q3/bin/../lib/gcc/arm-none-eabi/5.4.1/../../../../arm-none-eabi/lib/armv7e-m/libg_nano.a(lib_a-nano-freer.o)
                              /home/pry/eclipse/gcc-arm-none-eabi-5_4-2016q3/bin/../lib/gcc/arm-none-eabi/5.4.1/../../../../arm-none-eabi/lib/armv7e-m/libg_nano.a(lib_a-nano-svfprintf.o) (_free_r)
/home/pry/eclipse/gcc-arm-none-eabi-5_4-2016q3/bin/../lib/gcc/arm-none-eabi/5.4.1/../../../../arm-none-eabi/lib/armv7e-m/libg_nano.a(lib_a-nano-mallocr.o)
                              /home/pry/eclipse/gcc-arm-none-eabi-5_4-2016q3/bin/../lib/gcc/arm-none-eabi/5.4.1/../../../../arm-none-eabi/lib/armv7e-m/libg_nano.a(lib_a-nano-svfprintf.o) (_malloc_r)
[...]
Memory Configuration

Name             Origin             Length             Attributes
RAM              0x20000000         0x00080000         xrw
FLASH            0x08000000         0x00100000         xr
EROMEM0          0x00000000         0x00000000         xr
ERWMEM0          0xc0000000         0x02000000         xrw
*default*        0x00000000         0xffffffff

Linker script and memory map

LOAD ./src/platform/cmx/src/stm32f7-hal/stm32f7xx_hal.o
LOAD ./src/platform/cmx/src/stm32f7-hal/stm32f7xx_hal_cortex.o
LOAD ./src/platform/cmx/src/stm32f7-hal/stm32f7xx_hal_dma.o
LOAD ./src/platform/cmx/src/stm32f7-hal/stm32f7xx_hal_dma2d.o
LOAD ./src/platform/cmx/src/stm32f7-hal/stm32f7xx_hal_dma_ex.o
LOAD ./src/platform/cmx/src/stm32f7-hal/stm32f7xx_hal_gpio.o
LOAD ./src/platform/cmx/src/stm32f7-hal/stm32f7xx_hal_ltdc.o
LOAD ./src/platform/cmx/src/stm32f7-hal/stm32f7xx_hal_nand.o
LOAD ./src/platform/cmx/src/stm32f7-hal/stm32f7xx_hal_nor.o
LOAD ./src/platform/cmx/src/stm32f7-hal/stm32f7xx_hal_pwr.o
LOAD ./src/platform/cmx/src/stm32f7-hal/stm32f7xx_hal_pwr_ex.o
LOAD ./src/platform/cmx/src/stm32f7-hal/stm32f7xx_hal_rcc.o
LOAD ./src/platform/cmx/src/stm32f7-hal/stm32f7xx_hal_rcc_ex.o
LOAD ./src/platform/cmx/src/stm32f7-hal/stm32f7xx_hal_sdram.o
LOAD ./src/platform/cmx/src/stm32f7-hal/stm32f7xx_hal_sram.o
LOAD ./src/platform/cmx/src/stm32f7-hal/stm32f7xx_ll_fmc.o
LOAD ./src/platform/cmx/src/cmsis/startup_stm32f767.o
LOAD ./src/platform/cmx/src/cmsis/system_stm32f7xx.o
LOAD ./src/platform/cmx/boot_comp.o
LOAD ./src/platform/cmx/chal.o
LOAD ./src/platform/cmx/entry.o
LOAD ./src/platform/cmx/kernel.o
LOAD ./src/platform/cmx/lcd.o
LOAD ./src/platform/cmx/ltdc.o
LOAD ./src/platform/cmx/sdram.o
LOAD ./src/platform/cmx/utmem.o
LOAD ./src/platform/cmx/vm.o
LOAD ./src/kernel/capinv.o
LOAD ./src/kernel/captbl.o
LOAD ./src/kernel/liveness_tbl.o
LOAD ./src/kernel/pgtbl.o
LOAD ./src/kernel/retype_tbl.o
LOAD ./src/kernel/tcap.o
LOAD ./src/components/mb_comp.o
LOAD /home/pry/eclipse/gcc-arm-none-eabi-5_4-2016q3/bin/../lib/gcc/arm-none-eabi/5.4.1/../../../../arm-none-eabi/lib/armv7e-m/libstdc++_nano.a
LOAD /home/pry/eclipse/gcc-arm-none-eabi-5_4-2016q3/bin/../lib/gcc/arm-none-eabi/5.4.1/../../../../arm-none-eabi/lib/armv7e-m/libm.a
START GROUP
LOAD /home/pry/eclipse/gcc-arm-none-eabi-5_4-2016q3/bin/../lib/gcc/arm-none-eabi/5.4.1/armv7e-m/libgcc.a
LOAD /home/pry/eclipse/gcc-arm-none-eabi-5_4-2016q3/bin/../lib/gcc/arm-none-eabi/5.4.1/../../../../arm-none-eabi/lib/armv7e-m/libg_nano.a
LOAD /home/pry/eclipse/gcc-arm-none-eabi-5_4-2016q3/bin/../lib/gcc/arm-none-eabi/5.4.1/../../../../arm-none-eabi/lib/armv7e-m/libc_nano.a
END GROUP
START GROUP
LOAD /home/pry/eclipse/gcc-arm-none-eabi-5_4-2016q3/bin/../lib/gcc/arm-none-eabi/5.4.1/armv7e-m/libgcc.a
LOAD /home/pry/eclipse/gcc-arm-none-eabi-5_4-2016q3/bin/../lib/gcc/arm-none-eabi/5.4.1/../../../../arm-none-eabi/lib/armv7e-m/libc_nano.a
END GROUP
                0x20080000                __stack = (ORIGIN (RAM) + LENGTH (RAM))
                0x20080000                _estack = __stack
                0x00000400                __Main_Stack_Size = 0x400
                [!provide]                PROVIDE (_Main_Stack_Size, __Main_Stack_Size)
                0x2007fc00                __Main_Stack_Limit = (__stack - __Main_Stack_Size)
                [!provide]                PROVIDE (_Main_Stack_Limit, __Main_Stack_Limit)
                0x00000100                _Minimum_Stack_Size = 0x100
                [!provide]                PROVIDE (_Heap_Begin, _end_noinit)
                0x2007fc00                PROVIDE (_Heap_Limit, (__stack - __Main_Stack_Size))

.isr_vector     0x08000000      0x3ac
 FILL mask 0xff
                0x08000000                __vectors_start = ABSOLUTE (.)
                0x08000000                __vectors_start__ = ABSOLUTE (.)
 *(.isr_vector)
 .isr_vector    0x08000000      0x1f8 ./src/platform/cmx/src/cmsis/startup_stm32f767.o
                0x08000000                __isr_vectors
 *(.cfmconfig)
 *(.after_vectors .after_vectors.*)
 .after_vectors
                0x080001f8      0x1b4 ./src/platform/cmx/src/cmsis/startup_stm32f767.o
                0x080001f8                NMI_Handler
                0x080001fc                HardFault_Handler
                0x08000200                MemManage_Handler
                0x08000204                BusFault_Handler
                0x08000208                UsageFault_Handler
                0x0800020c                SVC_Handler
                0x08000240                DebugMon_Handler
                0x08000244                PendSV_Handler
                0x0800024c                RTC_Alarm_IRQHandler
                0x0800024c                EXTI2_IRQHandler
                0x0800024c                TIM8_CC_IRQHandler
                0x0800024c                UART8_IRQHandler
                0x0800024c                SPI4_IRQHandler
                0x0800024c                TIM1_CC_IRQHandler
                0x0800024c                DMA2_Stream5_IRQHandler
                0x0800024c                JPEG_IRQHandler
                0x0800024c                DMA1_Stream5_IRQHandler
                0x0800024c                CAN3_RX1_IRQHandler
                0x0800024c                PVD_IRQHandler
                0x0800024c                TAMP_STAMP_IRQHandler
                0x0800024c                CAN2_RX1_IRQHandler
                0x0800024c                EXTI3_IRQHandler
                0x0800024c                TIM8_TRG_COM_TIM14_IRQHandler
                0x0800024c                DFSDM1_FLT1_IRQHandler
                0x0800024c                TIM1_UP_TIM10_IRQHandler
                0x0800024c                TIM8_UP_TIM13_IRQHandler
                0x0800024c                I2C3_ER_IRQHandler
                0x0800024c                DFSDM1_FLT2_IRQHandler
                0x0800024c                EXTI0_IRQHandler
                0x0800024c                I2C2_EV_IRQHandler
                0x0800024c                DMA1_Stream2_IRQHandler
                0x0800024c                CAN1_RX0_IRQHandler
                0x0800024c                FPU_IRQHandler
                0x0800024c                OTG_HS_WKUP_IRQHandler
                0x0800024c                CAN3_SCE_IRQHandler
                0x0800024c                LTDC_ER_IRQHandler
                0x0800024c                CAN2_SCE_IRQHandler
                0x0800024c                DMA2_Stream2_IRQHandler
                0x0800024c                SPI1_IRQHandler
                0x0800024c                TIM6_DAC_IRQHandler
                0x0800024c                TIM1_BRK_TIM9_IRQHandler
                0x0800024c                DCMI_IRQHandler
                0x0800024c                CAN2_RX0_IRQHandler
                0x0800024c                DMA2_Stream3_IRQHandler
                0x0800024c                SAI2_IRQHandler
                0x0800024c                DFSDM1_FLT3_IRQHandler
                0x0800024c                USART6_IRQHandler
                0x0800024c                CAN3_RX0_IRQHandler
                0x0800024c                USART3_IRQHandler
                0x0800024c                CAN1_RX1_IRQHandler
                0x0800024c                UART5_IRQHandler
                0x0800024c                DMA2_Stream0_IRQHandler
                0x0800024c                TIM4_IRQHandler
                0x0800024c                QUADSPI_IRQHandler
                0x0800024c                I2C1_EV_IRQHandler
                0x0800024c                DMA1_Stream6_IRQHandler
                0x0800024c                DMA1_Stream1_IRQHandler
                0x0800024c                UART4_IRQHandler
                0x0800024c                TIM3_IRQHandler
                0x0800024c                RCC_IRQHandler
                0x0800024c                TIM8_BRK_TIM12_IRQHandler
                0x0800024c                Default_Handler
                0x0800024c                CEC_IRQHandler
                0x0800024c                EXTI15_10_IRQHandler
                0x0800024c                ADC_IRQHandler
                0x0800024c                DMA1_Stream7_IRQHandler
                0x0800024c                SPI5_IRQHandler
                0x0800024c                TIM7_IRQHandler
                0x0800024c                SDMMC1_IRQHandler
                0x0800024c                CAN2_TX_IRQHandler
                0x0800024c                TIM5_IRQHandler
                0x0800024c                DMA2_Stream7_IRQHandler
                0x0800024c                I2C3_EV_IRQHandler
                0x0800024c                EXTI9_5_IRQHandler
                0x0800024c                RTC_WKUP_IRQHandler
                0x0800024c                LTDC_IRQHandler
                0x0800024c                ETH_WKUP_IRQHandler
                0x0800024c                SPDIF_RX_IRQHandler
                0x0800024c                SPI2_IRQHandler
                0x0800024c                OTG_HS_EP1_IN_IRQHandler
                0x0800024c                DMA1_Stream0_IRQHandler
                0x0800024c                CAN1_TX_IRQHandler
                0x0800024c                EXTI4_IRQHandler
                0x0800024c                RNG_IRQHandler
                0x0800024c                ETH_IRQHandler
                0x0800024c                OTG_HS_EP1_OUT_IRQHandler
                0x0800024c                WWDG_IRQHandler
                0x0800024c                SPI6_IRQHandler
                0x0800024c                I2C4_EV_IRQHandler
                0x0800024c                MDIOS_IRQHandler
                0x0800024c                CAN3_TX_IRQHandler
                0x0800024c                TIM2_IRQHandler
                0x0800024c                OTG_FS_WKUP_IRQHandler
                0x0800024c                TIM1_TRG_COM_TIM11_IRQHandler
                0x0800024c                OTG_HS_IRQHandler
                0x0800024c                DMA2D_IRQHandler
                0x0800024c                EXTI1_IRQHandler
                0x0800024c                SDMMC2_IRQHandler
                0x0800024c                UART7_IRQHandler
                0x0800024c                USART2_IRQHandler
                0x0800024c                DFSDM1_FLT0_IRQHandler
                0x0800024c                I2C2_ER_IRQHandler
                0x0800024c                DMA2_Stream1_IRQHandler
                0x0800024c                CAN1_SCE_IRQHandler
                0x0800024c                FLASH_IRQHandler
                0x0800024c                DMA2_Stream4_IRQHandler
                0x0800024c                USART1_IRQHandler
                0x0800024c                OTG_FS_IRQHandler
                0x0800024c                SPI3_IRQHandler
                0x0800024c                DMA1_Stream4_IRQHandler
                0x0800024c                I2C1_ER_IRQHandler
                0x0800024c                FMC_IRQHandler
                0x0800024c                LPTIM1_IRQHandler
                0x0800024c                I2C4_ER_IRQHandler
                0x0800024c                DMA2_Stream6_IRQHandler
                0x0800024c                SAI1_IRQHandler
                0x0800024c                DMA1_Stream3_IRQHandler
                0x08000250                _start
                0x080003a4                Reset_Handler

.inits          0x080003ac       0x30
                0x080003ac                __data_regions_array_start = .
                0x080003ac        0x4 LONG 0x8020000 LOADADDR (.data)
                0x080003b0        0x4 LONG 0x20052000 ADDR (.data)
                0x080003b4        0x4 LONG 0x20054064 (ADDR (.data) + SIZEOF (.data))
                0x080003b8        0x4 LONG 0x8004000 LOADADDR (.c1_data)
                0x080003bc        0x4 LONG 0x20000000 ADDR (.c1_data)
                0x080003c0        0x4 LONG 0x20001004 (ADDR (.c1_data) + SIZEOF (.c1_data))
                0x080003c4                __data_regions_array_end = .
                0x080003c4                __bss_regions_array_start = .
                0x080003c4        0x4 LONG 0x20055000 ADDR (.bss)
                0x080003c8        0x4 LONG 0x2005fa44 (ADDR (.bss) + SIZEOF (.bss))
                0x080003cc        0x4 LONG 0x20002000 ADDR (.c1_bss)
                0x080003d0        0x4 LONG 0x20011984 (ADDR (.c1_bss) + SIZEOF (.c1_bss))
                0x080003d4        0x4 LONG 0x20012000 ADDR (.utmem)
                0x080003d8        0x4 LONG 0x20052000 (ADDR (.utmem) + SIZEOF (.utmem))
                0x080003dc                __bss_regions_array_end = .
 *(.init)
 *(.fini)
                0x080003dc                . = ALIGN (0x4)
                [!provide]                PROVIDE (__preinit_array_start, .)
 *(.preinit_array_sysinit .preinit_array_sysinit.*)
 *(.preinit_array_platform .preinit_array_platform.*)
 *(.preinit_array .preinit_array.*)
                [!provide]                PROVIDE (__preinit_array_end, .)
                0x080003dc                . = ALIGN (0x4)
                [!provide]                PROVIDE (__init_array_start, .)
 *(SORT(.init_array.*))
 *(.init_array)
                [!provide]                PROVIDE (__init_array_end, .)
                0x080003dc                . = ALIGN (0x4)
                [!provide]                PROVIDE (__fini_array_start, .)
 *(SORT(.fini_array.*))
 *(.fini_array)
                [!provide]                PROVIDE (__fini_array_end, .)

.flashtext
 *(.flashtext .flashtext.*)

.c1_text        0x08000400     0x1f1c
 *mb_comp.o(.text .text.*)
 .text.constructors_execute
                0x08000400       0x20 ./src/components/mb_comp.o
 .text.cos_thd_entry_exec
                0x08000420       0x20 ./src/components/mb_comp.o
 .text.cos_init
                0x08000440       0x84 ./src/components/mb_comp.o
                0x08000448                cos_init
 .text.__alloc_libc_initilize
                0x080004c4        0x4 ./src/components/mb_comp.o
                0x080004c4                __alloc_libc_initilize
 .text.cos_thd_entry_static
                0x080004c8        0x8 ./src/components/mb_comp.o
                0x080004c8                cos_thd_entry_static
 .text.cos_upcall_fn
                0x080004d0       0x38 ./src/components/mb_comp.o
                0x080004d0                cos_upcall_fn
 .text.livenessid_bump_alloc
                0x08000508       0x10 ./src/components/mb_comp.o
 .text.__mem_bump_alloc
                0x08000518       0xb8 ./src/components/mb_comp.o
 .text.__kmem_bump_alloc
                0x080005d0        0xc ./src/components/mb_comp.o
 .text.__capid_captbl_check_expand
                0x080005dc      0x110 ./src/components/mb_comp.o
 .text.__capid_bump_alloc_generic
                0x080006ec       0x2c ./src/components/mb_comp.o
 .text.__capid_bump_alloc
                0x08000718       0x58 ./src/components/mb_comp.o
 .text.__alloc_mem_cap
                0x08000770       0x30 ./src/components/mb_comp.o
 .text.cos_thd_init_alloc
                0x080007a0       0x9c ./src/components/mb_comp.o
 .text.__cos_thd_alloc
                0x0800083c       0x88 ./src/components/mb_comp.o
 .text.cos_thd_init_free
                0x080008c4       0x44 ./src/components/mb_comp.o
 .text.cos_meminfo_init
                0x08000908       0x14 ./src/components/mb_comp.o
                0x08000908                cos_meminfo_init
 .text.cos_compinfo_init
                0x0800091c       0x98 ./src/components/mb_comp.o
                0x0800091c                cos_compinfo_init
 .text.cos_thd_alloc
                0x080009b4       0x30 ./src/components/mb_comp.o
                0x080009b4                cos_thd_alloc
 .text.cos_comp_alloc
                0x080009e4       0x8c ./src/components/mb_comp.o
                0x080009e4                cos_comp_alloc
 .text.cos_sinv_alloc
                0x08000a70       0x70 ./src/components/mb_comp.o
                0x08000a70                cos_sinv_alloc
 .text.cos_thd_switch
                0x08000ae0       0x2c ./src/components/mb_comp.o
                0x08000ae0                cos_thd_switch
 .text.cos_hw_cycles_per_usec
                0x08000b0c       0x2c ./src/components/mb_comp.o
                0x08000b0c                cos_hw_cycles_per_usec
 .text.__inv_test_serverfn
                0x08000b38       0x20 ./src/components/mb_comp.o
                0x08000b38                __inv_test_serverfn
 .text.test_inv_perf
                0x08000b58      0x16c ./src/components/mb_comp.o
 .text.test_serverfn
                0x08000cc4       0x34 ./src/components/mb_comp.o
                0x08000cc4                test_serverfn
 .text.test_run_mb
                0x08000cf8        0x8 ./src/components/mb_comp.o
                0x08000cf8                test_run_mb
 .text.cos_llprint
                0x08000d00       0x2c ./src/components/mb_comp.o
 .text.kentryfn
                0x08000d2c       0x24 ./src/components/mb_comp.o
                0x08000d2c                kentryfn
 .text.term_fn  0x08000d50        0xc ./src/components/mb_comp.o
                0x08000d50                term_fn
 .text.prints   0x08000d5c       0x18 ./src/components/mb_comp.o
                0x08000d5c                prints
 *mb_comp.o(.rodata .rodata.* .constdata .constdata.*)
 .rodata.str1.4
                0x08000d74     0x1528 ./src/components/mb_comp.o
                               0x1527 (size before relaxing)
 .rodata.SINV_Stack
                0x0800229c       0x40 ./src/components/mb_comp.o
                0x0800229c                SINV_Stack
 .rodata.SVC_Stack
                0x080022dc       0x40 ./src/components/mb_comp.o
                0x080022dc                SVC_Stack
 *mb_comp.o(vtable)
 *mb_comp.o(.eh_frame*)
 *mb_comp.o(.glue_7)
 *mb_comp.o(.glue_7t)
                0x08004000                _c1_sidata = LOADADDR (.c1_data)

.c1_data        0x20000000     0x1004 load address 0x08004000
 FILL mask 0xff
                0x20000000                _c1_sdata = .
                0x20000000                __c1_data_start__ = .
 *mb_comp.o(.data_begin .data_begin.*)
 *mb_comp.o(.data .data.*)
 .data.cos_comp_info
                0x20000000     0x1000 ./src/components/mb_comp.o
                0x20000000                cos_comp_info
 .data.livenessid_frontier
                0x20001000        0x4 ./src/components/mb_comp.o
 *mb_comp.o(.data_end .data_end.*)
                0x20001004                . = ALIGN (0x4)
                0x20001004                _c1_edata = .
                0x20001004                __c1_data_end__ = .

.c1_bss         0x20002000     0xf984 load address 0x08005004
                0x20002000                __c1_bss_start__ = .
                0x20002000                _c1_sbss = .
 *mb_comp.o(.bss_begin .bss_begin.*)
 *mb_comp.o(.bss .bss.*)
 .bss.ST_user_caps
                0x20002000        0x4 ./src/components/mb_comp.o
                0x20002000                ST_user_caps
 *fill*         0x20002004        0x4 
 .bss.midinv_cycles
                0x20002008        0x8 ./src/components/mb_comp.o
                0x20002008                midinv_cycles
 *mb_comp.o(COMMON)
 *fill*         0x20002010      0xff0 
 COMMON         0x20003000     0xe984 ./src/components/mb_comp.o
                0x20003000                termthd
                0x20003004                Stack_Mem
                0x2000e000                temp
                0x2000f000                booter_info
                0x2000f048                mbt
                0x2000f090                rcp_global
                0x2000f094                rcc_global
                0x2000f098                tls_test
                0x2000f0ac                Sinv_Stack
                0x200100b0                bt
                0x200100f8                str
                0x20010160                cyc_per_usec
                0x20010180                __thd_init_data
                0x20010980                comp1_stack
                0x20011980                scp_global
 *mb_comp.o(.bss_end .bss_end.*)
                0x20011984                . = ALIGN (0x4)
                0x20011984                __c1_bss_end__ = .
                0x20011984                _c1_ebss = .

.utmem          0x20012000    0x40000 load address 0x08006000
                0x20012000                __utmem_start__ = .
 *utmem.o(.bss_begin .bss_begin.*)
 *utmem.o(.bss .bss.*)
 *utmem.o(COMMON)
 COMMON         0x20012000    0x40000 ./src/platform/cmx/utmem.o
                0x20012000                Memory_Used
 *utmem.o(.bss_end .bss_end.*)
                0x20052000                . = ALIGN (0x4)
                0x20052000                __utmem_end__ = .

.text           0x08005010    0x19719
 *(.text .text.*)
 .text.HAL_InitTick
                0x08005010       0x2c ./src/platform/cmx/src/stm32f7-hal/stm32f7xx_hal.o
                0x08005010                HAL_InitTick
 .text.HAL_GetTick
                0x0800503c        0xc ./src/platform/cmx/src/stm32f7-hal/stm32f7xx_hal.o
                0x0800503c                HAL_GetTick
 .text.HAL_NVIC_SetPriority
                0x08005048       0x98 ./src/platform/cmx/src/stm32f7-hal/stm32f7xx_hal_cortex.o
                0x08005048                HAL_NVIC_SetPriority
 .text.HAL_SYSTICK_Config
                0x080050e0       0x30 ./src/platform/cmx/src/stm32f7-hal/stm32f7xx_hal_cortex.o
                0x080050e0                HAL_SYSTICK_Config
 .text.HAL_SYSTICK_CLKSourceConfig
                0x08005110       0x38 ./src/platform/cmx/src/stm32f7-hal/stm32f7xx_hal_cortex.o
                0x08005110                HAL_SYSTICK_CLKSourceConfig
 .text.HAL_GPIO_Init
                0x08005148      0x318 ./src/platform/cmx/src/stm32f7-hal/stm32f7xx_hal_gpio.o
                0x08005148                HAL_GPIO_Init
 .text.HAL_GPIO_ReadPin
                0x08005460       0x24 ./src/platform/cmx/src/stm32f7-hal/stm32f7xx_hal_gpio.o
                0x08005460                HAL_GPIO_ReadPin
 .text.HAL_GPIO_WritePin
                0x08005484       0x38 ./src/platform/cmx/src/stm32f7-hal/stm32f7xx_hal_gpio.o
                0x08005484                HAL_GPIO_WritePin
 .text.HAL_LTDC_Init
                0x080054bc      0x27c ./src/platform/cmx/src/stm32f7-hal/stm32f7xx_hal_ltdc.o
                0x080054bc                HAL_LTDC_Init
 .text.HAL_LTDC_ConfigLayer
                0x08005738      0x2d8 ./src/platform/cmx/src/stm32f7-hal/stm32f7xx_hal_ltdc.o
                0x08005738                HAL_LTDC_ConfigLayer
 .text.HAL_LTDC_SetWindowSize
                0x08005a10      0x244 ./src/platform/cmx/src/stm32f7-hal/stm32f7xx_hal_ltdc.o
                0x08005a10                HAL_LTDC_SetWindowSize
 .text.HAL_LTDC_SetWindowPosition
                0x08005c54      0x218 ./src/platform/cmx/src/stm32f7-hal/stm32f7xx_hal_ltdc.o
                0x08005c54                HAL_LTDC_SetWindowPosition
 .text.HAL_PWREx_EnableOverDrive
                0x08005e6c       0x78 ./src/platform/cmx/src/stm32f7-hal/stm32f7xx_hal_pwr_ex.o
                0x08005e6c                HAL_PWREx_EnableOverDrive
 .text.HAL_RCC_ClockConfig
                0x08005ee4      0x2e8 ./src/platform/cmx/src/stm32f7-hal/stm32f7xx_hal_rcc.o
                0x08005ee4                HAL_RCC_ClockConfig
 .text.HAL_RCCEx_PeriphCLKConfig
                0x080061cc      0xbf4 ./src/platform/cmx/src/stm32f7-hal/stm32f7xx_hal_rcc_ex.o
                0x080061cc                HAL_RCCEx_PeriphCLKConfig
 .text.HAL_RCC_OscConfig
                0x08006dc0      0x4ec ./src/platform/cmx/src/stm32f7-hal/stm32f7xx_hal_rcc_ex.o
                0x08006dc0                HAL_RCC_OscConfig
 .text.HAL_SDRAM_Init
                0x080072ac       0x44 ./src/platform/cmx/src/stm32f7-hal/stm32f7xx_hal_sdram.o
                0x080072ac                HAL_SDRAM_Init
 .text.HAL_SDRAM_SendCommand
                0x080072f0       0x34 ./src/platform/cmx/src/stm32f7-hal/stm32f7xx_hal_sdram.o
                0x080072f0                HAL_SDRAM_SendCommand
 .text.HAL_SDRAM_ProgramRefreshRate
                0x08007324       0x28 ./src/platform/cmx/src/stm32f7-hal/stm32f7xx_hal_sdram.o
                0x08007324                HAL_SDRAM_ProgramRefreshRate
 .text.FMC_SDRAM_Init
                0x0800734c      0x168 ./src/platform/cmx/src/stm32f7-hal/stm32f7xx_ll_fmc.o
                0x0800734c                FMC_SDRAM_Init
 .text.FMC_SDRAM_Timing_Init
                0x080074b4      0x154 ./src/platform/cmx/src/stm32f7-hal/stm32f7xx_ll_fmc.o
                0x080074b4                FMC_SDRAM_Timing_Init
 .text.FMC_SDRAM_SendCommand
                0x08007608       0xc0 ./src/platform/cmx/src/stm32f7-hal/stm32f7xx_ll_fmc.o
                0x08007608                FMC_SDRAM_SendCommand
 .text.FMC_SDRAM_ProgramRefreshRate
                0x080076c8       0x3c ./src/platform/cmx/src/stm32f7-hal/stm32f7xx_ll_fmc.o
                0x080076c8                FMC_SDRAM_ProgramRefreshRate
 .text.NVIC_SystemReset
                0x08007704       0x24 ./src/platform/cmx/src/cmsis/startup_stm32f767.o
 .text.Stm32_Clock_Init
                0x08007728       0x8c ./src/platform/cmx/src/cmsis/startup_stm32f767.o
                0x08007728                Stm32_Clock_Init
 .text._sbrk    0x080077b4        0x8 ./src/platform/cmx/src/cmsis/startup_stm32f767.o
                0x080077b4                _sbrk
 .text.SystemInit
                0x080077bc       0x44 ./src/platform/cmx/src/cmsis/system_stm32f7xx.o
                0x080077bc                SystemInit
 .text.SystemCoreClockUpdate
                0x08007800       0x84 ./src/platform/cmx/src/cmsis/system_stm32f7xx.o
                0x08007800                SystemCoreClockUpdate
 .text.__captbl_cap2sz
                0x08007884       0x64 ./src/platform/cmx/boot_comp.o
 .text.cos_mem_fence
                0x080078e8        0xc ./src/platform/cmx/boot_comp.o
 .text.cos_cas  0x080078f4       0x58 ./src/platform/cmx/boot_comp.o
 .text.cos_faa  0x0800794c       0x48 ./src/platform/cmx/boot_comp.o
 .text.ert_defget
                0x08007994       0x1c ./src/platform/cmx/boot_comp.o
 .text.ert_defisnull
                0x080079b0       0x24 ./src/platform/cmx/boot_comp.o
 .text.ert_defresolve
                0x080079d4       0x1c ./src/platform/cmx/boot_comp.o
 .text.ert_defset
                0x080079f0       0x20 ./src/platform/cmx/boot_comp.o
 .text.ert_definit
                0x08007a10       0x1c ./src/platform/cmx/boot_comp.o
 .text.__ert_maxid
                0x08007a2c       0x48 ./src/platform/cmx/boot_comp.o
 .text.__ert_init
                0x08007a74       0x9c ./src/platform/cmx/boot_comp.o
 .text.ert_alloc
                0x08007b10      0x120 ./src/platform/cmx/boot_comp.o
 .text.__ert_walk
                0x08007c30       0x70 ./src/platform/cmx/boot_comp.o
 .text.__ert_lookup
                0x08007ca0      0x200 ./src/platform/cmx/boot_comp.o
 .text.__ert_expand
                0x08007ea0      0x2c0 ./src/platform/cmx/boot_comp.o
 .text.__ltbl_allocfn
                0x08008160       0x3c ./src/platform/cmx/boot_comp.o
 .text.__ltbl_isnull
                0x0800819c       0x18 ./src/platform/cmx/boot_comp.o
 .text.__ltbl_setleaf
                0x080081b4       0x48 ./src/platform/cmx/boot_comp.o
 .text.__ltbl_getleaf
                0x080081fc       0x18 ./src/platform/cmx/boot_comp.o
 .text.__ltbl_lkupan
                0x08008214       0x80 ./src/platform/cmx/boot_comp.o
 .text.__ltbl_maxdepth
                0x08008294       0x10 ./src/platform/cmx/boot_comp.o
 .text.ltbl_get
                0x080082a4       0x8c ./src/platform/cmx/boot_comp.o
 .text.ltbl_get_timestamp
                0x08008330       0x88 ./src/platform/cmx/boot_comp.o
 .text.__captbl_allocfn
                0x080083b8       0x5c ./src/platform/cmx/boot_comp.o
 .text.__captbl_init
                0x08008414       0x24 ./src/platform/cmx/boot_comp.o
 .text.captbl_init
                0x08008438       0x98 ./src/platform/cmx/boot_comp.o
 .text.__captbl_getleaf
                0x080084d0       0xe0 ./src/platform/cmx/boot_comp.o
 .text.__captbl_setleaf
                0x080085b0       0x3c ./src/platform/cmx/boot_comp.o
 .text.__captbl_get
                0x080085ec       0x1c ./src/platform/cmx/boot_comp.o
 .text.__captbl_alloc
                0x08008608       0x6c ./src/platform/cmx/boot_comp.o
 .text.__captbl_lkupan
                0x08008674       0x80 ./src/platform/cmx/boot_comp.o
 .text.__captbl_lkupani
                0x080086f4       0x80 ./src/platform/cmx/boot_comp.o
 .text.__captbl_expandn
                0x08008774       0x88 ./src/platform/cmx/boot_comp.o
 .text.__captbl_maxid
                0x080087fc       0x64 ./src/platform/cmx/boot_comp.o
 .text.__captbl_maxdepth
                0x08008860       0x10 ./src/platform/cmx/boot_comp.o
 .text.captbl_alloc
                0x08008870       0x1c ./src/platform/cmx/boot_comp.o
 .text.__captbl_header_validate
                0x0800888c       0x70 ./src/platform/cmx/boot_comp.o
 .text.captbl_lkup_lvl
                0x080088fc       0x38 ./src/platform/cmx/boot_comp.o
 .text.captbl_lkup
                0x08008934       0x20 ./src/platform/cmx/boot_comp.o
 .text.__captbl_store
                0x08008954       0x2c ./src/platform/cmx/boot_comp.o
 .text.captbl_add
                0x08008980      0x454 ./src/platform/cmx/boot_comp.o
 .text.captbl_maxdepth
                0x08008dd4       0x10 ./src/platform/cmx/boot_comp.o
 .text.captbl_expand
                0x08008de4       0x8c ./src/platform/cmx/boot_comp.o
 .text.captbl_create
                0x08008e70       0xd0 ./src/platform/cmx/boot_comp.o
 .text.list_init
                0x08008f40       0x28 ./src/platform/cmx/boot_comp.o
 .text.list_add_after
                0x08008f68       0x30 ./src/platform/cmx/boot_comp.o
 .text.list_head_init
                0x08008f98       0x1c ./src/platform/cmx/boot_comp.o
 .text.list_enqueue
                0x08008fb4       0x20 ./src/platform/cmx/boot_comp.o
 .text.tsc      0x08008fd4       0x18 ./src/platform/cmx/boot_comp.o
 .text.cos_cpu_local_info
                0x08008fec       0x24 ./src/platform/cmx/boot_comp.o
 .text.get_cpuid
                0x08009010       0x10 ./src/platform/cmx/boot_comp.o
 .text.__pgtbl_a
                0x08009020       0x74 ./src/platform/cmx/boot_comp.o
 .text.__pgtbl_get
                0x08009094       0x38 ./src/platform/cmx/boot_comp.o
 .text.__pgtbl_isnull
                0x080090cc       0x2c ./src/platform/cmx/boot_comp.o
 .text.__pgtbl_init
                0x080090f8       0x1c ./src/platform/cmx/boot_comp.o
 .text.__pgtbl_setleaf
                0x08009114       0x34 ./src/platform/cmx/boot_comp.o
 .text.__pgtbl_update_leaf
                0x08009148       0x30 ./src/platform/cmx/boot_comp.o
 .text.__pgtbl_set
                0x08009178       0x84 ./src/platform/cmx/boot_comp.o
 .text.__pgtbl_getleaf
                0x080091fc       0x34 ./src/platform/cmx/boot_comp.o
 .text.__pgtbl_lkupan
                0x08009230       0x80 ./src/platform/cmx/boot_comp.o
 .text.__pgtbl_lkupani
                0x080092b0       0x80 ./src/platform/cmx/boot_comp.o
 .text.pgtbl_init_pte
                0x08009330       0x38 ./src/platform/cmx/boot_comp.o
 .text.pgtbl_quie_check
                0x08009368       0x14 ./src/platform/cmx/boot_comp.o
 .text.pgtbl_mapping_add
                0x0800937c      0x148 ./src/platform/cmx/boot_comp.o
 .text.pgtbl_cosframe_add
                0x080094c4      0x10c ./src/platform/cmx/boot_comp.o
 .text.pgtbl_lkup_lvl
                0x080095d0       0x30 ./src/platform/cmx/boot_comp.o
 .text.pgtbl_ispresent
                0x08009600       0x1c ./src/platform/cmx/boot_comp.o
 .text.pgtbl_lkup
                0x0800961c       0x40 ./src/platform/cmx/boot_comp.o
 .text.pgtbl_update
                0x0800965c       0x14 ./src/platform/cmx/boot_comp.o
 .text.__cap_capactivate_pre
                0x08009670       0x8c ./src/platform/cmx/boot_comp.o
 .text.__cap_capactivate_post
                0x080096fc       0x1c ./src/platform/cmx/boot_comp.o
 .text.cap_cons
                0x08009718      0x208 ./src/platform/cmx/boot_comp.o
 .text.comp_activate
                0x08009920      0x1ac ./src/platform/cmx/boot_comp.o
 .text.tcap_sched_info
                0x08009acc       0x20 ./src/platform/cmx/boot_comp.o
 .text.tcap_ref_take
                0x08009aec       0x1c ./src/platform/cmx/boot_comp.o
 .text.tcap_setprio
                0x08009b08       0x58 ./src/platform/cmx/boot_comp.o
 .text.thd_upcall_setup
                0x08009b60       0x64 ./src/platform/cmx/boot_comp.o
 .text.thdid_alloc
                0x08009bc4       0x50 ./src/platform/cmx/boot_comp.o
 .text.thd_rcvcap_take
                0x08009c14       0x20 ./src/platform/cmx/boot_comp.o
 .text.thd_bound2rcvcap
                0x08009c34       0x18 ./src/platform/cmx/boot_comp.o
 .text.thd_rcvcap_init
                0x08009c4c       0x3c ./src/platform/cmx/boot_comp.o
 .text.thd_activate
                0x08009c88      0x14c ./src/platform/cmx/boot_comp.o
 .text.thd_current
                0x08009dd4       0x18 ./src/platform/cmx/boot_comp.o
 .text.thd_current_update
                0x08009dec       0x30 ./src/platform/cmx/boot_comp.o
 .text.sret_activate
                0x08009e1c       0x40 ./src/platform/cmx/boot_comp.o
 .text.__arcv_setup
                0x08009e5c       0xa4 ./src/platform/cmx/boot_comp.o
 .text.arcv_activate
                0x08009f00      0x24c ./src/platform/cmx/boot_comp.o
 .text.hw_asndcap_init
                0x0800a14c       0x18 ./src/platform/cmx/boot_comp.o
 .text.hw_activate
                0x0800a164       0x48 ./src/platform/cmx/boot_comp.o
 .text.mem_bootc_start
                0x0800a1ac       0x14 ./src/platform/cmx/boot_comp.o
 .text.mem_bootc_end
                0x0800a1c0       0x14 ./src/platform/cmx/boot_comp.o
 .text.mem_bootc_entry
                0x0800a1d4       0x14 ./src/platform/cmx/boot_comp.o
 .text.mem_boot_end
                0x0800a1e8       0x20 ./src/platform/cmx/boot_comp.o
 .text.mem_boot_nalloc_end
                0x0800a208       0x30 ./src/platform/cmx/boot_comp.o
 .text.mem_kmem_end
                0x0800a238       0x14 ./src/platform/cmx/boot_comp.o
 .text.mem_utmem_end
                0x0800a24c       0x10 ./src/platform/cmx/boot_comp.o
 .text.boot_nptes
                0x0800a25c       0x28 ./src/platform/cmx/boot_comp.o
                0x0800a25c                boot_nptes
 .text.boot_pgtbl_mappings_add
                0x0800a284      0x27c ./src/platform/cmx/boot_comp.o
                0x0800a284                boot_pgtbl_mappings_add
 .text.kern_boot_thd
                0x0800a500      0x250 ./src/platform/cmx/boot_comp.o
 .text.kern_boot_comp
                0x0800a750      0x418 ./src/platform/cmx/boot_comp.o
                0x0800a750                kern_boot_comp
 .text.kern_boot_upcall
                0x0800ab68       0x38 ./src/platform/cmx/boot_comp.o
                0x0800ab68                kern_boot_upcall
 .text.chal_user_upcall.isra.0
                0x0800aba0       0xb0 ./src/platform/cmx/boot_comp.o
 .text.chal_pa2va
                0x0800ac50        0x4 ./src/platform/cmx/chal.o
                0x0800ac50                chal_pa2va
 .text.chal_va2pa
                0x0800ac54        0x4 ./src/platform/cmx/chal.o
                0x0800ac54                chal_va2pa
 .text.chal_send_ipi
                0x0800ac58        0x4 ./src/platform/cmx/chal.o
                0x0800ac58                chal_send_ipi
 .text.chal_khalt
                0x0800ac5c        0x8 ./src/platform/cmx/chal.o
                0x0800ac5c                chal_khalt
 .text.chal_init
                0x0800ac64       0x18 ./src/platform/cmx/chal.o
                0x0800ac64                chal_init
 .text.cap_init
                0x0800ac7c        0x4 ./src/platform/cmx/kernel.o
 .text.comp_init
                0x0800ac80        0x4 ./src/platform/cmx/kernel.o
 .text.thd_init
                0x0800ac84        0x4 ./src/platform/cmx/kernel.o
 .text.kern_memory_setup
                0x0800ac88       0x90 ./src/platform/cmx/kernel.o
                0x0800ac88                kern_memory_setup
 .text.timer_init
                0x0800ad18       0x34 ./src/platform/cmx/kernel.o
                0x0800ad18                timer_init
 .text.SysTick_Handler
                0x0800ad4c       0x18 ./src/platform/cmx/kernel.o
                0x0800ad4c                SysTick_Handler
 .text.delay_us
                0x0800ad64       0x74 ./src/platform/cmx/kernel.o
                0x0800ad64                delay_us
 .text.main     0x0800add8       0x6c ./src/platform/cmx/kernel.o
                0x0800add8                main
 .text.khalt    0x0800ae44        0x4 ./src/platform/cmx/kernel.o
                0x0800ae44                khalt
 .text.printk   0x0800ae48        0x8 ./src/platform/cmx/kernel.o
                0x0800ae48                printk
 .text.assert_failed
                0x0800ae50        0x4 ./src/platform/cmx/kernel.o
                0x0800ae50                assert_failed
 .text.chal_tls_update
                0x0800ae54        0x4 ./src/platform/cmx/kernel.o
                0x0800ae54                chal_tls_update
 .text.chal_timer_set
                0x0800ae58        0x4 ./src/platform/cmx/kernel.o
                0x0800ae58                chal_timer_set
 .text.chal_timer_disable
                0x0800ae5c        0x4 ./src/platform/cmx/kernel.o
                0x0800ae5c                chal_timer_disable
 .text.chal_cyc_usec
                0x0800ae60        0x4 ./src/platform/cmx/kernel.o
                0x0800ae60                chal_cyc_usec
 .text.LCD_WR_REG
                0x0800ae64       0x24 ./src/platform/cmx/lcd.o
                0x0800ae64                LCD_WR_REG
 .text.LCD_WR_DATA
                0x0800ae88       0x24 ./src/platform/cmx/lcd.o
                0x0800ae88                LCD_WR_DATA
 .text.LCD_WriteReg
                0x0800aeac        0xc ./src/platform/cmx/lcd.o
                0x0800aeac                LCD_WriteReg
 .text.LCD_WriteRAM_Prepare
                0x0800aeb8       0x14 ./src/platform/cmx/lcd.o
                0x0800aeb8                LCD_WriteRAM_Prepare
 .text.LCD_SetCursor
                0x0800aecc      0x11c ./src/platform/cmx/lcd.o
                0x0800aecc                LCD_SetCursor
 .text.LCD_Scan_Dir
                0x0800afe8      0x200 ./src/platform/cmx/lcd.o
                0x0800afe8                LCD_Scan_Dir
 .text.LCD_Fast_DrawPoint
                0x0800b1e8      0x118 ./src/platform/cmx/lcd.o
                0x0800b1e8                LCD_Fast_DrawPoint
 .text.LCD_Display_Dir
                0x0800b300      0x154 ./src/platform/cmx/lcd.o
                0x0800b300                LCD_Display_Dir
 .text.LCD_Clear
                0x0800b454       0x48 ./src/platform/cmx/lcd.o
                0x0800b454                LCD_Clear
 .text.LCD_Init
                0x0800b49c       0x34 ./src/platform/cmx/lcd.o
                0x0800b49c                LCD_Init
 .text.LCD_ShowChar
                0x0800b4d0      0x10c ./src/platform/cmx/lcd.o
                0x0800b4d0                LCD_ShowChar
 .text.LCD_ShowString
                0x0800b5dc       0x58 ./src/platform/cmx/lcd.o
                0x0800b5dc                LCD_ShowString
 .text.LTDC_Select_Layer
                0x0800b634        0xc ./src/platform/cmx/ltdc.o
                0x0800b634                LTDC_Select_Layer
 .text.LTDC_Display_Dir
                0x0800b640       0x24 ./src/platform/cmx/ltdc.o
                0x0800b640                LTDC_Display_Dir
 .text.LTDC_Draw_Point
                0x0800b664       0x4c ./src/platform/cmx/ltdc.o
                0x0800b664                LTDC_Draw_Point
 .text.LTDC_Fill
                0x0800b6b0       0xac ./src/platform/cmx/ltdc.o
                0x0800b6b0                LTDC_Fill
 .text.LTDC_Clear
                0x0800b75c       0x28 ./src/platform/cmx/ltdc.o
                0x0800b75c                LTDC_Clear
 .text.LTDC_Clk_Set
                0x0800b784       0x20 ./src/platform/cmx/ltdc.o
                0x0800b784                LTDC_Clk_Set
 .text.LTDC_Layer_Window_Config
                0x0800b7a4       0x24 ./src/platform/cmx/ltdc.o
                0x0800b7a4                LTDC_Layer_Window_Config
 .text.LTDC_Layer_Parameter_Config
                0x0800b7c8       0x5c ./src/platform/cmx/ltdc.o
                0x0800b7c8                LTDC_Layer_Parameter_Config
 .text.LTDC_PanelID_Read
                0x0800b824       0xbc ./src/platform/cmx/ltdc.o
                0x0800b824                LTDC_PanelID_Read
 .text.LTDC_Init
                0x0800b8e0      0x1d4 ./src/platform/cmx/ltdc.o
                0x0800b8e0                LTDC_Init
 .text.HAL_LTDC_MspInit
                0x0800bab4       0xfc ./src/platform/cmx/ltdc.o
                0x0800bab4                HAL_LTDC_MspInit
 .text.HAL_SDRAM_MspInit
                0x0800bbb0       0xe4 ./src/platform/cmx/sdram.o
                0x0800bbb0                HAL_SDRAM_MspInit
 .text.SDRAM_Send_Cmd
                0x0800bc94       0x34 ./src/platform/cmx/sdram.o
                0x0800bc94                SDRAM_Send_Cmd
 .text.SDRAM_Initialization_Sequence
                0x0800bcc8       0x4c ./src/platform/cmx/sdram.o
                0x0800bcc8                SDRAM_Initialization_Sequence
 .text.SDRAM_Init
                0x0800bd14       0x64 ./src/platform/cmx/sdram.o
                0x0800bd14                SDRAM_Init
 .text.mem_boot_alloc
                0x0800bd78       0x9c ./src/platform/cmx/vm.o
                0x0800bd78                mem_boot_alloc
 .text.tcap_time2cyc
                0x0800be14       0x4c ./src/kernel/capinv.o
 .text.tcap_cyc2time
                0x0800be60       0x30 ./src/kernel/capinv.o
 .text.cycles_same
                0x0800be90       0x74 ./src/kernel/capinv.o
 .text.tcap_time_lessthan
                0x0800bf04       0x24 ./src/kernel/capinv.o
 .text.__captbl_cap2sz
                0x0800bf28       0x64 ./src/kernel/capinv.o
 .text.cos_mem_fence
                0x0800bf8c        0xc ./src/kernel/capinv.o
 .text.chal_remote_tlb_flush
                0x0800bf98       0x14 ./src/kernel/capinv.o
 .text.chal_flush_tlb
                0x0800bfac        0xc ./src/kernel/capinv.o
 .text.ert_defget
                0x0800bfb8       0x1c ./src/kernel/capinv.o
 .text.ert_defisnull
                0x0800bfd4       0x24 ./src/kernel/capinv.o
 .text.ert_defresolve
                0x0800bff8       0x1c ./src/kernel/capinv.o
 .text.ert_defset
                0x0800c014       0x20 ./src/kernel/capinv.o
 .text.ert_definit
                0x0800c034       0x1c ./src/kernel/capinv.o
 .text.__ert_maxid
                0x0800c050       0x48 ./src/kernel/capinv.o
 .text.__ert_init
                0x0800c098       0x9c ./src/kernel/capinv.o
 .text.ert_alloc
                0x0800c134      0x120 ./src/kernel/capinv.o
 .text.__ert_walk
                0x0800c254       0x70 ./src/kernel/capinv.o
 .text.__ert_lookup
                0x0800c2c4      0x200 ./src/kernel/capinv.o
 .text.__ert_expand
                0x0800c4c4      0x2c0 ./src/kernel/capinv.o
 .text.cos_cas  0x0800c784       0x58 ./src/kernel/capinv.o
 .text.cos_faa  0x0800c7dc       0x48 ./src/kernel/capinv.o
 .text.__ltbl_allocfn
                0x0800c824       0x3c ./src/kernel/capinv.o
 .text.__ltbl_isnull
                0x0800c860       0x18 ./src/kernel/capinv.o
 .text.__ltbl_setleaf
                0x0800c878       0x48 ./src/kernel/capinv.o
 .text.__ltbl_getleaf
                0x0800c8c0       0x18 ./src/kernel/capinv.o
 .text.__ltbl_lkupan
                0x0800c8d8       0x80 ./src/kernel/capinv.o
 .text.__ltbl_maxdepth
                0x0800c958       0x10 ./src/kernel/capinv.o
 .text.ltbl_isalive
                0x0800c968       0x50 ./src/kernel/capinv.o
 .text.ltbl_expire
                0x0800c9b8       0x84 ./src/kernel/capinv.o
 .text.ltbl_get
                0x0800ca3c       0x8c ./src/kernel/capinv.o
 .text.ltbl_get_timestamp
                0x0800cac8       0x88 ./src/kernel/capinv.o
 .text.ltbl_timestamp_update
                0x0800cb50       0x78 ./src/kernel/capinv.o
 .text.__captbl_cap2bytes
                0x0800cbc8       0x24 ./src/kernel/capinv.o
 .text.__captbl_allocfn
                0x0800cbec       0x5c ./src/kernel/capinv.o
 .text.__captbl_init
                0x0800cc48       0x24 ./src/kernel/capinv.o
 .text.captbl_init
                0x0800cc6c       0x98 ./src/kernel/capinv.o
 .text.__captbl_getleaf
                0x0800cd04       0xe0 ./src/kernel/capinv.o
 .text.__captbl_setleaf
                0x0800cde4       0x3c ./src/kernel/capinv.o
 .text.__captbl_get
                0x0800ce20       0x1c ./src/kernel/capinv.o
 .text.__captbl_alloc
                0x0800ce3c       0x6c ./src/kernel/capinv.o
 .text.__captbl_lkupan
                0x0800cea8       0x80 ./src/kernel/capinv.o
 .text.__captbl_lkupani
                0x0800cf28       0x80 ./src/kernel/capinv.o
 .text.__captbl_expandn
                0x0800cfa8       0x88 ./src/kernel/capinv.o
 .text.__captbl_maxid
                0x0800d030       0x64 ./src/kernel/capinv.o
 .text.__captbl_maxdepth
                0x0800d094       0x10 ./src/kernel/capinv.o
 .text.captbl_alloc
                0x0800d0a4       0x1c ./src/kernel/capinv.o
 .text.__captbl_header_validate
                0x0800d0c0       0x70 ./src/kernel/capinv.o
 .text.captbl_lkup_lvl
                0x0800d130       0x38 ./src/kernel/capinv.o
 .text.captbl_lkup
                0x0800d168       0x20 ./src/kernel/capinv.o
 .text.__captbl_store
                0x0800d188       0x2c ./src/kernel/capinv.o
 .text.captbl_add
                0x0800d1b4      0x454 ./src/kernel/capinv.o
 .text.captbl_del
                0x0800d608      0x1fc ./src/kernel/capinv.o
 .text.captbl_maxdepth
                0x0800d804       0x10 ./src/kernel/capinv.o
 .text.captbl_expand
                0x0800d814       0x8c ./src/kernel/capinv.o
 .text.captbl_create
                0x0800d8a0       0xd0 ./src/kernel/capinv.o
 .text.list_init
                0x0800d970       0x28 ./src/kernel/capinv.o
 .text.list_add_after
                0x0800d998       0x30 ./src/kernel/capinv.o
 .text.list_rem
                0x0800d9c8       0x34 ./src/kernel/capinv.o
 .text.list_empty
                0x0800d9fc       0x24 ./src/kernel/capinv.o
 .text.list_head_init
                0x0800da20       0x1c ./src/kernel/capinv.o
 .text.list_enqueue
                0x0800da3c       0x20 ./src/kernel/capinv.o
 .text.list_dequeue
                0x0800da5c       0x20 ./src/kernel/capinv.o
 .text.list_next
                0x0800da7c       0x18 ./src/kernel/capinv.o
 .text.list_first
                0x0800da94       0x1c ./src/kernel/capinv.o
 .text.tsc      0x0800dab0       0x18 ./src/kernel/capinv.o
 .text.cos_cpu_local_info
                0x0800dac8       0x24 ./src/kernel/capinv.o
 .text.get_cpuid
                0x0800daec       0x10 ./src/kernel/capinv.o
 .text.__pgtbl_a
                0x0800dafc       0x74 ./src/kernel/capinv.o
 .text.__pgtbl_get
                0x0800db70       0x38 ./src/kernel/capinv.o
 .text.__pgtbl_isnull
                0x0800dba8       0x2c ./src/kernel/capinv.o
 .text.__pgtbl_init
                0x0800dbd4       0x1c ./src/kernel/capinv.o
 .text.__pgtbl_setleaf
                0x0800dbf0       0x34 ./src/kernel/capinv.o
 .text.__pgtbl_update_leaf
                0x0800dc24       0x30 ./src/kernel/capinv.o
 .text.__pgtbl_set
                0x0800dc54       0x84 ./src/kernel/capinv.o
 .text.__pgtbl_getleaf
                0x0800dcd8       0x34 ./src/kernel/capinv.o
 .text.__pgtbl_alloc
                0x0800dd0c       0x6c ./src/kernel/capinv.o
 .text.__pgtbl_lkupan
                0x0800dd78       0x80 ./src/kernel/capinv.o
 .text.__pgtbl_lkupani
                0x0800ddf8       0x80 ./src/kernel/capinv.o
 .text.pgtbl_alloc
                0x0800de78       0x24 ./src/kernel/capinv.o
 .text.pgtbl_init_pte
                0x0800de9c       0x38 ./src/kernel/capinv.o
 .text.pgtbl_quie_check
                0x0800ded4       0x14 ./src/kernel/capinv.o
 .text.pgtbl_mapping_add
                0x0800dee8      0x148 ./src/kernel/capinv.o
 .text.pgtbl_mapping_del
                0x0800e030      0x128 ./src/kernel/capinv.o
 .text.pgtbl_lkup_lvl
                0x0800e158       0x30 ./src/kernel/capinv.o
 .text.pgtbl_ispresent
                0x0800e188       0x1c ./src/kernel/capinv.o
 .text.pgtbl_lkup_pte
                0x0800e1a4       0x2c ./src/kernel/capinv.o
 .text.pgtbl_get_cosframe
                0x0800e1d0       0x58 ./src/kernel/capinv.o
 .text.pgtbl_update
                0x0800e228       0x14 ./src/kernel/capinv.o
 .text.pgtbl_create
                0x0800e23c       0x3c ./src/kernel/capinv.o
 .text.pgtbl_mapping_scan
                0x0800e278       0xd8 ./src/kernel/capinv.o
 .text.__cap_capactivate_pre
                0x0800e350       0x8c ./src/kernel/capinv.o
 .text.__cap_capactivate_post
                0x0800e3dc       0x1c ./src/kernel/capinv.o
 .text.cap_capdeactivate
                0x0800e3f8       0x5c ./src/kernel/capinv.o
 .text.cap_kmem_activate
                0x0800e454       0xc0 ./src/kernel/capinv.o
 .text.cap_cons
                0x0800e514      0x208 ./src/kernel/capinv.o
 .text.cap_decons
                0x0800e71c      0x1e8 ./src/kernel/capinv.o
 .text.cap_kmem_freeze
                0x0800e904      0x130 ./src/kernel/capinv.o
 .text.kmem_page_scan
                0x0800ea34       0x44 ./src/kernel/capinv.o
 .text.comp_activate
                0x0800ea78      0x1ac ./src/kernel/capinv.o
 .text.comp_deactivate
                0x0800ec24       0x84 ./src/kernel/capinv.o
 .text.tcap_sched_info
                0x0800eca8       0x20 ./src/kernel/capinv.o
 .text.tcap_ref_take
                0x0800ecc8       0x1c ./src/kernel/capinv.o
 .text.tcap_ref_release
                0x0800ece4       0x1c ./src/kernel/capinv.o
 .text.tcap_ref
                0x0800ed00       0x18 ./src/kernel/capinv.o
 .text.tcap_rcvcap_thd
                0x0800ed18       0x18 ./src/kernel/capinv.o
 .text.tcap_is_active
                0x0800ed30       0x28 ./src/kernel/capinv.o
 .text.tcap_active_next
                0x0800ed58       0x1c ./src/kernel/capinv.o
 .text.tcap_active_rem
                0x0800ed74       0x1c ./src/kernel/capinv.o
 .text.tcap_consume
                0x0800ed90       0xc8 ./src/kernel/capinv.o
 .text.tcap_left
                0x0800ee58       0x18 ./src/kernel/capinv.o
 .text.tcap_expended
                0x0800ee70       0x24 ./src/kernel/capinv.o
 .text.tcap_setprio
                0x0800ee94       0x58 ./src/kernel/capinv.o
 .text.tcap_current
                0x0800eeec       0x18 ./src/kernel/capinv.o
 .text.tcap_current_set
                0x0800ef04       0x4c ./src/kernel/capinv.o
 .text.tcap_budgets_update
                0x0800ef50       0x70 ./src/kernel/capinv.o
 .text.tcap_timer_update
                0x0800efc0       0x9c ./src/kernel/capinv.o
 .text.tcap_higher_prio
                0x0800f05c       0xdc ./src/kernel/capinv.o
 .text.__userregs_getsp
                0x0800f138       0x18 ./src/kernel/capinv.o
 .text.__userregs_getip
                0x0800f150       0x18 ./src/kernel/capinv.o
 .text.__userregs_getcap
                0x0800f168       0x1c ./src/kernel/capinv.o
 .text.__userregs_getop
                0x0800f184       0x18 ./src/kernel/capinv.o
 .text.__userregs_getinvret
                0x0800f19c       0x18 ./src/kernel/capinv.o
 .text.__userregs_set
                0x0800f1b4       0x2c ./src/kernel/capinv.o
 .text.__userregs_setretvals
                0x0800f1e0       0x2c ./src/kernel/capinv.o
 .text.__userregs_sinvupdate
                0x0800f20c       0x34 ./src/kernel/capinv.o
 .text.__userregs_get1
                0x0800f240       0x18 ./src/kernel/capinv.o
 .text.__userregs_get2
                0x0800f258       0x18 ./src/kernel/capinv.o
 .text.__userregs_get3
                0x0800f270       0x18 ./src/kernel/capinv.o
 .text.__userregs_get4
                0x0800f288       0x18 ./src/kernel/capinv.o
 .text.copy_gp_regs
                0x0800f2a0       0x9c ./src/kernel/capinv.o
 .text.copy_all_regs
                0x0800f33c       0x9c ./src/kernel/capinv.o
 .text.thd_upcall_setup
                0x0800f3d8       0x64 ./src/kernel/capinv.o
 .text.thdid_alloc
                0x0800f43c       0x50 ./src/kernel/capinv.o
 .text.thd_rcvcap_take
                0x0800f48c       0x20 ./src/kernel/capinv.o
 .text.thd_rcvcap_release
                0x0800f4ac       0x20 ./src/kernel/capinv.o
 .text.thd_rcvcap_isreferenced
                0x0800f4cc       0x24 ./src/kernel/capinv.o
 .text.thd_bound2rcvcap
                0x0800f4f0       0x18 ./src/kernel/capinv.o
 .text.thd_rcvcap_tcap
                0x0800f508       0x18 ./src/kernel/capinv.o
 .text.thd_rcvcap_sched
                0x0800f520       0x28 ./src/kernel/capinv.o
 .text.thd_rcvcap_init
                0x0800f548       0x3c ./src/kernel/capinv.o
 .text.thd_rcvcap_evt_enqueue
                0x0800f584       0x40 ./src/kernel/capinv.o
 .text.thd_rcvcap_evt_dequeue
                0x0800f5c4       0x20 ./src/kernel/capinv.o
 .text.thd_rcvcap_pending
                0x0800f5e4       0x34 ./src/kernel/capinv.o
 .text.thd_rcvcap_get_counter
                0x0800f618       0x18 ./src/kernel/capinv.o
 .text.thd_rcvcap_set_counter
                0x0800f630       0x1c ./src/kernel/capinv.o
 .text.thd_rcvcap_pending_inc
                0x0800f64c       0x20 ./src/kernel/capinv.o
 .text.thd_rcvcap_pending_dec
                0x0800f66c       0x34 ./src/kernel/capinv.o
 .text.thd_state_evt_deliver
                0x0800f6a0       0xa8 ./src/kernel/capinv.o
 .text.thd_activate
                0x0800f748      0x14c ./src/kernel/capinv.o
 .text.thd_deactivate
                0x0800f894      0x180 ./src/kernel/capinv.o
 .text.thd_tls_set
                0x0800fa14       0x9c ./src/kernel/capinv.o
 .text.thd_current
                0x0800fab0       0x18 ./src/kernel/capinv.o
 .text.thd_current_update
                0x0800fac8       0x30 ./src/kernel/capinv.o
 .text.curr_invstk_inc
                0x0800faf8       0x1c ./src/kernel/capinv.o
 .text.curr_invstk_dec
                0x0800fb14       0x1c ./src/kernel/capinv.o
 .text.curr_invstk_top
                0x0800fb30       0x18 ./src/kernel/capinv.o
 .text.thd_invstk_current
                0x0800fb48       0x3c ./src/kernel/capinv.o
 .text.thd_invstk_push
                0x0800fb84       0x8c ./src/kernel/capinv.o
 .text.thd_invstk_pop
                0x0800fc10       0x44 ./src/kernel/capinv.o
 .text.thd_introspect
                0x0800fc54       0x18 ./src/kernel/capinv.o
 .text.sinv_activate
                0x0800fc6c       0x90 ./src/kernel/capinv.o
 .text.sinv_deactivate
                0x0800fcfc       0x24 ./src/kernel/capinv.o
 .text.sret_deactivate
                0x0800fd20       0x24 ./src/kernel/capinv.o
 .text.asnd_construct
                0x0800fd44       0x68 ./src/kernel/capinv.o
 .text.asnd_activate
                0x0800fdac       0xc8 ./src/kernel/capinv.o
 .text.asnd_deactivate
                0x0800fe74       0x24 ./src/kernel/capinv.o
 .text.__arcv_setup
                0x0800fe98       0xa4 ./src/kernel/capinv.o
 .text.__arcv_teardown
                0x0800ff3c       0x9c ./src/kernel/capinv.o
 .text.arcv_thd_notif
                0x0800ffd8       0x18 ./src/kernel/capinv.o
 .text.arcv_activate
                0x0800fff0      0x24c ./src/kernel/capinv.o
 .text.arcv_deactivate
                0x0801023c       0xb0 ./src/kernel/capinv.o
 .text.sinv_call
                0x080102ec       0xd4 ./src/kernel/capinv.o
 .text.sret_ret
                0x080103c0       0xa8 ./src/kernel/capinv.o
 .text.cos_ipi_ring_enqueue
                0x08010468       0x9c ./src/kernel/capinv.o
 .text.cos_cap_send_ipi
                0x08010504       0x3c ./src/kernel/capinv.o
 .text.hw_activate
                0x08010540       0x48 ./src/kernel/capinv.o
 .text.hw_deactivate
                0x08010588       0x24 ./src/kernel/capinv.o
 .text.hw_attach_rcvcap
                0x080105ac       0x88 ./src/kernel/capinv.o
 .text.hw_detach_rcvcap
                0x08010634       0x60 ./src/kernel/capinv.o
 .text.tlb_mandatory_flush
                0x08010694       0x5c ./src/kernel/capinv.o
                0x08010694                tlb_mandatory_flush
 .text.printfn  0x080106f0      0x140 ./src/kernel/capinv.o
 .text.kmem_unalloc
                0x08010830       0x68 ./src/kernel/capinv.o
 .text.kmem_deact_pre
                0x08010898      0x3dc ./src/kernel/capinv.o
                0x08010898                kmem_deact_pre
 .text.kmem_deact_post
                0x08010c74       0x78 ./src/kernel/capinv.o
                0x08010c74                kmem_deact_post
 .text.cap_cpy  0x08010cec      0x290 ./src/kernel/capinv.o
 .text.cap_move
                0x08010f7c      0x17c ./src/kernel/capinv.o
 .text.cap_thd_switch
                0x080110f8      0x2fc ./src/kernel/capinv.o
 .text.notify_parent
                0x080113f4       0xa4 ./src/kernel/capinv.o
 .text.notify_process
                0x08011498       0x48 ./src/kernel/capinv.o
 .text.asnd_process
                0x080114e0       0x34 ./src/kernel/capinv.o
 .text.cap_update
                0x08011514      0x1b0 ./src/kernel/capinv.o
 .text.cap_switch
                0x080116c4       0x40 ./src/kernel/capinv.o
 .text.cap_thd_op
                0x08011704      0x1e8 ./src/kernel/capinv.o
 .text.__cap_asnd_to_arcv
                0x080118ec       0x70 ./src/kernel/capinv.o
 .text.cap_asnd_op
                0x0801195c      0x118 ./src/kernel/capinv.o
 .text.expended_process
                0x08011a74       0xd8 ./src/kernel/capinv.o
                0x08011a74                expended_process
 .text.cap_arcv_op
                0x08011b4c      0x1a0 ./src/kernel/capinv.o
 .text.cap_introspect
                0x08011cec       0x5c ./src/kernel/capinv.o
 .text.composite_syscall_handler
                0x08011d48      0x1dc ./src/kernel/capinv.o
                0x08011d48                composite_syscall_handler
 .text.composite_syscall_slowpath
                0x08011f24     0x181c ./src/kernel/capinv.o
 .text.ert_defget
                0x08013740        0x4 ./src/kernel/captbl.o
 .text.ert_defisnull
                0x08013744        0xc ./src/kernel/captbl.o
 .text.ert_defresolve
                0x08013750        0x4 ./src/kernel/captbl.o
 .text.ert_defset
                0x08013754        0x8 ./src/kernel/captbl.o
 .text.__ltbl_isnull
                0x0801375c        0x4 ./src/kernel/captbl.o
 .text.__ltbl_getleaf
                0x08013760        0x4 ./src/kernel/captbl.o
 .text.__captbl_init
                0x08013764        0x8 ./src/kernel/captbl.o
 .text.__captbl_get
                0x0801376c        0x4 ./src/kernel/captbl.o
 .text.__captbl_getleaf
                0x08013770       0x50 ./src/kernel/captbl.o
 .text.__captbl_allocfn
                0x080137c0       0x3c ./src/kernel/captbl.o
 .text.captbl_leaflvl_scan
                0x080137fc      0x294 ./src/kernel/captbl.o
 .text.captbl_add
                0x08013a90      0x5a8 ./src/kernel/captbl.o
 .text.captbl_activate_boot
                0x08014038       0x44 ./src/kernel/captbl.o
                0x08014038                captbl_activate_boot
 .text.captbl_activate
                0x0801407c      0x120 ./src/kernel/captbl.o
                0x0801407c                captbl_activate
 .text.captbl_deactivate
                0x0801419c      0x52c ./src/kernel/captbl.o
                0x0801419c                captbl_deactivate
 .text.captbl_cons
                0x080146c8      0x4f8 ./src/kernel/captbl.o
                0x080146c8                captbl_cons
 .text.captbl_kmem_scan
                0x08014bc0       0x4c ./src/kernel/captbl.o
                0x08014bc0                captbl_kmem_scan
 .text.ltbl_init
                0x08014c0c       0x40 ./src/kernel/liveness_tbl.o
                0x08014c0c                ltbl_init
 .text.ert_defget
                0x08014c4c        0x4 ./src/kernel/pgtbl.o
 .text.ert_defisnull
                0x08014c50        0xc ./src/kernel/pgtbl.o
 .text.ert_defresolve
                0x08014c5c        0x4 ./src/kernel/pgtbl.o
 .text.__ltbl_isnull
                0x08014c60        0x4 ./src/kernel/pgtbl.o
 .text.__ltbl_getleaf
                0x08014c64        0x4 ./src/kernel/pgtbl.o
 .text.__captbl_get
                0x08014c68        0x4 ./src/kernel/pgtbl.o
 .text.__pgtbl_isnull
                0x08014c6c       0x10 ./src/kernel/pgtbl.o
 .text.__captbl_getleaf
                0x08014c7c       0x50 ./src/kernel/pgtbl.o
 .text.__pgtbl_get
                0x08014ccc       0x1c ./src/kernel/pgtbl.o
 .text.pgtbl_lkup_pte
                0x08014ce8       0xa8 ./src/kernel/pgtbl.o
 .text.pgtbl_mapping_add
                0x08014d90      0x178 ./src/kernel/pgtbl.o
 .text.pgtbl_kmem_act
                0x08014f08      0x1a4 ./src/kernel/pgtbl.o
                0x08014f08                pgtbl_kmem_act
 .text.tlb_quiescence_check
                0x080150ac       0x84 ./src/kernel/pgtbl.o
                0x080150ac                tlb_quiescence_check
 .text.cap_memactivate
                0x08015130      0x160 ./src/kernel/pgtbl.o
                0x08015130                cap_memactivate
 .text.pgtbl_activate
                0x08015290      0x61c ./src/kernel/pgtbl.o
                0x08015290                pgtbl_activate
 .text.pgtbl_deactivate
                0x080158ac      0x510 ./src/kernel/pgtbl.o
                0x080158ac                pgtbl_deactivate
 .text.cos_mem_fence
                0x08015dbc        0xc ./src/kernel/retype_tbl.o
 .text.cos_cas  0x08015dc8       0x58 ./src/kernel/retype_tbl.o
 .text.get_cpuid
                0x08015e20       0x10 ./src/kernel/retype_tbl.o
 .text.retypetbl_cas
                0x08015e30       0x20 ./src/kernel/retype_tbl.o
 .text.mod_ref_cnt
                0x08015e50      0x1dc ./src/kernel/retype_tbl.o
 .text.retypetbl_kern_ref
                0x0801602c       0x1c ./src/kernel/retype_tbl.o
                0x0801602c                retypetbl_kern_ref
 .text.retypetbl_ref
                0x08016048       0x20 ./src/kernel/retype_tbl.o
                0x08016048                retypetbl_ref
 .text.retypetbl_deref
                0x08016068       0x20 ./src/kernel/retype_tbl.o
                0x08016068                retypetbl_deref
 .text.mod_mem_type
                0x08016088      0x1f0 ./src/kernel/retype_tbl.o
 .text.retypetbl_retype2user
                0x08016278       0x1c ./src/kernel/retype_tbl.o
                0x08016278                retypetbl_retype2user
 .text.retypetbl_retype2kern
                0x08016294       0x1c ./src/kernel/retype_tbl.o
                0x08016294                retypetbl_retype2kern
 .text.retypetbl_retype2frame
                0x080162b0      0x39c ./src/kernel/retype_tbl.o
                0x080162b0                retypetbl_retype2frame
 .text.retype_tbl_init
                0x0801664c       0xb8 ./src/kernel/retype_tbl.o
                0x0801664c                retype_tbl_init
 .text.ert_defget
                0x08016704        0x4 ./src/kernel/tcap.o
 .text.ert_defisnull
                0x08016708        0xc ./src/kernel/tcap.o
 .text.ert_defresolve
                0x08016714        0x4 ./src/kernel/tcap.o
 .text.__ltbl_isnull
                0x08016718        0x4 ./src/kernel/tcap.o
 .text.__ltbl_getleaf
                0x0801671c        0x4 ./src/kernel/tcap.o
 .text.__captbl_get
                0x08016720        0x4 ./src/kernel/tcap.o
 .text.__captbl_getleaf
                0x08016724       0x50 ./src/kernel/tcap.o
 .text.__tcap_init
                0x08016774       0x90 ./src/kernel/tcap.o
 .text.__tcap_transfer
                0x08016804      0x14c ./src/kernel/tcap.o
 .text.tcap_delete
                0x08016950       0x68 ./src/kernel/tcap.o
 .text.__thd_exec_add
                0x080169b8        0xc ./src/kernel/tcap.o
                0x080169b8                __thd_exec_add
 .text.tcap_activate
                0x080169c4      0x630 ./src/kernel/tcap.o
                0x080169c4                tcap_activate
 .text.tcap_promote
                0x08016ff4        0x8 ./src/kernel/tcap.o
                0x08016ff4                tcap_promote
 .text.tcap_delegate
                0x08016ffc      0x270 ./src/kernel/tcap.o
                0x08016ffc                tcap_delegate
 .text.tcap_merge
                0x0801726c       0x74 ./src/kernel/tcap.o
                0x0801726c                tcap_merge
 .text.tcap_active_init
                0x080172e0       0x10 ./src/kernel/tcap.o
                0x080172e0                tcap_active_init
 .text          0x080172f0       0xa0 /home/pry/eclipse/gcc-arm-none-eabi-5_4-2016q3/bin/../lib/gcc/arm-none-eabi/5.4.1/armv7e-m/libgcc.a(_aeabi_ldivmod.o)
                0x080172f0                __aeabi_ldivmod
 .text          0x08017390      0x2e4 /home/pry/eclipse/gcc-arm-none-eabi-5_4-2016q3/bin/../lib/gcc/arm-none-eabi/5.4.1/armv7e-m/libgcc.a(_udivmoddi4.o)
                0x08017390                __udivmoddi4
 .text          0x08017674        0x4 /home/pry/eclipse/gcc-arm-none-eabi-5_4-2016q3/bin/../lib/gcc/arm-none-eabi/5.4.1/armv7e-m/libgcc.a(_dvmd_tls.o)
                0x08017674                __aeabi_ldiv0
                0x08017674                __aeabi_idiv0
 .text.memcpy   0x08017678       0x16 /home/pry/eclipse/gcc-arm-none-eabi-5_4-2016q3/bin/../lib/gcc/arm-none-eabi/5.4.1/../../../../arm-none-eabi/lib/armv7e-m/libg_nano.a(lib_a-memcpy-stub.o)
                0x08017678                memcpy
 .text.memset   0x0801768e       0x10 /home/pry/eclipse/gcc-arm-none-eabi-5_4-2016q3/bin/../lib/gcc/arm-none-eabi/5.4.1/../../../../arm-none-eabi/lib/armv7e-m/libg_nano.a(lib_a-memset.o)
                0x0801768e                memset
 *fill*         0x0801769e        0x2 
 .text.sprintf  0x080176a0       0x48 /home/pry/eclipse/gcc-arm-none-eabi-5_4-2016q3/bin/../lib/gcc/arm-none-eabi/5.4.1/../../../../arm-none-eabi/lib/armv7e-m/libg_nano.a(lib_a-sprintf.o)
                0x080176a0                sprintf
                0x080176a0                siprintf
 .text          0x080176e8       0x10 /home/pry/eclipse/gcc-arm-none-eabi-5_4-2016q3/bin/../lib/gcc/arm-none-eabi/5.4.1/../../../../arm-none-eabi/lib/armv7e-m/libg_nano.a(lib_a-strlen.o)
                0x080176e8                strlen
 .text.__ssputs_r
                0x080176f8       0xb2 /home/pry/eclipse/gcc-arm-none-eabi-5_4-2016q3/bin/../lib/gcc/arm-none-eabi/5.4.1/../../../../arm-none-eabi/lib/armv7e-m/libg_nano.a(lib_a-nano-svfprintf.o)
                0x080176f8                __ssputs_r
 *fill*         0x080177aa        0x2 
 .text._svfprintf_r
                0x080177ac      0x1e8 /home/pry/eclipse/gcc-arm-none-eabi-5_4-2016q3/bin/../lib/gcc/arm-none-eabi/5.4.1/../../../../arm-none-eabi/lib/armv7e-m/libg_nano.a(lib_a-nano-svfprintf.o)
                0x080177ac                _svfprintf_r
                0x080177ac                _svfiprintf_r
 .text._printf_common
                0x08017994       0xec /home/pry/eclipse/gcc-arm-none-eabi-5_4-2016q3/bin/../lib/gcc/arm-none-eabi/5.4.1/../../../../arm-none-eabi/lib/armv7e-m/libg_nano.a(lib_a-nano-vfprintf_i.o)
                0x08017994                _printf_common
 .text._printf_i
                0x08017a80      0x24c /home/pry/eclipse/gcc-arm-none-eabi-5_4-2016q3/bin/../lib/gcc/arm-none-eabi/5.4.1/../../../../arm-none-eabi/lib/armv7e-m/libg_nano.a(lib_a-nano-vfprintf_i.o)
                0x08017a80                _printf_i
 *fill*         0x08017ccc        0x4 
 .text          0x08017cd0       0xa0 /home/pry/eclipse/gcc-arm-none-eabi-5_4-2016q3/bin/../lib/gcc/arm-none-eabi/5.4.1/../../../../arm-none-eabi/lib/armv7e-m/libg_nano.a(lib_a-memchr.o)
                0x08017cd0                memchr
 .text.memmove  0x08017d70       0x36 /home/pry/eclipse/gcc-arm-none-eabi-5_4-2016q3/bin/../lib/gcc/arm-none-eabi/5.4.1/../../../../arm-none-eabi/lib/armv7e-m/libg_nano.a(lib_a-memmove.o)
                0x08017d70                memmove
 *fill*         0x08017da6        0x2 
 .text._free_r  0x08017da8       0x9c /home/pry/eclipse/gcc-arm-none-eabi-5_4-2016q3/bin/../lib/gcc/arm-none-eabi/5.4.1/../../../../arm-none-eabi/lib/armv7e-m/libg_nano.a(lib_a-nano-freer.o)
                0x08017da8                _free_r
 .text._malloc_r
                0x08017e44       0xbc /home/pry/eclipse/gcc-arm-none-eabi-5_4-2016q3/bin/../lib/gcc/arm-none-eabi/5.4.1/../../../../arm-none-eabi/lib/armv7e-m/libg_nano.a(lib_a-nano-mallocr.o)
                0x08017e44                _malloc_r
 .text._realloc_r
                0x08017f00       0x4c /home/pry/eclipse/gcc-arm-none-eabi-5_4-2016q3/bin/../lib/gcc/arm-none-eabi/5.4.1/../../../../arm-none-eabi/lib/armv7e-m/libg_nano.a(lib_a-nano-reallocr.o)
                0x08017f00                _realloc_r
 .text._sbrk_r  0x08017f4c       0x20 /home/pry/eclipse/gcc-arm-none-eabi-5_4-2016q3/bin/../lib/gcc/arm-none-eabi/5.4.1/../../../../arm-none-eabi/lib/armv7e-m/libg_nano.a(lib_a-sbrkr.o)
                0x08017f4c                _sbrk_r
 .text.__malloc_lock
                0x08017f6c        0x2 /home/pry/eclipse/gcc-arm-none-eabi-5_4-2016q3/bin/../lib/gcc/arm-none-eabi/5.4.1/../../../../arm-none-eabi/lib/armv7e-m/libg_nano.a(lib_a-mlock.o)
                0x08017f6c                __malloc_lock
 .text.__malloc_unlock
                0x08017f6e        0x2 /home/pry/eclipse/gcc-arm-none-eabi-5_4-2016q3/bin/../lib/gcc/arm-none-eabi/5.4.1/../../../../arm-none-eabi/lib/armv7e-m/libg_nano.a(lib_a-mlock.o)
                0x08017f6e                __malloc_unlock
 .text._malloc_usable_size_r
                0x08017f70       0x14 /home/pry/eclipse/gcc-arm-none-eabi-5_4-2016q3/bin/../lib/gcc/arm-none-eabi/5.4.1/../../../../arm-none-eabi/lib/armv7e-m/libg_nano.a(lib_a-nano-msizer.o)
                0x08017f70                _malloc_usable_size_r
 *(.rodata .rodata.* .constdata .constdata.*)
 .rodata.str1.4
                0x08017f84       0x3b ./src/platform/cmx/src/stm32f7-hal/stm32f7xx_hal_cortex.o
 *fill*         0x08017fbf        0x1 
 .rodata.str1.4
                0x08017fc0       0x39 ./src/platform/cmx/src/stm32f7-hal/stm32f7xx_hal_gpio.o
 *fill*         0x08017ff9        0x3 
 .rodata.str1.4
                0x08017ffc       0x39 ./src/platform/cmx/src/stm32f7-hal/stm32f7xx_hal_ltdc.o
 *fill*         0x08018035        0x3 
 .rodata.str1.4
                0x08018038       0x38 ./src/platform/cmx/src/stm32f7-hal/stm32f7xx_hal_rcc.o
 .rodata.str1.4
                0x08018070       0x3b ./src/platform/cmx/src/stm32f7-hal/stm32f7xx_hal_rcc_ex.o
 *fill*         0x080180ab        0x1 
 .rodata.str1.4
                0x080180ac       0x37 ./src/platform/cmx/src/stm32f7-hal/stm32f7xx_ll_fmc.o
 *fill*         0x080180e3        0x1 
 .rodata.AHBPrescTable
                0x080180e4       0x10 ./src/platform/cmx/src/cmsis/system_stm32f7xx.o
                0x080180e4                AHBPrescTable
 .rodata.str1.4
                0x080180f4      0x997 ./src/platform/cmx/boot_comp.o
                                0x9a3 (size before relaxing)
 *fill*         0x08018a8b        0x1 
 .rodata.__func__.6235
                0x08018a8c        0xa ./src/platform/cmx/boot_comp.o
 *fill*         0x08018a96        0x2 
 .rodata.__func__.6210
                0x08018a98        0xb ./src/platform/cmx/boot_comp.o
 *fill*         0x08018aa3        0x1 
 .rodata.__func__.6332
                0x08018aa4        0xf ./src/platform/cmx/boot_comp.o
 *fill*         0x08018ab3        0x1 
 .rodata.__func__.6481
                0x08018ab4       0x11 ./src/platform/cmx/boot_comp.o
 *fill*         0x08018ac5        0x3 
 .rodata.__func__.6511
                0x08018ac8       0x11 ./src/platform/cmx/boot_comp.o
 *fill*         0x08018ad9        0x3 
 .rodata.__func__.6282
                0x08018adc        0xd ./src/platform/cmx/boot_comp.o
 *fill*         0x08018ae9        0x3 
 .rodata.__func__.6671
                0x08018aec        0xe ./src/platform/cmx/boot_comp.o
 *fill*         0x08018afa        0x2 
 .rodata.__func__.6314
                0x08018afc        0xd ./src/platform/cmx/boot_comp.o
 *fill*         0x08018b09        0x3 
 .rodata.__func__.6882
                0x08018b0c        0xc ./src/platform/cmx/boot_comp.o
 .rodata.__func__.6847
                0x08018b18        0xa ./src/platform/cmx/boot_comp.o
 *fill*         0x08018b22        0x2 
 .rodata.__func__.7007
                0x08018b24       0x12 ./src/platform/cmx/boot_comp.o
 *fill*         0x08018b36        0x2 
 .rodata.__func__.7028
                0x08018b38       0x13 ./src/platform/cmx/boot_comp.o
 *fill*         0x08018b4b        0x1 
 .rodata.__func__.6438
                0x08018b4c       0x13 ./src/platform/cmx/boot_comp.o
 *fill*         0x08018b5f        0x1 
 .rodata.__func__.6618
                0x08018b60        0xb ./src/platform/cmx/boot_comp.o
 *fill*         0x08018b6b        0x1 
 .rodata.__func__.6432
                0x08018b6c        0x9 ./src/platform/cmx/boot_comp.o
 *fill*         0x08018b75        0x3 
 .rodata.__func__.7543
                0x08018b78        0xc ./src/platform/cmx/boot_comp.o
 .rodata.__func__.7621
                0x08018b84        0xd ./src/platform/cmx/boot_comp.o
 *fill*         0x08018b91        0x3 
 .rodata.__func__.7788
                0x08018b94        0xd ./src/platform/cmx/boot_comp.o
 *fill*         0x08018ba1        0x3 
 .rodata.__func__.7817
                0x08018ba4        0xe ./src/platform/cmx/boot_comp.o
 *fill*         0x08018bb2        0x2 
 .rodata.__func__.10575
                0x08018bb4       0x18 ./src/platform/cmx/boot_comp.o
 .rodata.__func__.7190
                0x08018bcc        0x9 ./src/platform/cmx/boot_comp.o
 *fill*         0x08018bd5        0x3 
 .rodata.__func__.10600
                0x08018bd8        0xe ./src/platform/cmx/boot_comp.o
 *fill*         0x08018be6        0x2 
 .rodata.__func__.7381
                0x08018be8        0xd ./src/platform/cmx/boot_comp.o
 *fill*         0x08018bf5        0x3 
 .rodata.__func__.10614
                0x08018bf8        0xf ./src/platform/cmx/boot_comp.o
 *fill*         0x08018c07        0x1 
 .rodata.asc2_2412
                0x08018c08      0xd5c ./src/platform/cmx/lcd.o
                0x08018c08                asc2_2412
 .rodata.asc2_1206
                0x08019964      0x474 ./src/platform/cmx/lcd.o
                0x08019964                asc2_1206
 .rodata.asc2_3216
                0x08019dd8     0x2f80 ./src/platform/cmx/lcd.o
                0x08019dd8                asc2_3216
 .rodata.asc2_1608
                0x0801cd58      0x5f0 ./src/platform/cmx/lcd.o
                0x0801cd58                asc2_1608
 .rodata.str1.4
                0x0801d348       0xa8 ./src/platform/cmx/vm.o
                                 0xd8 (size before relaxing)
 .rodata.__func__.10566
                0x0801d3f0        0xf ./src/platform/cmx/vm.o
 *fill*         0x0801d3ff        0x1 
 .rodata        0x0801d400      0xa80 ./src/kernel/capinv.o
 .rodata.__func__.4394
                0x0801de80        0xa ./src/kernel/capinv.o
 *fill*         0x0801de8a        0x2 
 .rodata.__func__.4369
                0x0801de8c        0xb ./src/kernel/capinv.o
 *fill*         0x0801de97        0x1 
 .rodata.__func__.6332
                0x0801de98        0xf ./src/kernel/capinv.o
 *fill*         0x0801dea7        0x1 
 .rodata.__func__.6481
                0x0801dea8       0x11 ./src/kernel/capinv.o
 *fill*         0x0801deb9        0x3 
 .rodata.__func__.6511
                0x0801debc       0x11 ./src/kernel/capinv.o
 *fill*         0x0801decd        0x3 
 .rodata.__func__.4441
                0x0801ded0        0xd ./src/kernel/capinv.o
 *fill*         0x0801dedd        0x3 
 .rodata.__func__.6671
                0x0801dee0        0xe ./src/kernel/capinv.o
 *fill*         0x0801deee        0x2 
 .rodata.__func__.4473
                0x0801def0        0xd ./src/kernel/capinv.o
 *fill*         0x0801defd        0x3 
 .rodata.__func__.6882
                0x0801df00        0xc ./src/kernel/capinv.o
 .rodata.__func__.6847
                0x0801df0c        0xa ./src/kernel/capinv.o
 *fill*         0x0801df16        0x2 
 .rodata.__func__.7007
                0x0801df18       0x12 ./src/kernel/capinv.o
 *fill*         0x0801df2a        0x2 
 .rodata.__func__.7048
                0x0801df2c       0x12 ./src/kernel/capinv.o
 *fill*         0x0801df3e        0x2 
 .rodata.__func__.7128
                0x0801df40       0x13 ./src/kernel/capinv.o
 *fill*         0x0801df53        0x1 
 .rodata.__func__.6438
                0x0801df54       0x13 ./src/kernel/capinv.o
 *fill*         0x0801df67        0x1 
 .rodata.__func__.6618
                0x0801df68        0xb ./src/kernel/capinv.o
 *fill*         0x0801df73        0x1 
 .rodata.__func__.6432
                0x0801df74        0x9 ./src/kernel/capinv.o
 *fill*         0x0801df7d        0x3 
 .rodata.__func__.6643
                0x0801df80        0xb ./src/kernel/capinv.o
 *fill*         0x0801df8b        0x1 
 .rodata.__func__.7543
                0x0801df8c        0xc ./src/kernel/capinv.o
 .rodata.__func__.7621
                0x0801df98        0xd ./src/kernel/capinv.o
 *fill*         0x0801dfa5        0x3 
 .rodata.__func__.7637
                0x0801dfa8        0xf ./src/kernel/capinv.o
 *fill*         0x0801dfb7        0x1 
 .rodata.__func__.7646
                0x0801dfb8        0xc ./src/kernel/capinv.o
 .rodata.__func__.7788
                0x0801dfc4        0xd ./src/kernel/capinv.o
 *fill*         0x0801dfd1        0x3 
 .rodata.__func__.7795
                0x0801dfd4       0x10 ./src/kernel/capinv.o
 .rodata.__func__.7817
                0x0801dfe4        0xe ./src/kernel/capinv.o
 *fill*         0x0801dff2        0x2 
 .rodata.__func__.7955
                0x0801dff4        0xd ./src/kernel/capinv.o
 *fill*         0x0801e001        0x3 
 .rodata.__func__.7970
                0x0801e004        0xf ./src/kernel/capinv.o
 *fill*         0x0801e013        0x1 
 .rodata.__func__.8038
                0x0801e014        0xf ./src/kernel/capinv.o
 *fill*         0x0801e023        0x1 
 .rodata.__func__.7609
                0x0801e024       0x16 ./src/kernel/capinv.o
 *fill*         0x0801e03a        0x2 
 .rodata.__func__.8048
                0x0801e03c        0xe ./src/kernel/capinv.o
 *fill*         0x0801e04a        0x2 
 .rodata.__func__.8086
                0x0801e04c        0xb ./src/kernel/capinv.o
 *fill*         0x0801e057        0x1 
 .rodata.__func__.7370
                0x0801e058        0xd ./src/kernel/capinv.o
 *fill*         0x0801e065        0x3 
 .rodata.__func__.7381
                0x0801e068        0xd ./src/kernel/capinv.o
 *fill*         0x0801e075        0x3 
 .rodata.__func__.8115
                0x0801e078        0xb ./src/kernel/capinv.o
 *fill*         0x0801e083        0x1 
 .rodata.__func__.8136
                0x0801e084        0xc ./src/kernel/capinv.o
 .rodata.__func__.8164
                0x0801e090       0x11 ./src/kernel/capinv.o
 *fill*         0x0801e0a1        0x3 
 .rodata.__func__.8186
                0x0801e0a4        0xc ./src/kernel/capinv.o
 .rodata.__func__.8214
                0x0801e0b0       0x1a ./src/kernel/capinv.o
 *fill*         0x0801e0ca        0x2 
 .rodata.__func__.8234
                0x0801e0cc       0x1b ./src/kernel/capinv.o
 *fill*         0x0801e0e7        0x1 
 .rodata.__func__.7177
                0x0801e0e8       0x12 ./src/kernel/capinv.o
 *fill*         0x0801e0fa        0x2 
 .rodata.__func__.7190
                0x0801e0fc        0x9 ./src/kernel/capinv.o
 *fill*         0x0801e105        0x3 
 .rodata.__func__.4441
                0x0801e108        0xd ./src/kernel/captbl.o
 *fill*         0x0801e115        0x3 
 .rodata.__func__.7319
                0x0801e118       0x11 ./src/kernel/captbl.o
 *fill*         0x0801e129        0x3 
 .rodata.__func__.6438
                0x0801e12c       0x13 ./src/kernel/captbl.o
 *fill*         0x0801e13f        0x1 
 .rodata.__func__.6618
                0x0801e140        0xb ./src/kernel/captbl.o
 *fill*         0x0801e14b        0x1 
 .rodata.str1.4
                0x0801e14c      0x12d ./src/kernel/captbl.o
                                0x1fd (size before relaxing)
 *fill*         0x0801e279        0x3 
 .rodata.__func__.4369
                0x0801e27c        0xb ./src/kernel/captbl.o
 *fill*         0x0801e287        0x1 
 .rodata.__func__.4473
                0x0801e288        0xd ./src/kernel/captbl.o
 *fill*         0x0801e295        0x3 
 .rodata.__func__.6481
                0x0801e298       0x11 ./src/kernel/captbl.o
 *fill*         0x0801e2a9        0x3 
 .rodata.__func__.6643
                0x0801e2ac        0xb ./src/kernel/captbl.o
 *fill*         0x0801e2b7        0x1 
 .rodata.__func__.7281
                0x0801e2b8       0x12 ./src/kernel/captbl.o
 *fill*         0x0801e2ca        0x2 
 .rodata.__func__.7307
                0x0801e2cc       0x14 ./src/kernel/captbl.o
 .rodata.__func__.7259
                0x0801e2e0        0xf ./src/kernel/pgtbl.o
 *fill*         0x0801e2ef        0x1 
 .rodata.__func__.4441
                0x0801e2f0        0xd ./src/kernel/pgtbl.o
 *fill*         0x0801e2fd        0x3 
 .rodata.__func__.6438
                0x0801e300       0x13 ./src/kernel/pgtbl.o
 *fill*         0x0801e313        0x1 
 .rodata.__func__.7284
                0x0801e314       0x10 ./src/kernel/pgtbl.o
 .rodata.__func__.7007
                0x0801e324       0x12 ./src/kernel/pgtbl.o
 *fill*         0x0801e336        0x2 
 .rodata.str1.4
                0x0801e338       0xb7 ./src/kernel/pgtbl.o
                                0x255 (size before relaxing)
 *fill*         0x0801e3ef        0x1 
 .rodata.__func__.6643
                0x0801e3f0        0xb ./src/kernel/pgtbl.o
 *fill*         0x0801e3fb        0x1 
 .rodata.__func__.7311
                0x0801e3fc       0x11 ./src/kernel/pgtbl.o
 *fill*         0x0801e40d        0x3 
 .rodata.__func__.6618
                0x0801e410        0xb ./src/kernel/pgtbl.o
 *fill*         0x0801e41b        0x1 
 .rodata        0x0801e41c       0xcd ./src/kernel/retype_tbl.o
 *fill*         0x0801e4e9        0x3 
 .rodata.__func__.6223
                0x0801e4ec        0xc ./src/kernel/retype_tbl.o
 .rodata.__func__.6244
                0x0801e4f8        0xd ./src/kernel/retype_tbl.o
 *fill*         0x0801e505        0x3 
 .rodata.__func__.6268
                0x0801e508       0x17 ./src/kernel/retype_tbl.o
 *fill*         0x0801e51f        0x1 
 .rodata.__func__.7768
                0x0801e520        0xe ./src/kernel/tcap.o
 *fill*         0x0801e52e        0x2 
 .rodata.__func__.7663
                0x0801e530        0xd ./src/kernel/tcap.o
 *fill*         0x0801e53d        0x3 
 .rodata.__func__.6282
                0x0801e540        0xd ./src/kernel/tcap.o
 *fill*         0x0801e54d        0x3 
 .rodata.__func__.7722
                0x0801e550        0xc ./src/kernel/tcap.o
 .rodata.__func__.7730
                0x0801e55c       0x13 ./src/kernel/tcap.o
 *fill*         0x0801e56f        0x1 
 .rodata.__func__.6618
                0x0801e570        0xb ./src/kernel/tcap.o
 *fill*         0x0801e57b        0x1 
 .rodata.str1.4
                0x0801e57c      0x13c ./src/kernel/tcap.o
                                0x266 (size before relaxing)
 .rodata.__func__.6438
                0x0801e6b8       0x13 ./src/kernel/tcap.o
 *fill*         0x0801e6cb        0x1 
 .rodata.__func__.7739
                0x0801e6cc       0x10 ./src/kernel/tcap.o
 .rodata.__func__.7778
                0x0801e6dc        0xb ./src/kernel/tcap.o
 *fill*         0x0801e6e7        0x1 
 .rodata.__func__.7749
                0x0801e6e8        0xe ./src/kernel/tcap.o
 .rodata.str1.1
                0x0801e6f6       0x11 /home/pry/eclipse/gcc-arm-none-eabi-5_4-2016q3/bin/../lib/gcc/arm-none-eabi/5.4.1/../../../../arm-none-eabi/lib/armv7e-m/libg_nano.a(lib_a-nano-svfprintf.o)
 .rodata.str1.1
                0x0801e707       0x22 /home/pry/eclipse/gcc-arm-none-eabi-5_4-2016q3/bin/../lib/gcc/arm-none-eabi/5.4.1/../../../../arm-none-eabi/lib/armv7e-m/libg_nano.a(lib_a-nano-vfprintf_i.o)
 *(vtable)
 *(.eh_frame*)
 *(.glue_7)
 .glue_7        0x0801e729        0x0 linker stubs
 *(.glue_7t)
 .glue_7t       0x0801e729        0x0 linker stubs

.vfp11_veneer   0x0801e72c        0x0
 .vfp11_veneer  0x0801e72c        0x0 linker stubs

.v4_bx          0x0801e72c        0x0
 .v4_bx         0x0801e72c        0x0 linker stubs

.iplt           0x0801e72c        0x0
 .iplt          0x0801e72c        0x0 ./src/platform/cmx/src/stm32f7-hal/stm32f7xx_hal.o

.ARM.extab
 *(.ARM.extab* .gnu.linkonce.armextab.*)
                0x0801e72c                . = ALIGN (0x4)
                0x0801e72c                __exidx_start = .

.ARM.exidx      0x0801e72c        0x8
 *(.ARM.exidx* .gnu.linkonce.armexidx.*)
 .ARM.exidx     0x0801e72c        0x8 /home/pry/eclipse/gcc-arm-none-eabi-5_4-2016q3/bin/../lib/gcc/arm-none-eabi/5.4.1/armv7e-m/libgcc.a(_udivmoddi4.o)
                0x0801e734                __exidx_end = .

.rel.dyn        0x0801e734        0x0
 .rel.iplt      0x0801e734        0x0 ./src/platform/cmx/src/stm32f7-hal/stm32f7xx_hal.o
                0x0801e734                . = ALIGN (0x4)
                0x0801e734                _etext = .
                0x0801e734                __etext = .
                0x08020000                _sidata = LOADADDR (.data)

.data           0x20052000     0x2064 load address 0x08020000
 FILL mask 0xff
                0x20052000                _sdata = .
                0x20052000                __data_start__ = .
 *(.data_begin .data_begin.*)
 *(.data .data.*)
 .data.SystemCoreClock
                0x20052000        0x4 ./src/platform/cmx/src/cmsis/system_stm32f7xx.o
                0x20052000                SystemCoreClock
 .data.free_thd_id
                0x20052004        0x4 ./src/platform/cmx/chal.o
                0x20052004                free_thd_id
 .data.rdtsc_sim
                0x20052008        0x8 ./src/platform/cmx/kernel.o
                0x20052008                rdtsc_sim
 .data.POINT_COLOR
                0x20052010        0x4 ./src/platform/cmx/lcd.o
                0x20052010                POINT_COLOR
 .data.BACK_COLOR
                0x20052014        0x4 ./src/platform/cmx/lcd.o
                0x20052014                BACK_COLOR
 *fill*         0x20052018      0xfe8 ff
 .data.boot_comp_pgd
                0x20053000     0x1000 ./src/platform/cmx/vm.o
                0x20053000                boot_comp_pgd
 .data.impure_data
                0x20054000       0x60 /home/pry/eclipse/gcc-arm-none-eabi-5_4-2016q3/bin/../lib/gcc/arm-none-eabi/5.4.1/../../../../arm-none-eabi/lib/armv7e-m/libg_nano.a(lib_a-impure.o)
 .data._impure_ptr
                0x20054060        0x4 /home/pry/eclipse/gcc-arm-none-eabi-5_4-2016q3/bin/../lib/gcc/arm-none-eabi/5.4.1/../../../../arm-none-eabi/lib/armv7e-m/libg_nano.a(lib_a-impure.o)
                0x20054060                _impure_ptr
 *(.data_end .data_end.*)
                0x20054064                . = ALIGN (0x4)
                0x20054064                _edata = .
                0x20054064                __data_end__ = .

.igot.plt       0x20054064        0x0 load address 0x08022064
 .igot.plt      0x20054064        0x0 ./src/platform/cmx/src/stm32f7-hal/stm32f7xx_hal.o

.bss            0x20055000     0xaa44 load address 0x08022064
                0x20055000                __bss_start__ = .
                0x20055000                _sbss = .
 *(.bss_begin .bss_begin.*)
 *(.bss .bss.*)
 .bss           0x20055000       0x10 /home/pry/eclipse/gcc-arm-none-eabi-5_4-2016q3/bin/../lib/gcc/arm-none-eabi/5.4.1/armv7e-m/libgcc.a(_ctors.o)
                0x20055000                __DTOR_LIST__
                0x20055008                __CTOR_LIST__
 .bss.__malloc_sbrk_start
                0x20055010        0x4 /home/pry/eclipse/gcc-arm-none-eabi-5_4-2016q3/bin/../lib/gcc/arm-none-eabi/5.4.1/../../../../arm-none-eabi/lib/armv7e-m/libg_nano.a(lib_a-nano-mallocr.o)
                0x20055010                __malloc_sbrk_start
 .bss.__malloc_free_list
                0x20055014        0x4 /home/pry/eclipse/gcc-arm-none-eabi-5_4-2016q3/bin/../lib/gcc/arm-none-eabi/5.4.1/../../../../arm-none-eabi/lib/armv7e-m/libg_nano.a(lib_a-nano-mallocr.o)
                0x20055014                __malloc_free_list
 *(COMMON)
 COMMON         0x20055018        0x4 ./src/platform/cmx/src/stm32f7-hal/stm32f7xx_hal.o
                0x20055018                uwTick
 COMMON         0x2005501c     0x3800 ./src/platform/cmx/boot_comp.o
                0x2005501c                hw_asnd_caps
 *fill*         0x2005881c      0x7e4 
 COMMON         0x20059000     0x1004 ./src/platform/cmx/chal.o
                0x20059000                timer_detector
                0x2005a000                chal_kernel_mem_pa
 COMMON         0x2005a004       0x20 ./src/platform/cmx/kernel.o
                0x2005a004                glb_memlayout
 COMMON         0x2005a024       0x5c ./src/platform/cmx/lcd.o
                0x2005a024                lcddev
                0x2005a034                SRAM_Handler
 COMMON         0x2005a080      0x128 ./src/platform/cmx/ltdc.o
                0x2005a080                ltdc_framebuf
                0x2005a088                LTDC_Handler
                0x2005a130                DMA2D_Handler
                0x2005a188                lcdltdc
 COMMON         0x2005a1a8       0x34 ./src/platform/cmx/sdram.o
                0x2005a1a8                SDRAM_Handler
 *fill*         0x2005a1dc       0x24 
 COMMON         0x2005a200     0x4040 ./src/platform/cmx/vm.o
                0x2005a200                tlb_quiescence
                0x2005a240                __liveness_tbl
 COMMON         0x2005e240      0x340 ./src/kernel/capinv.o
                0x2005e240                intime
                0x2005e280                IPI_cap_dest
 COMMON         0x2005e580     0x14c0 ./src/kernel/retype_tbl.o
                0x2005e580                glb_retype_tbl
                0x2005f600                retype_tbl
 COMMON         0x2005fa40        0x4 /home/pry/eclipse/gcc-arm-none-eabi-5_4-2016q3/bin/../lib/gcc/arm-none-eabi/5.4.1/../../../../arm-none-eabi/lib/armv7e-m/libg_nano.a(lib_a-reent.o)
                0x2005fa40                errno
 *(.bss_end .bss_end.*)
                0x2005fa44                . = ALIGN (0x4)
                0x2005fa44                __bss_end__ = .
                0x2005fa44                _ebss = .

.noinit         0x2005fa44        0x0 load address 0x08022064
                0x2005fa44                _noinit = .
 *(.noinit .noinit.*)
                0x2005fa44                . = ALIGN (0x4)
                0x2005fa44                _end_noinit = .
                [!provide]                PROVIDE (end, _end_noinit)
                [!provide]                PROVIDE (_end, _end_noinit)
                [!provide]                PROVIDE (__end, _end_noinit)
                [!provide]                PROVIDE (__end__, _end_noinit)

._check_stack   0x2005fa44      0x100 load address 0x08022064
                0x2005fb44                . = (. + _Minimum_Stack_Size)
 *fill*         0x2005fa44      0x100 

.erwmem0        0xc0000000   0x1f4000
 *(.erw0text)
 *(.erw0data)
 .erw0data      0xc0000000   0x1f4000 ./src/platform/cmx/ltdc.o
                0xc0000000                ltdc_lcd_framebuf

.stab
 *(.stab)

.stabstr
 *(.stabstr)

.stab.excl
 *(.stab.excl)

.stab.exclstr
 *(.stab.exclstr)

.stab.index
 *(.stab.index)

.stab.indexstr
 *(.stab.indexstr)

.comment        0x00000000       0x6e
 *(.comment)
 .comment       0x00000000       0x6e ./src/platform/cmx/src/stm32f7-hal/stm32f7xx_hal.o
                                 0x6f (size before relaxing)
 .comment       0x0000006e       0x6f ./src/platform/cmx/src/stm32f7-hal/stm32f7xx_hal_cortex.o
 .comment       0x0000006e       0x6f ./src/platform/cmx/src/stm32f7-hal/stm32f7xx_hal_gpio.o
 .comment       0x0000006e       0x6f ./src/platform/cmx/src/stm32f7-hal/stm32f7xx_hal_ltdc.o
 .comment       0x0000006e       0x6f ./src/platform/cmx/src/stm32f7-hal/stm32f7xx_hal_pwr_ex.o
 .comment       0x0000006e       0x6f ./src/platform/cmx/src/stm32f7-hal/stm32f7xx_hal_rcc.o
 .comment       0x0000006e       0x6f ./src/platform/cmx/src/stm32f7-hal/stm32f7xx_hal_rcc_ex.o
 .comment       0x0000006e       0x6f ./src/platform/cmx/src/stm32f7-hal/stm32f7xx_hal_sdram.o
 .comment       0x0000006e       0x6f ./src/platform/cmx/src/stm32f7-hal/stm32f7xx_ll_fmc.o
 .comment       0x0000006e       0x6f ./src/platform/cmx/src/cmsis/startup_stm32f767.o
 .comment       0x0000006e       0x6f ./src/platform/cmx/src/cmsis/system_stm32f7xx.o
 .comment       0x0000006e       0x6f ./src/platform/cmx/boot_comp.o
 .comment       0x0000006e       0x6f ./src/platform/cmx/chal.o
 .comment       0x0000006e       0x6f ./src/platform/cmx/kernel.o
 .comment       0x0000006e       0x6f ./src/platform/cmx/lcd.o
 .comment       0x0000006e       0x6f ./src/platform/cmx/ltdc.o
 .comment       0x0000006e       0x6f ./src/platform/cmx/sdram.o
 .comment       0x0000006e       0x6f ./src/platform/cmx/utmem.o
 .comment       0x0000006e       0x6f ./src/platform/cmx/vm.o
 .comment       0x0000006e       0x6f ./src/kernel/capinv.o
 .comment       0x0000006e       0x6f ./src/kernel/captbl.o
 .comment       0x0000006e       0x6f ./src/kernel/liveness_tbl.o
 .comment       0x0000006e       0x6f ./src/kernel/pgtbl.o
 .comment       0x0000006e       0x6f ./src/kernel/retype_tbl.o
 .comment       0x0000006e       0x6f ./src/kernel/tcap.o
 .comment       0x0000006e      0x1bc ./src/components/mb_comp.o

.ARM.attributes
                0x00000000       0x31
 .ARM.attributes
                0x00000000       0x33 ./src/platform/cmx/src/stm32f7-hal/stm32f7xx_hal.o
 .ARM.attributes
                0x00000033       0x33 ./src/platform/cmx/src/stm32f7-hal/stm32f7xx_hal_cortex.o
 .ARM.attributes
                0x00000066       0x33 ./src/platform/cmx/src/stm32f7-hal/stm32f7xx_hal_gpio.o
 .ARM.attributes
                0x00000099       0x33 ./src/platform/cmx/src/stm32f7-hal/stm32f7xx_hal_ltdc.o
 .ARM.attributes
                0x000000cc       0x33 ./src/platform/cmx/src/stm32f7-hal/stm32f7xx_hal_pwr_ex.o
 .ARM.attributes