Archive member included to satisfy reference by file (symbol)

/home/pry/eclipse/gcc-arm-none-eabi-5_4-2016q3/bin/../lib/gcc/arm-none-eabi/5.4.1/armv7e-m/libgcc.a(_arm_addsubdf3.o)
                              ./src/platform/cmx/lcd.o (__aeabi_i2d)
/home/pry/eclipse/gcc-arm-none-eabi-5_4-2016q3/bin/../lib/gcc/arm-none-eabi/5.4.1/armv7e-m/libgcc.a(_arm_muldivdf3.o)
                              ./src/platform/cmx/lcd.o (__aeabi_dmul)
/home/pry/eclipse/gcc-arm-none-eabi-5_4-2016q3/bin/../lib/gcc/arm-none-eabi/5.4.1/armv7e-m/libgcc.a(_arm_fixunsdfsi.o)
                              ./src/platform/cmx/lcd.o (__aeabi_d2uiz)
/home/pry/eclipse/gcc-arm-none-eabi-5_4-2016q3/bin/../lib/gcc/arm-none-eabi/5.4.1/armv7e-m/libgcc.a(_aeabi_ldivmod.o)
                              ./src/components/mb_comp.o (__aeabi_ldivmod)
/home/pry/eclipse/gcc-arm-none-eabi-5_4-2016q3/bin/../lib/gcc/arm-none-eabi/5.4.1/armv7e-m/libgcc.a(_ctors.o)
                              ./src/components/mb_comp.o (__CTOR_LIST__)
/home/pry/eclipse/gcc-arm-none-eabi-5_4-2016q3/bin/../lib/gcc/arm-none-eabi/5.4.1/armv7e-m/libgcc.a(_udivmoddi4.o)
                              /home/pry/eclipse/gcc-arm-none-eabi-5_4-2016q3/bin/../lib/gcc/arm-none-eabi/5.4.1/armv7e-m/libgcc.a(_aeabi_ldivmod.o) (__udivmoddi4)
/home/pry/eclipse/gcc-arm-none-eabi-5_4-2016q3/bin/../lib/gcc/arm-none-eabi/5.4.1/armv7e-m/libgcc.a(_dvmd_tls.o)
                              /home/pry/eclipse/gcc-arm-none-eabi-5_4-2016q3/bin/../lib/gcc/arm-none-eabi/5.4.1/armv7e-m/libgcc.a(_aeabi_ldivmod.o) (__aeabi_ldiv0)
/home/pry/eclipse/gcc-arm-none-eabi-5_4-2016q3/bin/../lib/gcc/arm-none-eabi/5.4.1/../../../../arm-none-eabi/lib/armv7e-m/libg_nano.a(lib_a-memcpy-stub.o)
                              ./src/platform/cmx/boot_comp.o (memcpy)
/home/pry/eclipse/gcc-arm-none-eabi-5_4-2016q3/bin/../lib/gcc/arm-none-eabi/5.4.1/../../../../arm-none-eabi/lib/armv7e-m/libg_nano.a(lib_a-memset.o)
                              ./src/platform/cmx/boot_comp.o (memset)
/home/pry/eclipse/gcc-arm-none-eabi-5_4-2016q3/bin/../lib/gcc/arm-none-eabi/5.4.1/../../../../arm-none-eabi/lib/armv7e-m/libg_nano.a(lib_a-sprintf.o)
                              ./src/components/mb_comp.o (sprintf)
/home/pry/eclipse/gcc-arm-none-eabi-5_4-2016q3/bin/../lib/gcc/arm-none-eabi/5.4.1/../../../../arm-none-eabi/lib/armv7e-m/libg_nano.a(lib_a-strlen.o)
                              ./src/components/mb_comp.o (strlen)
/home/pry/eclipse/gcc-arm-none-eabi-5_4-2016q3/bin/../lib/gcc/arm-none-eabi/5.4.1/../../../../arm-none-eabi/lib/armv7e-m/libg_nano.a(lib_a-impure.o)
                              /home/pry/eclipse/gcc-arm-none-eabi-5_4-2016q3/bin/../lib/gcc/arm-none-eabi/5.4.1/../../../../arm-none-eabi/lib/armv7e-m/libg_nano.a(lib_a-sprintf.o) (_impure_ptr)
/home/pry/eclipse/gcc-arm-none-eabi-5_4-2016q3/bin/../lib/gcc/arm-none-eabi/5.4.1/../../../../arm-none-eabi/lib/armv7e-m/libg_nano.a(lib_a-nano-svfprintf.o)
                              /home/pry/eclipse/gcc-arm-none-eabi-5_4-2016q3/bin/../lib/gcc/arm-none-eabi/5.4.1/../../../../arm-none-eabi/lib/armv7e-m/libg_nano.a(lib_a-sprintf.o) (_svfprintf_r)
/home/pry/eclipse/gcc-arm-none-eabi-5_4-2016q3/bin/../lib/gcc/arm-none-eabi/5.4.1/../../../../arm-none-eabi/lib/armv7e-m/libg_nano.a(lib_a-nano-vfprintf_i.o)
                              /home/pry/eclipse/gcc-arm-none-eabi-5_4-2016q3/bin/../lib/gcc/arm-none-eabi/5.4.1/../../../../arm-none-eabi/lib/armv7e-m/libg_nano.a(lib_a-nano-svfprintf.o) (_printf_i)
/home/pry/eclipse/gcc-arm-none-eabi-5_4-2016q3/bin/../lib/gcc/arm-none-eabi/5.4.1/../../../../arm-none-eabi/lib/armv7e-m/libg_nano.a(lib_a-memchr.o)
                              /home/pry/eclipse/gcc-arm-none-eabi-5_4-2016q3/bin/../lib/gcc/arm-none-eabi/5.4.1/../../../../arm-none-eabi/lib/armv7e-m/libg_nano.a(lib_a-nano-svfprintf.o) (memchr)
/home/pry/eclipse/gcc-arm-none-eabi-5_4-2016q3/bin/../lib/gcc/arm-none-eabi/5.4.1/../../../../arm-none-eabi/lib/armv7e-m/libg_nano.a(lib_a-memmove.o)
                              /home/pry/eclipse/gcc-arm-none-eabi-5_4-2016q3/bin/../lib/gcc/arm-none-eabi/5.4.1/../../../../arm-none-eabi/lib/armv7e-m/libg_nano.a(lib_a-nano-svfprintf.o) (memmove)
/home/pry/eclipse/gcc-arm-none-eabi-5_4-2016q3/bin/../lib/gcc/arm-none-eabi/5.4.1/../../../../arm-none-eabi/lib/armv7e-m/libg_nano.a(lib_a-nano-freer.o)
                              /home/pry/eclipse/gcc-arm-none-eabi-5_4-2016q3/bin/../lib/gcc/arm-none-eabi/5.4.1/../../../../arm-none-eabi/lib/armv7e-m/libg_nano.a(lib_a-nano-svfprintf.o) (_free_r)
/home/pry/eclipse/gcc-arm-none-eabi-5_4-2016q3/bin/../lib/gcc/arm-none-eabi/5.4.1/../../../../arm-none-eabi/lib/armv7e-m/libg_nano.a(lib_a-nano-mallocr.o)
                              /home/pry/eclipse/gcc-arm-none-eabi-5_4-2016q3/bin/../lib/gcc/arm-none-eabi/5.4.1/../../../../arm-none-eabi/lib/armv7e-m/libg_nano.a(lib_a-nano-svfprintf.o) (_malloc_r)
[...]
Memory Configuration

Name             Origin             Length             Attributes
RAM              0x20000000         0x00080000         xrw
FLASH            0x08000000         0x00100000         xr
EROMEM0          0x00000000         0x00000000         xr
ERWMEM0          0xc0000000         0x02000000         xrw
*default*        0x00000000         0xffffffff

Linker script and memory map

LOAD ./src/platform/cmx/src/stm32f7-hal/stm32f7xx_hal.o
LOAD ./src/platform/cmx/src/stm32f7-hal/stm32f7xx_hal_cortex.o
LOAD ./src/platform/cmx/src/stm32f7-hal/stm32f7xx_hal_dma.o
LOAD ./src/platform/cmx/src/stm32f7-hal/stm32f7xx_hal_dma2d.o
LOAD ./src/platform/cmx/src/stm32f7-hal/stm32f7xx_hal_dma_ex.o
LOAD ./src/platform/cmx/src/stm32f7-hal/stm32f7xx_hal_gpio.o
LOAD ./src/platform/cmx/src/stm32f7-hal/stm32f7xx_hal_ltdc.o
LOAD ./src/platform/cmx/src/stm32f7-hal/stm32f7xx_hal_nand.o
LOAD ./src/platform/cmx/src/stm32f7-hal/stm32f7xx_hal_nor.o
LOAD ./src/platform/cmx/src/stm32f7-hal/stm32f7xx_hal_pwr.o
LOAD ./src/platform/cmx/src/stm32f7-hal/stm32f7xx_hal_pwr_ex.o
LOAD ./src/platform/cmx/src/stm32f7-hal/stm32f7xx_hal_rcc.o
LOAD ./src/platform/cmx/src/stm32f7-hal/stm32f7xx_hal_rcc_ex.o
LOAD ./src/platform/cmx/src/stm32f7-hal/stm32f7xx_hal_sdram.o
LOAD ./src/platform/cmx/src/stm32f7-hal/stm32f7xx_hal_sram.o
LOAD ./src/platform/cmx/src/stm32f7-hal/stm32f7xx_ll_fmc.o
LOAD ./src/platform/cmx/src/cmsis/startup_stm32f767.o
LOAD ./src/platform/cmx/src/cmsis/system_stm32f7xx.o
LOAD ./src/platform/cmx/boot_comp.o
LOAD ./src/platform/cmx/chal.o
LOAD ./src/platform/cmx/entry.o
LOAD ./src/platform/cmx/kernel.o
LOAD ./src/platform/cmx/lcd.o
LOAD ./src/platform/cmx/ltdc.o
LOAD ./src/platform/cmx/sdram.o
LOAD ./src/platform/cmx/utmem.o
LOAD ./src/platform/cmx/vm.o
LOAD ./src/kernel/capinv.o
LOAD ./src/kernel/captbl.o
LOAD ./src/kernel/liveness_tbl.o
LOAD ./src/kernel/pgtbl.o
LOAD ./src/kernel/retype_tbl.o
LOAD ./src/kernel/tcap.o
LOAD ./src/components/mb_comp.o
LOAD /home/pry/eclipse/gcc-arm-none-eabi-5_4-2016q3/bin/../lib/gcc/arm-none-eabi/5.4.1/../../../../arm-none-eabi/lib/armv7e-m/libstdc++_nano.a
LOAD /home/pry/eclipse/gcc-arm-none-eabi-5_4-2016q3/bin/../lib/gcc/arm-none-eabi/5.4.1/../../../../arm-none-eabi/lib/armv7e-m/libm.a
START GROUP
LOAD /home/pry/eclipse/gcc-arm-none-eabi-5_4-2016q3/bin/../lib/gcc/arm-none-eabi/5.4.1/armv7e-m/libgcc.a
LOAD /home/pry/eclipse/gcc-arm-none-eabi-5_4-2016q3/bin/../lib/gcc/arm-none-eabi/5.4.1/../../../../arm-none-eabi/lib/armv7e-m/libg_nano.a
LOAD /home/pry/eclipse/gcc-arm-none-eabi-5_4-2016q3/bin/../lib/gcc/arm-none-eabi/5.4.1/../../../../arm-none-eabi/lib/armv7e-m/libc_nano.a
END GROUP
START GROUP
LOAD /home/pry/eclipse/gcc-arm-none-eabi-5_4-2016q3/bin/../lib/gcc/arm-none-eabi/5.4.1/armv7e-m/libgcc.a
LOAD /home/pry/eclipse/gcc-arm-none-eabi-5_4-2016q3/bin/../lib/gcc/arm-none-eabi/5.4.1/../../../../arm-none-eabi/lib/armv7e-m/libc_nano.a
END GROUP
                0x20080000                __stack = (ORIGIN (RAM) + LENGTH (RAM))
                0x20080000                _estack = __stack
                0x00000400                __Main_Stack_Size = 0x400
                [!provide]                PROVIDE (_Main_Stack_Size, __Main_Stack_Size)
                0x2007fc00                __Main_Stack_Limit = (__stack - __Main_Stack_Size)
                [!provide]                PROVIDE (_Main_Stack_Limit, __Main_Stack_Limit)
                0x00000100                _Minimum_Stack_Size = 0x100
                [!provide]                PROVIDE (_Heap_Begin, _end_noinit)
                0x2007fc00                PROVIDE (_Heap_Limit, (__stack - __Main_Stack_Size))

.isr_vector     0x08000000      0x3b0
 FILL mask 0xff
                0x08000000                __vectors_start = ABSOLUTE (.)
                0x08000000                __vectors_start__ = ABSOLUTE (.)
 *(.isr_vector)
 .isr_vector    0x08000000      0x1f8 ./src/platform/cmx/src/cmsis/startup_stm32f767.o
                0x08000000                __isr_vectors
 *(.cfmconfig)
 *(.after_vectors .after_vectors.*)
 .after_vectors
                0x080001f8      0x1b8 ./src/platform/cmx/src/cmsis/startup_stm32f767.o
                0x080001f8                NMI_Handler
                0x080001fc                HardFault_Handler
                0x08000200                MemManage_Handler
                0x08000204                BusFault_Handler
                0x08000208                UsageFault_Handler
                0x0800020c                SVC_Handler
                0x08000280                DebugMon_Handler
                0x08000284                PendSV_Handler
                0x0800028c                RTC_Alarm_IRQHandler
                0x0800028c                EXTI2_IRQHandler
                0x0800028c                TIM8_CC_IRQHandler
                0x0800028c                UART8_IRQHandler
                0x0800028c                SPI4_IRQHandler
                0x0800028c                TIM1_CC_IRQHandler
                0x0800028c                DMA2_Stream5_IRQHandler
                0x0800028c                JPEG_IRQHandler
                0x0800028c                DMA1_Stream5_IRQHandler
                0x0800028c                CAN3_RX1_IRQHandler
                0x0800028c                PVD_IRQHandler
                0x0800028c                TAMP_STAMP_IRQHandler
                0x0800028c                CAN2_RX1_IRQHandler
                0x0800028c                EXTI3_IRQHandler
                0x0800028c                TIM8_TRG_COM_TIM14_IRQHandler
                0x0800028c                DFSDM1_FLT1_IRQHandler
                0x0800028c                TIM1_UP_TIM10_IRQHandler
                0x0800028c                TIM8_UP_TIM13_IRQHandler
                0x0800028c                I2C3_ER_IRQHandler
                0x0800028c                DFSDM1_FLT2_IRQHandler
                0x0800028c                EXTI0_IRQHandler
                0x0800028c                I2C2_EV_IRQHandler
                0x0800028c                DMA1_Stream2_IRQHandler
                0x0800028c                CAN1_RX0_IRQHandler
                0x0800028c                FPU_IRQHandler
                0x0800028c                OTG_HS_WKUP_IRQHandler
                0x0800028c                CAN3_SCE_IRQHandler
                0x0800028c                LTDC_ER_IRQHandler
                0x0800028c                CAN2_SCE_IRQHandler
                0x0800028c                DMA2_Stream2_IRQHandler
                0x0800028c                SPI1_IRQHandler
                0x0800028c                TIM6_DAC_IRQHandler
                0x0800028c                TIM1_BRK_TIM9_IRQHandler
                0x0800028c                DCMI_IRQHandler
                0x0800028c                CAN2_RX0_IRQHandler
                0x0800028c                DMA2_Stream3_IRQHandler
                0x0800028c                SAI2_IRQHandler
                0x0800028c                DFSDM1_FLT3_IRQHandler
                0x0800028c                USART6_IRQHandler
                0x0800028c                CAN3_RX0_IRQHandler
                0x0800028c                USART3_IRQHandler
                0x0800028c                CAN1_RX1_IRQHandler
                0x0800028c                UART5_IRQHandler
                0x0800028c                DMA2_Stream0_IRQHandler
                0x0800028c                TIM4_IRQHandler
                0x0800028c                QUADSPI_IRQHandler
                0x0800028c                I2C1_EV_IRQHandler
                0x0800028c                DMA1_Stream6_IRQHandler
                0x0800028c                DMA1_Stream1_IRQHandler
                0x0800028c                UART4_IRQHandler
                0x0800028c                TIM3_IRQHandler
                0x0800028c                RCC_IRQHandler
                0x0800028c                TIM8_BRK_TIM12_IRQHandler
                0x0800028c                Default_Handler
                0x0800028c                CEC_IRQHandler
                0x0800028c                EXTI15_10_IRQHandler
                0x0800028c                ADC_IRQHandler
                0x0800028c                DMA1_Stream7_IRQHandler
                0x0800028c                SPI5_IRQHandler
                0x0800028c                TIM7_IRQHandler
                0x0800028c                SDMMC1_IRQHandler
                0x0800028c                CAN2_TX_IRQHandler
                0x0800028c                TIM5_IRQHandler
                0x0800028c                DMA2_Stream7_IRQHandler
                0x0800028c                I2C3_EV_IRQHandler
                0x0800028c                EXTI9_5_IRQHandler
                0x0800028c                RTC_WKUP_IRQHandler
                0x0800028c                LTDC_IRQHandler
                0x0800028c                ETH_WKUP_IRQHandler
                0x0800028c                SPDIF_RX_IRQHandler
                0x0800028c                SPI2_IRQHandler
                0x0800028c                OTG_HS_EP1_IN_IRQHandler
                0x0800028c                DMA1_Stream0_IRQHandler
                0x0800028c                CAN1_TX_IRQHandler
                0x0800028c                EXTI4_IRQHandler
                0x0800028c                RNG_IRQHandler
                0x0800028c                ETH_IRQHandler
                0x0800028c                OTG_HS_EP1_OUT_IRQHandler
                0x0800028c                WWDG_IRQHandler
                0x0800028c                SPI6_IRQHandler
                0x0800028c                I2C4_EV_IRQHandler
                0x0800028c                MDIOS_IRQHandler
                0x0800028c                CAN3_TX_IRQHandler
                0x0800028c                TIM2_IRQHandler
                0x0800028c                OTG_FS_WKUP_IRQHandler
                0x0800028c                TIM1_TRG_COM_TIM11_IRQHandler
                0x0800028c                OTG_HS_IRQHandler
                0x0800028c                DMA2D_IRQHandler
                0x0800028c                EXTI1_IRQHandler
                0x0800028c                SDMMC2_IRQHandler
                0x0800028c                UART7_IRQHandler
                0x0800028c                USART2_IRQHandler
                0x0800028c                DFSDM1_FLT0_IRQHandler
                0x0800028c                I2C2_ER_IRQHandler
                0x0800028c                DMA2_Stream1_IRQHandler
                0x0800028c                CAN1_SCE_IRQHandler
                0x0800028c                FLASH_IRQHandler
                0x0800028c                DMA2_Stream4_IRQHandler
                0x0800028c                USART1_IRQHandler
                0x0800028c                OTG_FS_IRQHandler
                0x0800028c                SPI3_IRQHandler
                0x0800028c                DMA1_Stream4_IRQHandler
                0x0800028c                I2C1_ER_IRQHandler
                0x0800028c                FMC_IRQHandler
                0x0800028c                LPTIM1_IRQHandler
                0x0800028c                I2C4_ER_IRQHandler
                0x0800028c                DMA2_Stream6_IRQHandler
                0x0800028c                SAI1_IRQHandler
                0x0800028c                DMA1_Stream3_IRQHandler
                0x08000290                _start
                0x080003a8                Reset_Handler

.inits          0x080003b0       0x30
                0x080003b0                __data_regions_array_start = .
                0x080003b0        0x4 LONG 0x8020000 LOADADDR (.data)
                0x080003b4        0x4 LONG 0x20052000 ADDR (.data)
                0x080003b8        0x4 LONG 0x20054064 (ADDR (.data) + SIZEOF (.data))
                0x080003bc        0x4 LONG 0x8004000 LOADADDR (.c1_data)
                0x080003c0        0x4 LONG 0x20000000 ADDR (.c1_data)
                0x080003c4        0x4 LONG 0x20001004 (ADDR (.c1_data) + SIZEOF (.c1_data))
                0x080003c8                __data_regions_array_end = .
                0x080003c8                __bss_regions_array_start = .
                0x080003c8        0x4 LONG 0x20055000 ADDR (.bss)
                0x080003cc        0x4 LONG 0x2005fa44 (ADDR (.bss) + SIZEOF (.bss))
                0x080003d0        0x4 LONG 0x20002000 ADDR (.c1_bss)
                0x080003d4        0x4 LONG 0x20011984 (ADDR (.c1_bss) + SIZEOF (.c1_bss))
                0x080003d8        0x4 LONG 0x20012000 ADDR (.utmem)
                0x080003dc        0x4 LONG 0x20052000 (ADDR (.utmem) + SIZEOF (.utmem))
                0x080003e0                __bss_regions_array_end = .
 *(.init)
 *(.fini)
                0x080003e0                . = ALIGN (0x4)
                [!provide]                PROVIDE (__preinit_array_start, .)
 *(.preinit_array_sysinit .preinit_array_sysinit.*)
 *(.preinit_array_platform .preinit_array_platform.*)
 *(.preinit_array .preinit_array.*)
                [!provide]                PROVIDE (__preinit_array_end, .)
                0x080003e0                . = ALIGN (0x4)
                [!provide]                PROVIDE (__init_array_start, .)
 *(SORT(.init_array.*))
 *(.init_array)
                [!provide]                PROVIDE (__init_array_end, .)
                0x080003e0                . = ALIGN (0x4)
                [!provide]                PROVIDE (__fini_array_start, .)
 *(SORT(.fini_array.*))
 *(.fini_array)
                [!provide]                PROVIDE (__fini_array_end, .)

.flashtext
 *(.flashtext .flashtext.*)

.c1_text        0x08000400     0x1f04
 *mb_comp.o(.text .text.*)
 .text.constructors_execute
                0x08000400       0x20 ./src/components/mb_comp.o
 .text.cos_thd_entry_exec
                0x08000420       0x20 ./src/components/mb_comp.o
 .text.cos_init
                0x08000440       0x84 ./src/components/mb_comp.o
                0x08000448                cos_init
 .text.__alloc_libc_initilize
                0x080004c4        0x4 ./src/components/mb_comp.o
                0x080004c4                __alloc_libc_initilize
 .text.cos_thd_entry_static
                0x080004c8        0x8 ./src/components/mb_comp.o
                0x080004c8                cos_thd_entry_static
 .text.cos_upcall_fn
                0x080004d0       0x38 ./src/components/mb_comp.o
                0x080004d0                cos_upcall_fn
 .text.livenessid_bump_alloc
                0x08000508       0x10 ./src/components/mb_comp.o
 .text.__mem_bump_alloc
                0x08000518       0xb8 ./src/components/mb_comp.o
 .text.__kmem_bump_alloc
                0x080005d0        0xc ./src/components/mb_comp.o
 .text.__capid_captbl_check_expand
                0x080005dc      0x110 ./src/components/mb_comp.o
 .text.__capid_bump_alloc_generic
                0x080006ec       0x2c ./src/components/mb_comp.o
 .text.__capid_bump_alloc
                0x08000718       0x58 ./src/components/mb_comp.o
 .text.__alloc_mem_cap
                0x08000770       0x30 ./src/components/mb_comp.o
 .text.cos_thd_init_alloc
                0x080007a0       0x9c ./src/components/mb_comp.o
 .text.__cos_thd_alloc
                0x0800083c       0x88 ./src/components/mb_comp.o
 .text.cos_thd_init_free
                0x080008c4       0x44 ./src/components/mb_comp.o
 .text.cos_meminfo_init
                0x08000908       0x14 ./src/components/mb_comp.o
                0x08000908                cos_meminfo_init
 .text.cos_compinfo_init
                0x0800091c       0x98 ./src/components/mb_comp.o
                0x0800091c                cos_compinfo_init
 .text.cos_thd_alloc
                0x080009b4       0x30 ./src/components/mb_comp.o
                0x080009b4                cos_thd_alloc
 .text.cos_comp_alloc
                0x080009e4       0x8c ./src/components/mb_comp.o
                0x080009e4                cos_comp_alloc
 .text.cos_sinv_alloc
                0x08000a70       0x70 ./src/components/mb_comp.o
                0x08000a70                cos_sinv_alloc
 .text.cos_thd_switch
                0x08000ae0       0x2c ./src/components/mb_comp.o
                0x08000ae0                cos_thd_switch
 .text.cos_hw_cycles_per_usec
                0x08000b0c       0x2c ./src/components/mb_comp.o
                0x08000b0c                cos_hw_cycles_per_usec
 .text.__inv_test_serverfn
                0x08000b38       0x20 ./src/components/mb_comp.o
                0x08000b38                __inv_test_serverfn
 .text.test_inv_perf
                0x08000b58      0x16c ./src/components/mb_comp.o
 .text.test_serverfn
                0x08000cc4       0x34 ./src/components/mb_comp.o
                0x08000cc4                test_serverfn
 .text.test_run_mb
                0x08000cf8        0x8 ./src/components/mb_comp.o
                0x08000cf8                test_run_mb
 .text.cos_llprint
                0x08000d00       0x2c ./src/components/mb_comp.o
 .text.kentryfn
                0x08000d2c       0x24 ./src/components/mb_comp.o
                0x08000d2c                kentryfn
 .text.term_fn  0x08000d50        0xc ./src/components/mb_comp.o
                0x08000d50                term_fn
 .text.prints   0x08000d5c       0x18 ./src/components/mb_comp.o
                0x08000d5c                prints
 *mb_comp.o(.rodata .rodata.* .constdata .constdata.*)
 .rodata.str1.4
                0x08000d74     0x1510 ./src/components/mb_comp.o
                               0x150f (size before relaxing)
 .rodata.SINV_Stack
                0x08002284       0x40 ./src/components/mb_comp.o
                0x08002284                SINV_Stack
 .rodata.SVC_Stack
                0x080022c4       0x40 ./src/components/mb_comp.o
                0x080022c4                SVC_Stack
 *mb_comp.o(vtable)
 *mb_comp.o(.eh_frame*)
 *mb_comp.o(.glue_7)
 *mb_comp.o(.glue_7t)
                0x08004000                _c1_sidata = LOADADDR (.c1_data)

.c1_data        0x20000000     0x1004 load address 0x08004000
 FILL mask 0xff
                0x20000000                _c1_sdata = .
                0x20000000                __c1_data_start__ = .
 *mb_comp.o(.data_begin .data_begin.*)
 *mb_comp.o(.data .data.*)
 .data.cos_comp_info
                0x20000000     0x1000 ./src/components/mb_comp.o
                0x20000000                cos_comp_info
 .data.livenessid_frontier
                0x20001000        0x4 ./src/components/mb_comp.o
 *mb_comp.o(.data_end .data_end.*)
                0x20001004                . = ALIGN (0x4)
                0x20001004                _c1_edata = .
                0x20001004                __c1_data_end__ = .

.c1_bss         0x20002000     0xf984 load address 0x08005004
                0x20002000                __c1_bss_start__ = .
                0x20002000                _c1_sbss = .
 *mb_comp.o(.bss_begin .bss_begin.*)
 *mb_comp.o(.bss .bss.*)
 .bss.ST_user_caps
                0x20002000        0x4 ./src/components/mb_comp.o
                0x20002000                ST_user_caps
 *fill*         0x20002004        0x4 
 .bss.midinv_cycles
                0x20002008        0x8 ./src/components/mb_comp.o
                0x20002008                midinv_cycles
 *mb_comp.o(COMMON)
 *fill*         0x20002010      0xff0 
 COMMON         0x20003000     0xe984 ./src/components/mb_comp.o
                0x20003000                termthd
                0x20003004                Stack_Mem
                0x2000e000                temp
                0x2000f000                booter_info
                0x2000f048                mbt
                0x2000f090                rcp_global
                0x2000f094                rcc_global
                0x2000f098                tls_test
                0x2000f0ac                Sinv_Stack
                0x200100b0                bt
                0x200100f8                str
                0x20010160                cyc_per_usec
                0x20010180                __thd_init_data
                0x20010980                comp1_stack
                0x20011980                scp_global
 *mb_comp.o(.bss_end .bss_end.*)
                0x20011984                . = ALIGN (0x4)
                0x20011984                __c1_bss_end__ = .
                0x20011984                _c1_ebss = .

.utmem          0x20012000    0x40000 load address 0x08006000
                0x20012000                __utmem_start__ = .
 *utmem.o(.bss_begin .bss_begin.*)
 *utmem.o(.bss .bss.*)
 *utmem.o(COMMON)
 COMMON         0x20012000    0x40000 ./src/platform/cmx/utmem.o
                0x20012000                Memory_Used
 *utmem.o(.bss_end .bss_end.*)
                0x20052000                . = ALIGN (0x4)
                0x20052000                __utmem_end__ = .

.text           0x08005010    0x1961a
 *(.text .text.*)
 .text.HAL_InitTick
                0x08005010       0x2c ./src/platform/cmx/src/stm32f7-hal/stm32f7xx_hal.o
                0x08005010                HAL_InitTick
 .text.HAL_GetTick
                0x0800503c        0xc ./src/platform/cmx/src/stm32f7-hal/stm32f7xx_hal.o
                0x0800503c                HAL_GetTick
 .text.HAL_NVIC_SetPriority
                0x08005048       0x80 ./src/platform/cmx/src/stm32f7-hal/stm32f7xx_hal_cortex.o
                0x08005048                HAL_NVIC_SetPriority
 .text.HAL_SYSTICK_Config
                0x080050c8       0x2c ./src/platform/cmx/src/stm32f7-hal/stm32f7xx_hal_cortex.o
                0x080050c8                HAL_SYSTICK_Config
 .text.HAL_SYSTICK_CLKSourceConfig
                0x080050f4       0x3c ./src/platform/cmx/src/stm32f7-hal/stm32f7xx_hal_cortex.o
                0x080050f4                HAL_SYSTICK_CLKSourceConfig
 .text.HAL_GPIO_Init
                0x08005130      0x300 ./src/platform/cmx/src/stm32f7-hal/stm32f7xx_hal_gpio.o
                0x08005130                HAL_GPIO_Init
 .text.HAL_GPIO_ReadPin
                0x08005430       0x24 ./src/platform/cmx/src/stm32f7-hal/stm32f7xx_hal_gpio.o
                0x08005430                HAL_GPIO_ReadPin
 .text.HAL_GPIO_WritePin
                0x08005454       0x34 ./src/platform/cmx/src/stm32f7-hal/stm32f7xx_hal_gpio.o
                0x08005454                HAL_GPIO_WritePin
 .text.LTDC_SetConfig
                0x08005488      0x194 ./src/platform/cmx/src/stm32f7-hal/stm32f7xx_hal_ltdc.o
 .text.HAL_LTDC_Init
                0x0800561c      0x1ec ./src/platform/cmx/src/stm32f7-hal/stm32f7xx_hal_ltdc.o
                0x0800561c                HAL_LTDC_Init
 .text.HAL_LTDC_ConfigLayer
                0x08005808      0x128 ./src/platform/cmx/src/stm32f7-hal/stm32f7xx_hal_ltdc.o
                0x08005808                HAL_LTDC_ConfigLayer
 .text.HAL_LTDC_SetWindowSize
                0x08005930       0xfc ./src/platform/cmx/src/stm32f7-hal/stm32f7xx_hal_ltdc.o
                0x08005930                HAL_LTDC_SetWindowSize
 .text.HAL_LTDC_SetWindowPosition
                0x08005a2c       0xd8 ./src/platform/cmx/src/stm32f7-hal/stm32f7xx_hal_ltdc.o
                0x08005a2c                HAL_LTDC_SetWindowPosition
 .text.HAL_PWREx_EnableOverDrive
                0x08005b04       0x80 ./src/platform/cmx/src/stm32f7-hal/stm32f7xx_hal_pwr_ex.o
                0x08005b04                HAL_PWREx_EnableOverDrive
 .text.HAL_RCC_GetSysClockFreq
                0x08005b84       0xa0 ./src/platform/cmx/src/stm32f7-hal/stm32f7xx_hal_rcc.o
                0x08005b84                HAL_RCC_GetSysClockFreq
 .text.HAL_RCC_ClockConfig
                0x08005c24      0x24c ./src/platform/cmx/src/stm32f7-hal/stm32f7xx_hal_rcc.o
                0x08005c24                HAL_RCC_ClockConfig
 .text.HAL_RCCEx_PeriphCLKConfig
                0x08005e70      0xce4 ./src/platform/cmx/src/stm32f7-hal/stm32f7xx_hal_rcc_ex.o
                0x08005e70                HAL_RCCEx_PeriphCLKConfig
 .text.HAL_RCC_OscConfig
                0x08006b54      0x51c ./src/platform/cmx/src/stm32f7-hal/stm32f7xx_hal_rcc_ex.o
                0x08006b54                HAL_RCC_OscConfig
 .text.HAL_SDRAM_Init
                0x08007070       0x44 ./src/platform/cmx/src/stm32f7-hal/stm32f7xx_hal_sdram.o
                0x08007070                HAL_SDRAM_Init
 .text.HAL_SDRAM_SendCommand
                0x080070b4       0x3c ./src/platform/cmx/src/stm32f7-hal/stm32f7xx_hal_sdram.o
                0x080070b4                HAL_SDRAM_SendCommand
 .text.HAL_SDRAM_ProgramRefreshRate
                0x080070f0       0x28 ./src/platform/cmx/src/stm32f7-hal/stm32f7xx_hal_sdram.o
                0x080070f0                HAL_SDRAM_ProgramRefreshRate
 .text.FMC_SDRAM_Init
                0x08007118      0x174 ./src/platform/cmx/src/stm32f7-hal/stm32f7xx_ll_fmc.o
                0x08007118                FMC_SDRAM_Init
 .text.FMC_SDRAM_Timing_Init
                0x0800728c      0x144 ./src/platform/cmx/src/stm32f7-hal/stm32f7xx_ll_fmc.o
                0x0800728c                FMC_SDRAM_Timing_Init
 .text.FMC_SDRAM_SendCommand
                0x080073d0       0xbc ./src/platform/cmx/src/stm32f7-hal/stm32f7xx_ll_fmc.o
                0x080073d0                FMC_SDRAM_SendCommand
 .text.FMC_SDRAM_ProgramRefreshRate
                0x0800748c       0x3c ./src/platform/cmx/src/stm32f7-hal/stm32f7xx_ll_fmc.o
                0x0800748c                FMC_SDRAM_ProgramRefreshRate
 .text.NVIC_SystemReset
                0x080074c8       0x24 ./src/platform/cmx/src/cmsis/startup_stm32f767.o
 .text.Stm32_Clock_Init
                0x080074ec       0x8c ./src/platform/cmx/src/cmsis/startup_stm32f767.o
                0x080074ec                Stm32_Clock_Init
 .text._sbrk    0x08007578        0x8 ./src/platform/cmx/src/cmsis/startup_stm32f767.o
                0x08007578                _sbrk
 .text.SystemInit
                0x08007580       0x40 ./src/platform/cmx/src/cmsis/system_stm32f7xx.o
                0x08007580                SystemInit
 .text.SystemCoreClockUpdate
                0x080075c0       0xa0 ./src/platform/cmx/src/cmsis/system_stm32f7xx.o
                0x080075c0                SystemCoreClockUpdate
 .text.__captbl_cap2sz
                0x08007660       0x64 ./src/platform/cmx/boot_comp.o
 .text.cos_mem_fence
                0x080076c4        0xc ./src/platform/cmx/boot_comp.o
 .text.cos_cas  0x080076d0       0x58 ./src/platform/cmx/boot_comp.o
 .text.cos_faa  0x08007728       0x48 ./src/platform/cmx/boot_comp.o
 .text.ert_defget
                0x08007770       0x1c ./src/platform/cmx/boot_comp.o
 .text.ert_defisnull
                0x0800778c       0x24 ./src/platform/cmx/boot_comp.o
 .text.ert_defresolve
                0x080077b0       0x1c ./src/platform/cmx/boot_comp.o
 .text.ert_defset
                0x080077cc       0x20 ./src/platform/cmx/boot_comp.o
 .text.ert_definit
                0x080077ec       0x1c ./src/platform/cmx/boot_comp.o
 .text.__ert_maxid
                0x08007808       0x48 ./src/platform/cmx/boot_comp.o
 .text.__ert_init
                0x08007850       0x9c ./src/platform/cmx/boot_comp.o
 .text.ert_alloc
                0x080078ec      0x120 ./src/platform/cmx/boot_comp.o
 .text.__ert_walk
                0x08007a0c       0x70 ./src/platform/cmx/boot_comp.o
 .text.__ert_lookup
                0x08007a7c      0x200 ./src/platform/cmx/boot_comp.o
 .text.__ert_expand
                0x08007c7c      0x2c0 ./src/platform/cmx/boot_comp.o
 .text.__ltbl_allocfn
                0x08007f3c       0x3c ./src/platform/cmx/boot_comp.o
 .text.__ltbl_isnull
                0x08007f78       0x18 ./src/platform/cmx/boot_comp.o
 .text.__ltbl_setleaf
                0x08007f90       0x48 ./src/platform/cmx/boot_comp.o
 .text.__ltbl_getleaf
                0x08007fd8       0x18 ./src/platform/cmx/boot_comp.o
 .text.__ltbl_lkupan
                0x08007ff0       0x80 ./src/platform/cmx/boot_comp.o
 .text.__ltbl_maxdepth
                0x08008070       0x10 ./src/platform/cmx/boot_comp.o
 .text.ltbl_get
                0x08008080       0x8c ./src/platform/cmx/boot_comp.o
 .text.ltbl_get_timestamp
                0x0800810c       0x88 ./src/platform/cmx/boot_comp.o
 .text.__captbl_allocfn
                0x08008194       0x5c ./src/platform/cmx/boot_comp.o
 .text.__captbl_init
                0x080081f0       0x24 ./src/platform/cmx/boot_comp.o
 .text.captbl_init
                0x08008214       0x98 ./src/platform/cmx/boot_comp.o
 .text.__captbl_getleaf
                0x080082ac       0xe0 ./src/platform/cmx/boot_comp.o
 .text.__captbl_setleaf
                0x0800838c       0x3c ./src/platform/cmx/boot_comp.o
 .text.__captbl_get
                0x080083c8       0x1c ./src/platform/cmx/boot_comp.o
 .text.__captbl_alloc
                0x080083e4       0x6c ./src/platform/cmx/boot_comp.o
 .text.__captbl_lkupan
                0x08008450       0x80 ./src/platform/cmx/boot_comp.o
 .text.__captbl_lkupani
                0x080084d0       0x80 ./src/platform/cmx/boot_comp.o
 .text.__captbl_expandn
                0x08008550       0x88 ./src/platform/cmx/boot_comp.o
 .text.__captbl_maxid
                0x080085d8       0x64 ./src/platform/cmx/boot_comp.o
 .text.__captbl_maxdepth
                0x0800863c       0x10 ./src/platform/cmx/boot_comp.o
 .text.captbl_alloc
                0x0800864c       0x1c ./src/platform/cmx/boot_comp.o
 .text.__captbl_header_validate
                0x08008668       0x70 ./src/platform/cmx/boot_comp.o
 .text.captbl_lkup_lvl
                0x080086d8       0x38 ./src/platform/cmx/boot_comp.o
 .text.captbl_lkup
                0x08008710       0x20 ./src/platform/cmx/boot_comp.o
 .text.__captbl_store
                0x08008730       0x2c ./src/platform/cmx/boot_comp.o
 .text.captbl_add
                0x0800875c      0x454 ./src/platform/cmx/boot_comp.o
 .text.captbl_maxdepth
                0x08008bb0       0x10 ./src/platform/cmx/boot_comp.o
 .text.captbl_expand
                0x08008bc0       0x8c ./src/platform/cmx/boot_comp.o
 .text.captbl_create
                0x08008c4c       0xd0 ./src/platform/cmx/boot_comp.o
 .text.list_init
                0x08008d1c       0x28 ./src/platform/cmx/boot_comp.o
 .text.list_add_after
                0x08008d44       0x30 ./src/platform/cmx/boot_comp.o
 .text.list_head_init
                0x08008d74       0x1c ./src/platform/cmx/boot_comp.o
 .text.list_enqueue
                0x08008d90       0x20 ./src/platform/cmx/boot_comp.o
 .text.tsc      0x08008db0       0x18 ./src/platform/cmx/boot_comp.o
 .text.cos_cpu_local_info
                0x08008dc8       0x24 ./src/platform/cmx/boot_comp.o
 .text.get_cpuid
                0x08008dec       0x10 ./src/platform/cmx/boot_comp.o
 .text.__pgtbl_a
                0x08008dfc       0x74 ./src/platform/cmx/boot_comp.o
 .text.__pgtbl_get
                0x08008e70       0x38 ./src/platform/cmx/boot_comp.o
 .text.__pgtbl_isnull
                0x08008ea8       0x2c ./src/platform/cmx/boot_comp.o
 .text.__pgtbl_init
                0x08008ed4       0x1c ./src/platform/cmx/boot_comp.o
 .text.__pgtbl_setleaf
                0x08008ef0       0x34 ./src/platform/cmx/boot_comp.o
 .text.__pgtbl_update_leaf
                0x08008f24       0x30 ./src/platform/cmx/boot_comp.o
 .text.__pgtbl_set
                0x08008f54       0x84 ./src/platform/cmx/boot_comp.o
 .text.__pgtbl_getleaf
                0x08008fd8       0x34 ./src/platform/cmx/boot_comp.o
 .text.__pgtbl_lkupan
                0x0800900c       0x80 ./src/platform/cmx/boot_comp.o
 .text.__pgtbl_lkupani
                0x0800908c       0x80 ./src/platform/cmx/boot_comp.o
 .text.pgtbl_init_pte
                0x0800910c       0x38 ./src/platform/cmx/boot_comp.o
 .text.pgtbl_quie_check
                0x08009144       0x14 ./src/platform/cmx/boot_comp.o
 .text.pgtbl_mapping_add
                0x08009158      0x148 ./src/platform/cmx/boot_comp.o
 .text.pgtbl_cosframe_add
                0x080092a0      0x10c ./src/platform/cmx/boot_comp.o
 .text.pgtbl_lkup_lvl
                0x080093ac       0x30 ./src/platform/cmx/boot_comp.o
 .text.pgtbl_ispresent
                0x080093dc       0x1c ./src/platform/cmx/boot_comp.o
 .text.pgtbl_lkup
                0x080093f8       0x40 ./src/platform/cmx/boot_comp.o
 .text.pgtbl_update
                0x08009438       0x14 ./src/platform/cmx/boot_comp.o
 .text.__cap_capactivate_pre
                0x0800944c       0x8c ./src/platform/cmx/boot_comp.o
 .text.__cap_capactivate_post
                0x080094d8       0x1c ./src/platform/cmx/boot_comp.o
 .text.cap_cons
                0x080094f4      0x208 ./src/platform/cmx/boot_comp.o
 .text.comp_activate
                0x080096fc      0x1ac ./src/platform/cmx/boot_comp.o
 .text.tcap_sched_info
                0x080098a8       0x20 ./src/platform/cmx/boot_comp.o
 .text.tcap_ref_take
                0x080098c8       0x1c ./src/platform/cmx/boot_comp.o
 .text.tcap_setprio
                0x080098e4       0x58 ./src/platform/cmx/boot_comp.o
 .text.thd_upcall_setup
                0x0800993c       0x64 ./src/platform/cmx/boot_comp.o
 .text.thdid_alloc
                0x080099a0       0x50 ./src/platform/cmx/boot_comp.o
 .text.thd_rcvcap_take
                0x080099f0       0x20 ./src/platform/cmx/boot_comp.o
 .text.thd_bound2rcvcap
                0x08009a10       0x18 ./src/platform/cmx/boot_comp.o
 .text.thd_rcvcap_init
                0x08009a28       0x3c ./src/platform/cmx/boot_comp.o
 .text.thd_activate
                0x08009a64      0x14c ./src/platform/cmx/boot_comp.o
 .text.thd_current
                0x08009bb0       0x18 ./src/platform/cmx/boot_comp.o
 .text.thd_current_update
                0x08009bc8       0x30 ./src/platform/cmx/boot_comp.o
 .text.sret_activate
                0x08009bf8       0x40 ./src/platform/cmx/boot_comp.o
 .text.__arcv_setup
                0x08009c38       0xa4 ./src/platform/cmx/boot_comp.o
 .text.arcv_activate
                0x08009cdc      0x24c ./src/platform/cmx/boot_comp.o
 .text.hw_asndcap_init
                0x08009f28       0x18 ./src/platform/cmx/boot_comp.o
 .text.hw_activate
                0x08009f40       0x48 ./src/platform/cmx/boot_comp.o
 .text.chal_user_upcall
                0x08009f88       0x60 ./src/platform/cmx/boot_comp.o
 .text.mem_bootc_start
                0x08009fe8       0x14 ./src/platform/cmx/boot_comp.o
 .text.mem_bootc_end
                0x08009ffc       0x14 ./src/platform/cmx/boot_comp.o
 .text.mem_bootc_entry
                0x0800a010       0x14 ./src/platform/cmx/boot_comp.o
 .text.mem_boot_end
                0x0800a024       0x20 ./src/platform/cmx/boot_comp.o
 .text.mem_boot_nalloc_end
                0x0800a044       0x30 ./src/platform/cmx/boot_comp.o
 .text.mem_kmem_end
                0x0800a074       0x14 ./src/platform/cmx/boot_comp.o
 .text.mem_utmem_end
                0x0800a088       0x10 ./src/platform/cmx/boot_comp.o
 .text.boot_nptes
                0x0800a098       0x28 ./src/platform/cmx/boot_comp.o
                0x0800a098                boot_nptes
 .text.boot_pgtbl_mappings_add
                0x0800a0c0      0x27c ./src/platform/cmx/boot_comp.o
                0x0800a0c0                boot_pgtbl_mappings_add
 .text.kern_boot_thd
                0x0800a33c      0x250 ./src/platform/cmx/boot_comp.o
 .text.kern_boot_comp
                0x0800a58c      0x418 ./src/platform/cmx/boot_comp.o
                0x0800a58c                kern_boot_comp
 .text.kern_boot_upcall
                0x0800a9a4       0x6c ./src/platform/cmx/boot_comp.o
                0x0800a9a4                kern_boot_upcall
 .text.chal_pa2va
                0x0800aa10        0x4 ./src/platform/cmx/chal.o
                0x0800aa10                chal_pa2va
 .text.chal_va2pa
                0x0800aa14        0x4 ./src/platform/cmx/chal.o
                0x0800aa14                chal_va2pa
 .text.chal_send_ipi
                0x0800aa18        0x4 ./src/platform/cmx/chal.o
                0x0800aa18                chal_send_ipi
 .text.chal_khalt
                0x0800aa1c        0x8 ./src/platform/cmx/chal.o
                0x0800aa1c                chal_khalt
 .text.chal_init
                0x0800aa24       0x18 ./src/platform/cmx/chal.o
                0x0800aa24                chal_init
 .text.cap_init
                0x0800aa3c        0x4 ./src/platform/cmx/kernel.o
 .text.comp_init
                0x0800aa40        0x4 ./src/platform/cmx/kernel.o
 .text.thd_init
                0x0800aa44        0x4 ./src/platform/cmx/kernel.o
 .text.kern_memory_setup
                0x0800aa48       0x90 ./src/platform/cmx/kernel.o
                0x0800aa48                kern_memory_setup
 .text.timer_init
                0x0800aad8       0x34 ./src/platform/cmx/kernel.o
                0x0800aad8                timer_init
 .text.SysTick_Handler
                0x0800ab0c       0x18 ./src/platform/cmx/kernel.o
                0x0800ab0c                SysTick_Handler
 .text.delay_us
                0x0800ab24       0x74 ./src/platform/cmx/kernel.o
                0x0800ab24                delay_us
 .text.main     0x0800ab98       0x6c ./src/platform/cmx/kernel.o
                0x0800ab98                main
 .text.khalt    0x0800ac04        0x4 ./src/platform/cmx/kernel.o
                0x0800ac04                khalt
 .text.printk   0x0800ac08        0x8 ./src/platform/cmx/kernel.o
                0x0800ac08                printk
 .text.assert_failed
                0x0800ac10        0x4 ./src/platform/cmx/kernel.o
                0x0800ac10                assert_failed
 .text.chal_tls_update
                0x0800ac14        0x4 ./src/platform/cmx/kernel.o
                0x0800ac14                chal_tls_update
 .text.chal_timer_set
                0x0800ac18        0x4 ./src/platform/cmx/kernel.o
                0x0800ac18                chal_timer_set
 .text.chal_timer_disable
                0x0800ac1c        0x4 ./src/platform/cmx/kernel.o
                0x0800ac1c                chal_timer_disable
 .text.chal_cyc_usec
                0x0800ac20        0x4 ./src/platform/cmx/kernel.o
                0x0800ac20                chal_cyc_usec
 .text.LCD_WR_REG
                0x0800ac24       0x24 ./src/platform/cmx/lcd.o
                0x0800ac24                LCD_WR_REG
 .text.LCD_WR_DATA
                0x0800ac48       0x24 ./src/platform/cmx/lcd.o
                0x0800ac48                LCD_WR_DATA
 .text.LCD_WriteReg
                0x0800ac6c        0xc ./src/platform/cmx/lcd.o
                0x0800ac6c                LCD_WriteReg
 .text.LCD_WriteRAM_Prepare
                0x0800ac78       0x14 ./src/platform/cmx/lcd.o
                0x0800ac78                LCD_WriteRAM_Prepare
 .text.LCD_SetCursor
                0x0800ac8c      0x11c ./src/platform/cmx/lcd.o
                0x0800ac8c                LCD_SetCursor
 .text.LCD_Scan_Dir
                0x0800ada8      0x200 ./src/platform/cmx/lcd.o
                0x0800ada8                LCD_Scan_Dir
 .text.LCD_Fast_DrawPoint
                0x0800afa8      0x118 ./src/platform/cmx/lcd.o
                0x0800afa8                LCD_Fast_DrawPoint
 .text.LCD_Display_Dir
                0x0800b0c0      0x154 ./src/platform/cmx/lcd.o
                0x0800b0c0                LCD_Display_Dir
 .text.LCD_Clear
                0x0800b214       0x48 ./src/platform/cmx/lcd.o
                0x0800b214                LCD_Clear
 .text.LCD_Init
                0x0800b25c       0x34 ./src/platform/cmx/lcd.o
                0x0800b25c                LCD_Init
 .text.LCD_ShowChar
                0x0800b290      0x10c ./src/platform/cmx/lcd.o
                0x0800b290                LCD_ShowChar
 .text.LCD_ShowString
                0x0800b39c       0x58 ./src/platform/cmx/lcd.o
                0x0800b39c                LCD_ShowString
 .text.LTDC_Select_Layer
                0x0800b3f4        0xc ./src/platform/cmx/ltdc.o
                0x0800b3f4                LTDC_Select_Layer
 .text.LTDC_Display_Dir
                0x0800b400       0x24 ./src/platform/cmx/ltdc.o
                0x0800b400                LTDC_Display_Dir
 .text.LTDC_Draw_Point
                0x0800b424       0x4c ./src/platform/cmx/ltdc.o
                0x0800b424                LTDC_Draw_Point
 .text.LTDC_Fill
                0x0800b470       0xac ./src/platform/cmx/ltdc.o
                0x0800b470                LTDC_Fill
 .text.LTDC_Clear
                0x0800b51c       0x28 ./src/platform/cmx/ltdc.o
                0x0800b51c                LTDC_Clear
 .text.LTDC_Clk_Set
                0x0800b544       0x20 ./src/platform/cmx/ltdc.o
                0x0800b544                LTDC_Clk_Set
 .text.LTDC_Layer_Window_Config
                0x0800b564       0x24 ./src/platform/cmx/ltdc.o
                0x0800b564                LTDC_Layer_Window_Config
 .text.LTDC_Layer_Parameter_Config
                0x0800b588       0x5c ./src/platform/cmx/ltdc.o
                0x0800b588                LTDC_Layer_Parameter_Config
 .text.LTDC_PanelID_Read
                0x0800b5e4       0xbc ./src/platform/cmx/ltdc.o
                0x0800b5e4                LTDC_PanelID_Read
 .text.LTDC_Init
                0x0800b6a0      0x1d4 ./src/platform/cmx/ltdc.o
                0x0800b6a0                LTDC_Init
 .text.HAL_LTDC_MspInit
                0x0800b874       0xfc ./src/platform/cmx/ltdc.o
                0x0800b874                HAL_LTDC_MspInit
 .text.HAL_SDRAM_MspInit
                0x0800b970       0xe4 ./src/platform/cmx/sdram.o
                0x0800b970                HAL_SDRAM_MspInit
 .text.SDRAM_Send_Cmd
                0x0800ba54       0x34 ./src/platform/cmx/sdram.o
                0x0800ba54                SDRAM_Send_Cmd
 .text.SDRAM_Initialization_Sequence
                0x0800ba88       0x4c ./src/platform/cmx/sdram.o
                0x0800ba88                SDRAM_Initialization_Sequence
 .text.SDRAM_Init
                0x0800bad4       0x64 ./src/platform/cmx/sdram.o
                0x0800bad4                SDRAM_Init
 .text.mem_boot_alloc
                0x0800bb38       0x9c ./src/platform/cmx/vm.o
                0x0800bb38                mem_boot_alloc
 .text.tcap_time2cyc
                0x0800bbd4       0x4c ./src/kernel/capinv.o
 .text.tcap_cyc2time
                0x0800bc20       0x30 ./src/kernel/capinv.o
 .text.cycles_same
                0x0800bc50       0x74 ./src/kernel/capinv.o
 .text.tcap_time_lessthan
                0x0800bcc4       0x24 ./src/kernel/capinv.o
 .text.__captbl_cap2sz
                0x0800bce8       0x64 ./src/kernel/capinv.o
 .text.cos_mem_fence
                0x0800bd4c        0xc ./src/kernel/capinv.o
 .text.chal_remote_tlb_flush
                0x0800bd58       0x14 ./src/kernel/capinv.o
 .text.chal_flush_tlb
                0x0800bd6c        0xc ./src/kernel/capinv.o
 .text.ert_defget
                0x0800bd78       0x1c ./src/kernel/capinv.o
 .text.ert_defisnull
                0x0800bd94       0x24 ./src/kernel/capinv.o
 .text.ert_defresolve
                0x0800bdb8       0x1c ./src/kernel/capinv.o
 .text.ert_defset
                0x0800bdd4       0x20 ./src/kernel/capinv.o
 .text.ert_definit
                0x0800bdf4       0x1c ./src/kernel/capinv.o
 .text.__ert_maxid
                0x0800be10       0x48 ./src/kernel/capinv.o
 .text.__ert_init
                0x0800be58       0x9c ./src/kernel/capinv.o
 .text.ert_alloc
                0x0800bef4      0x120 ./src/kernel/capinv.o
 .text.__ert_walk
                0x0800c014       0x70 ./src/kernel/capinv.o
 .text.__ert_lookup
                0x0800c084      0x200 ./src/kernel/capinv.o
 .text.__ert_expand
                0x0800c284      0x2c0 ./src/kernel/capinv.o
 .text.cos_cas  0x0800c544       0x58 ./src/kernel/capinv.o
 .text.cos_faa  0x0800c59c       0x48 ./src/kernel/capinv.o
 .text.__ltbl_allocfn
                0x0800c5e4       0x3c ./src/kernel/capinv.o
 .text.__ltbl_isnull
                0x0800c620       0x18 ./src/kernel/capinv.o
 .text.__ltbl_setleaf
                0x0800c638       0x48 ./src/kernel/capinv.o
 .text.__ltbl_getleaf
                0x0800c680       0x18 ./src/kernel/capinv.o
 .text.__ltbl_lkupan
                0x0800c698       0x80 ./src/kernel/capinv.o
 .text.__ltbl_maxdepth
                0x0800c718       0x10 ./src/kernel/capinv.o
 .text.ltbl_isalive
                0x0800c728       0x50 ./src/kernel/capinv.o
 .text.ltbl_expire
                0x0800c778       0x84 ./src/kernel/capinv.o
 .text.ltbl_get
                0x0800c7fc       0x8c ./src/kernel/capinv.o
 .text.ltbl_get_timestamp
                0x0800c888       0x88 ./src/kernel/capinv.o
 .text.ltbl_timestamp_update
                0x0800c910       0x78 ./src/kernel/capinv.o
 .text.__captbl_cap2bytes
                0x0800c988       0x24 ./src/kernel/capinv.o
 .text.__captbl_allocfn
                0x0800c9ac       0x5c ./src/kernel/capinv.o
 .text.__captbl_init
                0x0800ca08       0x24 ./src/kernel/capinv.o
 .text.captbl_init
                0x0800ca2c       0x98 ./src/kernel/capinv.o
 .text.__captbl_getleaf
                0x0800cac4       0xe0 ./src/kernel/capinv.o
 .text.__captbl_setleaf
                0x0800cba4       0x3c ./src/kernel/capinv.o
 .text.__captbl_get
                0x0800cbe0       0x1c ./src/kernel/capinv.o
 .text.__captbl_alloc
                0x0800cbfc       0x6c ./src/kernel/capinv.o
 .text.__captbl_lkupan
                0x0800cc68       0x80 ./src/kernel/capinv.o
 .text.__captbl_lkupani
                0x0800cce8       0x80 ./src/kernel/capinv.o
 .text.__captbl_expandn
                0x0800cd68       0x88 ./src/kernel/capinv.o
 .text.__captbl_maxid
                0x0800cdf0       0x64 ./src/kernel/capinv.o
 .text.__captbl_maxdepth
                0x0800ce54       0x10 ./src/kernel/capinv.o
 .text.captbl_alloc
                0x0800ce64       0x1c ./src/kernel/capinv.o
 .text.__captbl_header_validate
                0x0800ce80       0x70 ./src/kernel/capinv.o
 .text.captbl_lkup_lvl
                0x0800cef0       0x38 ./src/kernel/capinv.o
 .text.captbl_lkup
                0x0800cf28       0x20 ./src/kernel/capinv.o
 .text.__captbl_store
                0x0800cf48       0x2c ./src/kernel/capinv.o
 .text.captbl_add
                0x0800cf74      0x454 ./src/kernel/capinv.o
 .text.captbl_del
                0x0800d3c8      0x1fc ./src/kernel/capinv.o
 .text.captbl_maxdepth
                0x0800d5c4       0x10 ./src/kernel/capinv.o
 .text.captbl_expand
                0x0800d5d4       0x8c ./src/kernel/capinv.o
 .text.captbl_create
                0x0800d660       0xd0 ./src/kernel/capinv.o
 .text.list_init
                0x0800d730       0x28 ./src/kernel/capinv.o
 .text.list_add_after
                0x0800d758       0x30 ./src/kernel/capinv.o
 .text.list_rem
                0x0800d788       0x34 ./src/kernel/capinv.o
 .text.list_empty
                0x0800d7bc       0x24 ./src/kernel/capinv.o
 .text.list_head_init
                0x0800d7e0       0x1c ./src/kernel/capinv.o
 .text.list_enqueue
                0x0800d7fc       0x20 ./src/kernel/capinv.o
 .text.list_dequeue
                0x0800d81c       0x20 ./src/kernel/capinv.o
 .text.list_next
                0x0800d83c       0x18 ./src/kernel/capinv.o
 .text.list_first
                0x0800d854       0x1c ./src/kernel/capinv.o
 .text.tsc      0x0800d870       0x18 ./src/kernel/capinv.o
 .text.cos_cpu_local_info
                0x0800d888       0x24 ./src/kernel/capinv.o
 .text.get_cpuid
                0x0800d8ac       0x10 ./src/kernel/capinv.o
 .text.__pgtbl_a
                0x0800d8bc       0x74 ./src/kernel/capinv.o
 .text.__pgtbl_get
                0x0800d930       0x38 ./src/kernel/capinv.o
 .text.__pgtbl_isnull
                0x0800d968       0x2c ./src/kernel/capinv.o
 .text.__pgtbl_init
                0x0800d994       0x1c ./src/kernel/capinv.o
 .text.__pgtbl_setleaf
                0x0800d9b0       0x34 ./src/kernel/capinv.o
 .text.__pgtbl_update_leaf
                0x0800d9e4       0x30 ./src/kernel/capinv.o
 .text.__pgtbl_set
                0x0800da14       0x84 ./src/kernel/capinv.o
 .text.__pgtbl_getleaf
                0x0800da98       0x34 ./src/kernel/capinv.o
 .text.__pgtbl_alloc
                0x0800dacc       0x6c ./src/kernel/capinv.o
 .text.__pgtbl_lkupan
                0x0800db38       0x80 ./src/kernel/capinv.o
 .text.__pgtbl_lkupani
                0x0800dbb8       0x80 ./src/kernel/capinv.o
 .text.pgtbl_alloc
                0x0800dc38       0x24 ./src/kernel/capinv.o
 .text.pgtbl_init_pte
                0x0800dc5c       0x38 ./src/kernel/capinv.o
 .text.pgtbl_quie_check
                0x0800dc94       0x14 ./src/kernel/capinv.o
 .text.pgtbl_mapping_add
                0x0800dca8      0x148 ./src/kernel/capinv.o
 .text.pgtbl_mapping_del
                0x0800ddf0      0x128 ./src/kernel/capinv.o
 .text.pgtbl_lkup_lvl
                0x0800df18       0x30 ./src/kernel/capinv.o
 .text.pgtbl_ispresent
                0x0800df48       0x1c ./src/kernel/capinv.o
 .text.pgtbl_lkup_pte
                0x0800df64       0x2c ./src/kernel/capinv.o
 .text.pgtbl_get_cosframe
                0x0800df90       0x58 ./src/kernel/capinv.o
 .text.pgtbl_update
                0x0800dfe8       0x14 ./src/kernel/capinv.o
 .text.pgtbl_create
                0x0800dffc       0x3c ./src/kernel/capinv.o
 .text.pgtbl_mapping_scan
                0x0800e038       0xd8 ./src/kernel/capinv.o
 .text.__cap_capactivate_pre
                0x0800e110       0x8c ./src/kernel/capinv.o
 .text.__cap_capactivate_post
                0x0800e19c       0x1c ./src/kernel/capinv.o
 .text.cap_capdeactivate
                0x0800e1b8       0x5c ./src/kernel/capinv.o
 .text.cap_kmem_activate
                0x0800e214       0xc0 ./src/kernel/capinv.o
 .text.cap_cons
                0x0800e2d4      0x208 ./src/kernel/capinv.o
 .text.cap_decons
                0x0800e4dc      0x1e8 ./src/kernel/capinv.o
 .text.cap_kmem_freeze
                0x0800e6c4      0x130 ./src/kernel/capinv.o
 .text.kmem_page_scan
                0x0800e7f4       0x44 ./src/kernel/capinv.o
 .text.comp_activate
                0x0800e838      0x1ac ./src/kernel/capinv.o
 .text.comp_deactivate
                0x0800e9e4       0x84 ./src/kernel/capinv.o
 .text.tcap_sched_info
                0x0800ea68       0x20 ./src/kernel/capinv.o
 .text.tcap_ref_take
                0x0800ea88       0x1c ./src/kernel/capinv.o
 .text.tcap_ref_release
                0x0800eaa4       0x1c ./src/kernel/capinv.o
 .text.tcap_ref
                0x0800eac0       0x18 ./src/kernel/capinv.o
 .text.tcap_rcvcap_thd
                0x0800ead8       0x18 ./src/kernel/capinv.o
 .text.tcap_is_active
                0x0800eaf0       0x28 ./src/kernel/capinv.o
 .text.tcap_active_next
                0x0800eb18       0x1c ./src/kernel/capinv.o
 .text.tcap_active_rem
                0x0800eb34       0x1c ./src/kernel/capinv.o
 .text.tcap_consume
                0x0800eb50       0xc8 ./src/kernel/capinv.o
 .text.tcap_left
                0x0800ec18       0x18 ./src/kernel/capinv.o
 .text.tcap_expended
                0x0800ec30       0x24 ./src/kernel/capinv.o
 .text.tcap_setprio
                0x0800ec54       0x58 ./src/kernel/capinv.o
 .text.tcap_current
                0x0800ecac       0x18 ./src/kernel/capinv.o
 .text.tcap_current_set
                0x0800ecc4       0x4c ./src/kernel/capinv.o
 .text.tcap_budgets_update
                0x0800ed10       0x70 ./src/kernel/capinv.o
 .text.tcap_timer_update
                0x0800ed80       0x9c ./src/kernel/capinv.o
 .text.tcap_higher_prio
                0x0800ee1c       0xdc ./src/kernel/capinv.o
 .text.thd_upcall_setup
                0x0800eef8       0x64 ./src/kernel/capinv.o
 .text.thdid_alloc
                0x0800ef5c       0x50 ./src/kernel/capinv.o
 .text.thd_rcvcap_take
                0x0800efac       0x20 ./src/kernel/capinv.o
 .text.thd_rcvcap_release
                0x0800efcc       0x20 ./src/kernel/capinv.o
 .text.thd_rcvcap_isreferenced
                0x0800efec       0x24 ./src/kernel/capinv.o
 .text.thd_bound2rcvcap
                0x0800f010       0x18 ./src/kernel/capinv.o
 .text.thd_rcvcap_tcap
                0x0800f028       0x18 ./src/kernel/capinv.o
 .text.thd_rcvcap_sched
                0x0800f040       0x28 ./src/kernel/capinv.o
 .text.thd_rcvcap_init
                0x0800f068       0x3c ./src/kernel/capinv.o
 .text.thd_rcvcap_evt_enqueue
                0x0800f0a4       0x40 ./src/kernel/capinv.o
 .text.thd_rcvcap_evt_dequeue
                0x0800f0e4       0x20 ./src/kernel/capinv.o
 .text.thd_rcvcap_pending
                0x0800f104       0x34 ./src/kernel/capinv.o
 .text.thd_rcvcap_get_counter
                0x0800f138       0x18 ./src/kernel/capinv.o
 .text.thd_rcvcap_set_counter
                0x0800f150       0x1c ./src/kernel/capinv.o
 .text.thd_rcvcap_pending_inc
                0x0800f16c       0x20 ./src/kernel/capinv.o
 .text.thd_rcvcap_pending_dec
                0x0800f18c       0x34 ./src/kernel/capinv.o
 .text.thd_state_evt_deliver
                0x0800f1c0       0xa8 ./src/kernel/capinv.o
 .text.thd_activate
                0x0800f268      0x14c ./src/kernel/capinv.o
 .text.thd_deactivate
                0x0800f3b4      0x180 ./src/kernel/capinv.o
 .text.thd_tls_set
                0x0800f534       0x9c ./src/kernel/capinv.o
 .text.thd_current
                0x0800f5d0       0x18 ./src/kernel/capinv.o
 .text.thd_current_update
                0x0800f5e8       0x30 ./src/kernel/capinv.o
 .text.curr_invstk_inc
                0x0800f618       0x1c ./src/kernel/capinv.o
 .text.curr_invstk_dec
                0x0800f634       0x1c ./src/kernel/capinv.o
 .text.curr_invstk_top
                0x0800f650       0x18 ./src/kernel/capinv.o
 .text.thd_invstk_current
                0x0800f668       0x3c ./src/kernel/capinv.o
 .text.thd_invstk_push
                0x0800f6a4       0x8c ./src/kernel/capinv.o
 .text.thd_invstk_pop
                0x0800f730       0x44 ./src/kernel/capinv.o
 .text.thd_introspect
                0x0800f774       0x18 ./src/kernel/capinv.o
 .text.__userregs_getsp
                0x0800f78c       0x18 ./src/kernel/capinv.o
 .text.__userregs_getip
                0x0800f7a4       0x18 ./src/kernel/capinv.o
 .text.__userregs_getcap
                0x0800f7bc       0x1c ./src/kernel/capinv.o
 .text.__userregs_getop
                0x0800f7d8       0x18 ./src/kernel/capinv.o
 .text.__userregs_getinvret
                0x0800f7f0       0x18 ./src/kernel/capinv.o
 .text.__userregs_set
                0x0800f808       0x2c ./src/kernel/capinv.o
 .text.__userregs_setretvals
                0x0800f834       0x2c ./src/kernel/capinv.o
 .text.__userregs_sinvupdate
                0x0800f860       0x34 ./src/kernel/capinv.o
 .text.__userregs_get1
                0x0800f894       0x18 ./src/kernel/capinv.o
 .text.__userregs_get2
                0x0800f8ac       0x18 ./src/kernel/capinv.o
 .text.__userregs_get3
                0x0800f8c4       0x18 ./src/kernel/capinv.o
 .text.__userregs_get4
                0x0800f8dc       0x18 ./src/kernel/capinv.o
 .text.copy_gp_regs
                0x0800f8f4       0x9c ./src/kernel/capinv.o
 .text.copy_all_regs
                0x0800f990       0x9c ./src/kernel/capinv.o
 .text.sinv_activate
                0x0800fa2c       0x90 ./src/kernel/capinv.o
 .text.sinv_deactivate
                0x0800fabc       0x24 ./src/kernel/capinv.o
 .text.sret_deactivate
                0x0800fae0       0x24 ./src/kernel/capinv.o
 .text.asnd_construct
                0x0800fb04       0x68 ./src/kernel/capinv.o
 .text.asnd_activate
                0x0800fb6c       0xc8 ./src/kernel/capinv.o
 .text.asnd_deactivate
                0x0800fc34       0x24 ./src/kernel/capinv.o
 .text.__arcv_setup
                0x0800fc58       0xa4 ./src/kernel/capinv.o
 .text.__arcv_teardown
                0x0800fcfc       0x9c ./src/kernel/capinv.o
 .text.arcv_thd_notif
                0x0800fd98       0x18 ./src/kernel/capinv.o
 .text.arcv_activate
                0x0800fdb0      0x24c ./src/kernel/capinv.o
 .text.arcv_deactivate
                0x0800fffc       0xb0 ./src/kernel/capinv.o
 .text.sinv_call
                0x080100ac       0xd4 ./src/kernel/capinv.o
 .text.sret_ret
                0x08010180       0xa8 ./src/kernel/capinv.o
 .text.cos_ipi_ring_enqueue
                0x08010228       0x9c ./src/kernel/capinv.o
 .text.cos_cap_send_ipi
                0x080102c4       0x3c ./src/kernel/capinv.o
 .text.hw_activate
                0x08010300       0x48 ./src/kernel/capinv.o
 .text.hw_deactivate
                0x08010348       0x24 ./src/kernel/capinv.o
 .text.hw_attach_rcvcap
                0x0801036c       0x88 ./src/kernel/capinv.o
 .text.hw_detach_rcvcap
                0x080103f4       0x60 ./src/kernel/capinv.o
 .text.tlb_mandatory_flush
                0x08010454       0x5c ./src/kernel/capinv.o
                0x08010454                tlb_mandatory_flush
 .text.printfn  0x080104b0      0x140 ./src/kernel/capinv.o
 .text.kmem_unalloc
                0x080105f0       0x68 ./src/kernel/capinv.o
 .text.kmem_deact_pre
                0x08010658      0x3dc ./src/kernel/capinv.o
                0x08010658                kmem_deact_pre
 .text.kmem_deact_post
                0x08010a34       0x78 ./src/kernel/capinv.o
                0x08010a34                kmem_deact_post
 .text.cap_cpy  0x08010aac      0x290 ./src/kernel/capinv.o
 .text.cap_move
                0x08010d3c      0x17c ./src/kernel/capinv.o
 .text.cap_thd_switch
                0x08010eb8      0x2fc ./src/kernel/capinv.o
 .text.notify_parent
                0x080111b4       0xa4 ./src/kernel/capinv.o
 .text.notify_process
                0x08011258       0x48 ./src/kernel/capinv.o
 .text.asnd_process
                0x080112a0       0x34 ./src/kernel/capinv.o
 .text.cap_update
                0x080112d4      0x1b0 ./src/kernel/capinv.o
 .text.cap_switch
                0x08011484       0x40 ./src/kernel/capinv.o
 .text.cap_thd_op
                0x080114c4      0x1e8 ./src/kernel/capinv.o
 .text.__cap_asnd_to_arcv
                0x080116ac       0x70 ./src/kernel/capinv.o
 .text.cap_asnd_op
                0x0801171c      0x118 ./src/kernel/capinv.o
 .text.expended_process
                0x08011834       0xd8 ./src/kernel/capinv.o
                0x08011834                expended_process
 .text.cap_arcv_op
                0x0801190c      0x1a0 ./src/kernel/capinv.o
 .text.cap_introspect
                0x08011aac       0x5c ./src/kernel/capinv.o
 .text.composite_syscall_handler
                0x08011b08      0x1dc ./src/kernel/capinv.o
                0x08011b08                composite_syscall_handler
 .text.composite_syscall_slowpath
                0x08011ce4     0x181c ./src/kernel/capinv.o
 .text.ert_defget
                0x08013500        0x4 ./src/kernel/captbl.o
 .text.ert_defisnull
                0x08013504        0xc ./src/kernel/captbl.o
 .text.ert_defresolve
                0x08013510        0x4 ./src/kernel/captbl.o
 .text.ert_defset
                0x08013514        0x8 ./src/kernel/captbl.o
 .text.__ltbl_isnull
                0x0801351c        0x4 ./src/kernel/captbl.o
 .text.__ltbl_getleaf
                0x08013520        0x4 ./src/kernel/captbl.o
 .text.__captbl_init
                0x08013524        0x8 ./src/kernel/captbl.o
 .text.__captbl_get
                0x0801352c        0x4 ./src/kernel/captbl.o
 .text.__captbl_getleaf
                0x08013530       0x50 ./src/kernel/captbl.o
 .text.__captbl_allocfn
                0x08013580       0x3c ./src/kernel/captbl.o
 .text.captbl_leaflvl_scan
                0x080135bc      0x294 ./src/kernel/captbl.o
 .text.captbl_add
                0x08013850      0x5a8 ./src/kernel/captbl.o
 .text.captbl_activate_boot
                0x08013df8       0x44 ./src/kernel/captbl.o
                0x08013df8                captbl_activate_boot
 .text.captbl_activate
                0x08013e3c      0x120 ./src/kernel/captbl.o
                0x08013e3c                captbl_activate
 .text.captbl_deactivate
                0x08013f5c      0x52c ./src/kernel/captbl.o
                0x08013f5c                captbl_deactivate
 .text.captbl_cons
                0x08014488      0x4f8 ./src/kernel/captbl.o
                0x08014488                captbl_cons
 .text.captbl_kmem_scan
                0x08014980       0x4c ./src/kernel/captbl.o
                0x08014980                captbl_kmem_scan
 .text.ltbl_init
                0x080149cc       0x40 ./src/kernel/liveness_tbl.o
                0x080149cc                ltbl_init
 .text.ert_defget
                0x08014a0c        0x4 ./src/kernel/pgtbl.o
 .text.ert_defisnull
                0x08014a10        0xc ./src/kernel/pgtbl.o
 .text.ert_defresolve
                0x08014a1c        0x4 ./src/kernel/pgtbl.o
 .text.__ltbl_isnull
                0x08014a20        0x4 ./src/kernel/pgtbl.o
 .text.__ltbl_getleaf
                0x08014a24        0x4 ./src/kernel/pgtbl.o
 .text.__captbl_get
                0x08014a28        0x4 ./src/kernel/pgtbl.o
 .text.__pgtbl_isnull
                0x08014a2c       0x10 ./src/kernel/pgtbl.o
 .text.__captbl_getleaf
                0x08014a3c       0x50 ./src/kernel/pgtbl.o
 .text.__pgtbl_get
                0x08014a8c       0x1c ./src/kernel/pgtbl.o
 .text.pgtbl_lkup_pte
                0x08014aa8       0xa8 ./src/kernel/pgtbl.o
 .text.pgtbl_mapping_add
                0x08014b50      0x178 ./src/kernel/pgtbl.o
 .text.pgtbl_kmem_act
                0x08014cc8      0x1a4 ./src/kernel/pgtbl.o
                0x08014cc8                pgtbl_kmem_act
 .text.tlb_quiescence_check
                0x08014e6c       0x84 ./src/kernel/pgtbl.o
                0x08014e6c                tlb_quiescence_check
 .text.cap_memactivate
                0x08014ef0      0x160 ./src/kernel/pgtbl.o
                0x08014ef0                cap_memactivate
 .text.pgtbl_activate
                0x08015050      0x61c ./src/kernel/pgtbl.o
                0x08015050                pgtbl_activate
 .text.pgtbl_deactivate
                0x0801566c      0x510 ./src/kernel/pgtbl.o
                0x0801566c                pgtbl_deactivate
 .text.cos_mem_fence
                0x08015b7c        0xc ./src/kernel/retype_tbl.o
 .text.cos_cas  0x08015b88       0x58 ./src/kernel/retype_tbl.o
 .text.get_cpuid
                0x08015be0       0x10 ./src/kernel/retype_tbl.o
 .text.retypetbl_cas
                0x08015bf0       0x20 ./src/kernel/retype_tbl.o
 .text.mod_ref_cnt
                0x08015c10      0x1dc ./src/kernel/retype_tbl.o
 .text.retypetbl_kern_ref
                0x08015dec       0x1c ./src/kernel/retype_tbl.o
                0x08015dec                retypetbl_kern_ref
 .text.retypetbl_ref
                0x08015e08       0x20 ./src/kernel/retype_tbl.o
                0x08015e08                retypetbl_ref
 .text.retypetbl_deref
                0x08015e28       0x20 ./src/kernel/retype_tbl.o
                0x08015e28                retypetbl_deref
 .text.mod_mem_type
                0x08015e48      0x1f0 ./src/kernel/retype_tbl.o
 .text.retypetbl_retype2user
                0x08016038       0x1c ./src/kernel/retype_tbl.o
                0x08016038                retypetbl_retype2user
 .text.retypetbl_retype2kern
                0x08016054       0x1c ./src/kernel/retype_tbl.o
                0x08016054                retypetbl_retype2kern
 .text.retypetbl_retype2frame
                0x08016070      0x39c ./src/kernel/retype_tbl.o
                0x08016070                retypetbl_retype2frame
 .text.retype_tbl_init
                0x0801640c       0xb8 ./src/kernel/retype_tbl.o
                0x0801640c                retype_tbl_init
 .text.ert_defget
                0x080164c4        0x4 ./src/kernel/tcap.o
 .text.ert_defisnull
                0x080164c8        0xc ./src/kernel/tcap.o
 .text.ert_defresolve
                0x080164d4        0x4 ./src/kernel/tcap.o
 .text.__ltbl_isnull
                0x080164d8        0x4 ./src/kernel/tcap.o
 .text.__ltbl_getleaf
                0x080164dc        0x4 ./src/kernel/tcap.o
 .text.__captbl_get
                0x080164e0        0x4 ./src/kernel/tcap.o
 .text.__captbl_getleaf
                0x080164e4       0x50 ./src/kernel/tcap.o
 .text.__tcap_init
                0x08016534       0x90 ./src/kernel/tcap.o
 .text.__tcap_transfer
                0x080165c4      0x14c ./src/kernel/tcap.o
 .text.tcap_delete
                0x08016710       0x68 ./src/kernel/tcap.o
 .text.__thd_exec_add
                0x08016778        0xc ./src/kernel/tcap.o
                0x08016778                __thd_exec_add
 .text.tcap_activate
                0x08016784      0x630 ./src/kernel/tcap.o
                0x08016784                tcap_activate
 .text.tcap_promote
                0x08016db4        0x8 ./src/kernel/tcap.o
                0x08016db4                tcap_promote
 .text.tcap_delegate
                0x08016dbc      0x270 ./src/kernel/tcap.o
                0x08016dbc                tcap_delegate
 .text.tcap_merge
                0x0801702c       0x74 ./src/kernel/tcap.o
                0x0801702c                tcap_merge
 .text.tcap_active_init
                0x080170a0       0x10 ./src/kernel/tcap.o
                0x080170a0                tcap_active_init
 .text          0x080170b0       0xa0 /home/pry/eclipse/gcc-arm-none-eabi-5_4-2016q3/bin/../lib/gcc/arm-none-eabi/5.4.1/armv7e-m/libgcc.a(_aeabi_ldivmod.o)
                0x080170b0                __aeabi_ldivmod
 .text          0x08017150      0x2e4 /home/pry/eclipse/gcc-arm-none-eabi-5_4-2016q3/bin/../lib/gcc/arm-none-eabi/5.4.1/armv7e-m/libgcc.a(_udivmoddi4.o)
                0x08017150                __udivmoddi4
 .text          0x08017434        0x4 /home/pry/eclipse/gcc-arm-none-eabi-5_4-2016q3/bin/../lib/gcc/arm-none-eabi/5.4.1/armv7e-m/libgcc.a(_dvmd_tls.o)
                0x08017434                __aeabi_ldiv0
                0x08017434                __aeabi_idiv0
 .text.memcpy   0x08017438       0x16 /home/pry/eclipse/gcc-arm-none-eabi-5_4-2016q3/bin/../lib/gcc/arm-none-eabi/5.4.1/../../../../arm-none-eabi/lib/armv7e-m/libg_nano.a(lib_a-memcpy-stub.o)
                0x08017438                memcpy
 .text.memset   0x0801744e       0x10 /home/pry/eclipse/gcc-arm-none-eabi-5_4-2016q3/bin/../lib/gcc/arm-none-eabi/5.4.1/../../../../arm-none-eabi/lib/armv7e-m/libg_nano.a(lib_a-memset.o)
                0x0801744e                memset
 *fill*         0x0801745e        0x2 
 .text.sprintf  0x08017460       0x48 /home/pry/eclipse/gcc-arm-none-eabi-5_4-2016q3/bin/../lib/gcc/arm-none-eabi/5.4.1/../../../../arm-none-eabi/lib/armv7e-m/libg_nano.a(lib_a-sprintf.o)
                0x08017460                sprintf
                0x08017460                siprintf
 .text          0x080174a8       0x10 /home/pry/eclipse/gcc-arm-none-eabi-5_4-2016q3/bin/../lib/gcc/arm-none-eabi/5.4.1/../../../../arm-none-eabi/lib/armv7e-m/libg_nano.a(lib_a-strlen.o)
                0x080174a8                strlen
 .text.__ssputs_r
                0x080174b8       0xb2 /home/pry/eclipse/gcc-arm-none-eabi-5_4-2016q3/bin/../lib/gcc/arm-none-eabi/5.4.1/../../../../arm-none-eabi/lib/armv7e-m/libg_nano.a(lib_a-nano-svfprintf.o)
                0x080174b8                __ssputs_r
 *fill*         0x0801756a        0x2 
 .text._svfprintf_r
                0x0801756c      0x1e8 /home/pry/eclipse/gcc-arm-none-eabi-5_4-2016q3/bin/../lib/gcc/arm-none-eabi/5.4.1/../../../../arm-none-eabi/lib/armv7e-m/libg_nano.a(lib_a-nano-svfprintf.o)
                0x0801756c                _svfprintf_r
                0x0801756c                _svfiprintf_r
 .text._printf_common
                0x08017754       0xec /home/pry/eclipse/gcc-arm-none-eabi-5_4-2016q3/bin/../lib/gcc/arm-none-eabi/5.4.1/../../../../arm-none-eabi/lib/armv7e-m/libg_nano.a(lib_a-nano-vfprintf_i.o)
                0x08017754                _printf_common
 .text._printf_i
                0x08017840      0x24c /home/pry/eclipse/gcc-arm-none-eabi-5_4-2016q3/bin/../lib/gcc/arm-none-eabi/5.4.1/../../../../arm-none-eabi/lib/armv7e-m/libg_nano.a(lib_a-nano-vfprintf_i.o)
                0x08017840                _printf_i
 *fill*         0x08017a8c        0x4 
 .text          0x08017a90       0xa0 /home/pry/eclipse/gcc-arm-none-eabi-5_4-2016q3/bin/../lib/gcc/arm-none-eabi/5.4.1/../../../../arm-none-eabi/lib/armv7e-m/libg_nano.a(lib_a-memchr.o)
                0x08017a90                memchr
 .text.memmove  0x08017b30       0x36 /home/pry/eclipse/gcc-arm-none-eabi-5_4-2016q3/bin/../lib/gcc/arm-none-eabi/5.4.1/../../../../arm-none-eabi/lib/armv7e-m/libg_nano.a(lib_a-memmove.o)
                0x08017b30                memmove
 *fill*         0x08017b66        0x2 
 .text._free_r  0x08017b68       0x9c /home/pry/eclipse/gcc-arm-none-eabi-5_4-2016q3/bin/../lib/gcc/arm-none-eabi/5.4.1/../../../../arm-none-eabi/lib/armv7e-m/libg_nano.a(lib_a-nano-freer.o)
                0x08017b68                _free_r
 .text._malloc_r
                0x08017c04       0xbc /home/pry/eclipse/gcc-arm-none-eabi-5_4-2016q3/bin/../lib/gcc/arm-none-eabi/5.4.1/../../../../arm-none-eabi/lib/armv7e-m/libg_nano.a(lib_a-nano-mallocr.o)
                0x08017c04                _malloc_r
 .text._realloc_r
                0x08017cc0       0x4c /home/pry/eclipse/gcc-arm-none-eabi-5_4-2016q3/bin/../lib/gcc/arm-none-eabi/5.4.1/../../../../arm-none-eabi/lib/armv7e-m/libg_nano.a(lib_a-nano-reallocr.o)
                0x08017cc0                _realloc_r
 .text._sbrk_r  0x08017d0c       0x20 /home/pry/eclipse/gcc-arm-none-eabi-5_4-2016q3/bin/../lib/gcc/arm-none-eabi/5.4.1/../../../../arm-none-eabi/lib/armv7e-m/libg_nano.a(lib_a-sbrkr.o)
                0x08017d0c                _sbrk_r
 .text.__malloc_lock
                0x08017d2c        0x2 /home/pry/eclipse/gcc-arm-none-eabi-5_4-2016q3/bin/../lib/gcc/arm-none-eabi/5.4.1/../../../../arm-none-eabi/lib/armv7e-m/libg_nano.a(lib_a-mlock.o)
                0x08017d2c                __malloc_lock
 .text.__malloc_unlock
                0x08017d2e        0x2 /home/pry/eclipse/gcc-arm-none-eabi-5_4-2016q3/bin/../lib/gcc/arm-none-eabi/5.4.1/../../../../arm-none-eabi/lib/armv7e-m/libg_nano.a(lib_a-mlock.o)
                0x08017d2e                __malloc_unlock
 .text._malloc_usable_size_r
                0x08017d30       0x14 /home/pry/eclipse/gcc-arm-none-eabi-5_4-2016q3/bin/../lib/gcc/arm-none-eabi/5.4.1/../../../../arm-none-eabi/lib/armv7e-m/libg_nano.a(lib_a-nano-msizer.o)
                0x08017d30                _malloc_usable_size_r
 *(.rodata .rodata.* .constdata .constdata.*)
 .rodata.str1.4
                0x08017d44       0x3b ./src/platform/cmx/src/stm32f7-hal/stm32f7xx_hal_cortex.o
 *fill*         0x08017d7f        0x1 
 .rodata.str1.4
                0x08017d80       0x39 ./src/platform/cmx/src/stm32f7-hal/stm32f7xx_hal_gpio.o
 *fill*         0x08017db9        0x3 
 .rodata.str1.4
                0x08017dbc       0x39 ./src/platform/cmx/src/stm32f7-hal/stm32f7xx_hal_ltdc.o
 *fill*         0x08017df5        0x3 
 .rodata.str1.4
                0x08017df8       0x38 ./src/platform/cmx/src/stm32f7-hal/stm32f7xx_hal_rcc.o
 .rodata.str1.4
                0x08017e30       0x3b ./src/platform/cmx/src/stm32f7-hal/stm32f7xx_hal_rcc_ex.o
 *fill*         0x08017e6b        0x1 
 .rodata.str1.4
                0x08017e6c       0x37 ./src/platform/cmx/src/stm32f7-hal/stm32f7xx_ll_fmc.o
 *fill*         0x08017ea3        0x1 
 .rodata.AHBPrescTable
                0x08017ea4       0x10 ./src/platform/cmx/src/cmsis/system_stm32f7xx.o
                0x08017ea4                AHBPrescTable
 .rodata        0x08017eb4      0x986 ./src/platform/cmx/boot_comp.o
 *fill*         0x0801883a        0x2 
 .rodata.__func__.6253
                0x0801883c        0xa ./src/platform/cmx/boot_comp.o
 *fill*         0x08018846        0x2 
 .rodata.__func__.6228
                0x08018848        0xb ./src/platform/cmx/boot_comp.o
 *fill*         0x08018853        0x1 
 .rodata.__func__.6350
                0x08018854        0xf ./src/platform/cmx/boot_comp.o
 *fill*         0x08018863        0x1 
 .rodata.__func__.6499
                0x08018864       0x11 ./src/platform/cmx/boot_comp.o
 *fill*         0x08018875        0x3 
 .rodata.__func__.6529
                0x08018878       0x11 ./src/platform/cmx/boot_comp.o
 *fill*         0x08018889        0x3 
 .rodata.__func__.6300
                0x0801888c        0xd ./src/platform/cmx/boot_comp.o
 *fill*         0x08018899        0x3 
 .rodata.__func__.6689
                0x0801889c        0xe ./src/platform/cmx/boot_comp.o
 *fill*         0x080188aa        0x2 
 .rodata.__func__.6332
                0x080188ac        0xd ./src/platform/cmx/boot_comp.o
 *fill*         0x080188b9        0x3 
 .rodata.__func__.6900
                0x080188bc        0xc ./src/platform/cmx/boot_comp.o
 .rodata.__func__.6865
                0x080188c8        0xa ./src/platform/cmx/boot_comp.o
 *fill*         0x080188d2        0x2 
 .rodata.__func__.7025
                0x080188d4       0x12 ./src/platform/cmx/boot_comp.o
 *fill*         0x080188e6        0x2 
 .rodata.__func__.7046
                0x080188e8       0x13 ./src/platform/cmx/boot_comp.o
 *fill*         0x080188fb        0x1 
 .rodata.__func__.6456
                0x080188fc       0x13 ./src/platform/cmx/boot_comp.o
 *fill*         0x0801890f        0x1 
 .rodata.__func__.6636
                0x08018910        0xb ./src/platform/cmx/boot_comp.o
 *fill*         0x0801891b        0x1 
 .rodata.__func__.6450
                0x0801891c        0x9 ./src/platform/cmx/boot_comp.o
 *fill*         0x08018925        0x3 
 .rodata.__func__.7489
                0x08018928        0xc ./src/platform/cmx/boot_comp.o
 .rodata.__func__.7567
                0x08018934        0xd ./src/platform/cmx/boot_comp.o
 *fill*         0x08018941        0x3 
 .rodata.__func__.7788
                0x08018944        0xd ./src/platform/cmx/boot_comp.o
 *fill*         0x08018951        0x3 
 .rodata.__func__.7817
                0x08018954        0xe ./src/platform/cmx/boot_comp.o
 *fill*         0x08018962        0x2 
 .rodata.__func__.10556
                0x08018964       0x18 ./src/platform/cmx/boot_comp.o
 .rodata.__func__.7208
                0x0801897c        0x9 ./src/platform/cmx/boot_comp.o
 *fill*         0x08018985        0x3 
 .rodata.__func__.10581
                0x08018988        0xe ./src/platform/cmx/boot_comp.o
 *fill*         0x08018996        0x2 
 .rodata.__func__.7399
                0x08018998        0xd ./src/platform/cmx/boot_comp.o
 *fill*         0x080189a5        0x3 
 .rodata.__func__.10595
                0x080189a8        0xf ./src/platform/cmx/boot_comp.o
 *fill*         0x080189b7        0x1 
 .rodata.__func__.10605
                0x080189b8       0x11 ./src/platform/cmx/boot_comp.o
 *fill*         0x080189c9        0x3 
 .rodata.asc2_2412
                0x080189cc      0xd5c ./src/platform/cmx/lcd.o
                0x080189cc                asc2_2412
 .rodata.asc2_1206
                0x08019728      0x474 ./src/platform/cmx/lcd.o
                0x08019728                asc2_1206
 .rodata.asc2_3216
                0x08019b9c     0x2f80 ./src/platform/cmx/lcd.o
                0x08019b9c                asc2_3216
 .rodata.asc2_1608
                0x0801cb1c      0x5f0 ./src/platform/cmx/lcd.o
                0x0801cb1c                asc2_1608
 .rodata.__func__.10548
                0x0801d10c        0xf ./src/platform/cmx/vm.o
 *fill*         0x0801d11b        0x1 
 .rodata.str1.4
                0x0801d11c       0xd4 ./src/platform/cmx/vm.o
                                 0xd8 (size before relaxing)
 .rodata        0x0801d1f0      0xa80 ./src/kernel/capinv.o
 .rodata.__func__.4412
                0x0801dc70        0xa ./src/kernel/capinv.o
 *fill*         0x0801dc7a        0x2 
 .rodata.__func__.4387
                0x0801dc7c        0xb ./src/kernel/capinv.o
 *fill*         0x0801dc87        0x1 
 .rodata.__func__.6350
                0x0801dc88        0xf ./src/kernel/capinv.o
 *fill*         0x0801dc97        0x1 
 .rodata.__func__.6499
                0x0801dc98       0x11 ./src/kernel/capinv.o
 *fill*         0x0801dca9        0x3 
 .rodata.__func__.6529
                0x0801dcac       0x11 ./src/kernel/capinv.o
 *fill*         0x0801dcbd        0x3 
 .rodata.__func__.4459
                0x0801dcc0        0xd ./src/kernel/capinv.o
 *fill*         0x0801dccd        0x3 
 .rodata.__func__.6689
                0x0801dcd0        0xe ./src/kernel/capinv.o
 *fill*         0x0801dcde        0x2 
 .rodata.__func__.4491
                0x0801dce0        0xd ./src/kernel/capinv.o
 *fill*         0x0801dced        0x3 
 .rodata.__func__.6900
                0x0801dcf0        0xc ./src/kernel/capinv.o
 .rodata.__func__.6865
                0x0801dcfc        0xa ./src/kernel/capinv.o
 *fill*         0x0801dd06        0x2 
 .rodata.__func__.7025
                0x0801dd08       0x12 ./src/kernel/capinv.o
 *fill*         0x0801dd1a        0x2 
 .rodata.__func__.7066
                0x0801dd1c       0x12 ./src/kernel/capinv.o
 *fill*         0x0801dd2e        0x2 
 .rodata.__func__.7146
                0x0801dd30       0x13 ./src/kernel/capinv.o
 *fill*         0x0801dd43        0x1 
 .rodata.__func__.6456
                0x0801dd44       0x13 ./src/kernel/capinv.o
 *fill*         0x0801dd57        0x1 
 .rodata.__func__.6636
                0x0801dd58        0xb ./src/kernel/capinv.o
 *fill*         0x0801dd63        0x1 
 .rodata.__func__.6450
                0x0801dd64        0x9 ./src/kernel/capinv.o
 *fill*         0x0801dd6d        0x3 
 .rodata.__func__.6661
                0x0801dd70        0xb ./src/kernel/capinv.o
 *fill*         0x0801dd7b        0x1 
 .rodata.__func__.7489
                0x0801dd7c        0xc ./src/kernel/capinv.o
 .rodata.__func__.7567
                0x0801dd88        0xd ./src/kernel/capinv.o
 *fill*         0x0801dd95        0x3 
 .rodata.__func__.7583
                0x0801dd98        0xf ./src/kernel/capinv.o
 *fill*         0x0801dda7        0x1 
 .rodata.__func__.7592
                0x0801dda8        0xc ./src/kernel/capinv.o
 .rodata.__func__.7788
                0x0801ddb4        0xd ./src/kernel/capinv.o
 *fill*         0x0801ddc1        0x3 
 .rodata.__func__.7795
                0x0801ddc4       0x10 ./src/kernel/capinv.o
 .rodata.__func__.7817
                0x0801ddd4        0xe ./src/kernel/capinv.o
 *fill*         0x0801dde2        0x2 
 .rodata.__func__.7955
                0x0801dde4        0xd ./src/kernel/capinv.o
 *fill*         0x0801ddf1        0x3 
 .rodata.__func__.7970
                0x0801ddf4        0xf ./src/kernel/capinv.o
 *fill*         0x0801de03        0x1 
 .rodata.__func__.8038
                0x0801de04        0xf ./src/kernel/capinv.o
 *fill*         0x0801de13        0x1 
 .rodata.__func__.7555
                0x0801de14       0x16 ./src/kernel/capinv.o
 *fill*         0x0801de2a        0x2 
 .rodata.__func__.8048
                0x0801de2c        0xe ./src/kernel/capinv.o
 *fill*         0x0801de3a        0x2 
 .rodata.__func__.8086
                0x0801de3c        0xb ./src/kernel/capinv.o
 *fill*         0x0801de47        0x1 
 .rodata.__func__.7388
                0x0801de48        0xd ./src/kernel/capinv.o
 *fill*         0x0801de55        0x3 
 .rodata.__func__.7399
                0x0801de58        0xd ./src/kernel/capinv.o
 *fill*         0x0801de65        0x3 
 .rodata.__func__.8115
                0x0801de68        0xb ./src/kernel/capinv.o
 *fill*         0x0801de73        0x1 
 .rodata.__func__.8136
                0x0801de74        0xc ./src/kernel/capinv.o
 .rodata.__func__.8164
                0x0801de80       0x11 ./src/kernel/capinv.o
 *fill*         0x0801de91        0x3 
 .rodata.__func__.8186
                0x0801de94        0xc ./src/kernel/capinv.o
 .rodata.__func__.8214
                0x0801dea0       0x1a ./src/kernel/capinv.o
 *fill*         0x0801deba        0x2 
 .rodata.__func__.8234
                0x0801debc       0x1b ./src/kernel/capinv.o
 *fill*         0x0801ded7        0x1 
 .rodata.__func__.7195
                0x0801ded8       0x12 ./src/kernel/capinv.o
 *fill*         0x0801deea        0x2 
 .rodata.__func__.7208
                0x0801deec        0x9 ./src/kernel/capinv.o
 *fill*         0x0801def5        0x3 
 .rodata.__func__.6661
                0x0801def8        0xb ./src/kernel/captbl.o
 *fill*         0x0801df03        0x1 
 .rodata.__func__.4387
                0x0801df04        0xb ./src/kernel/captbl.o
 *fill*         0x0801df0f        0x1 
 .rodata.__func__.7325
                0x0801df10       0x14 ./src/kernel/captbl.o
 .rodata.__func__.6499
                0x0801df24       0x11 ./src/kernel/captbl.o
 *fill*         0x0801df35        0x3 
 .rodata.__func__.7337
                0x0801df38       0x11 ./src/kernel/captbl.o
 *fill*         0x0801df49        0x3 
 .rodata.__func__.6456
                0x0801df4c       0x13 ./src/kernel/captbl.o
 *fill*         0x0801df5f        0x1 
 .rodata.__func__.4459
                0x0801df60        0xd ./src/kernel/captbl.o
 *fill*         0x0801df6d        0x3 
 .rodata.str1.4
                0x0801df70      0x1cd ./src/kernel/captbl.o
                                0x1fd (size before relaxing)
 *fill*         0x0801e13d        0x3 
 .rodata.__func__.7299
                0x0801e140       0x12 ./src/kernel/captbl.o
 *fill*         0x0801e152        0x2 
 .rodata.__func__.4491
                0x0801e154        0xd ./src/kernel/captbl.o
 *fill*         0x0801e161        0x3 
 .rodata.__func__.6636
                0x0801e164        0xb ./src/kernel/captbl.o
 *fill*         0x0801e16f        0x1 
 .rodata.__func__.6661
                0x0801e170        0xb ./src/kernel/pgtbl.o
 *fill*         0x0801e17b        0x1 
 .rodata.__func__.7277
                0x0801e17c        0xf ./src/kernel/pgtbl.o
 *fill*         0x0801e18b        0x1 
 .rodata.__func__.7329
                0x0801e18c       0x11 ./src/kernel/pgtbl.o
 *fill*         0x0801e19d        0x3 
 .rodata.__func__.7302
                0x0801e1a0       0x10 ./src/kernel/pgtbl.o
 .rodata.__func__.6456
                0x0801e1b0       0x13 ./src/kernel/pgtbl.o
 *fill*         0x0801e1c3        0x1 
 .rodata.__func__.4459
                0x0801e1c4        0xd ./src/kernel/pgtbl.o
 *fill*         0x0801e1d1        0x3 
 .rodata.str1.4
                0x0801e1d4      0x11b ./src/kernel/pgtbl.o
                                0x255 (size before relaxing)
 *fill*         0x0801e2ef        0x1 
 .rodata.__func__.6636
                0x0801e2f0        0xb ./src/kernel/pgtbl.o
 *fill*         0x0801e2fb        0x1 
 .rodata.__func__.7025
                0x0801e2fc       0x12 ./src/kernel/pgtbl.o
 *fill*         0x0801e30e        0x2 
 .rodata        0x0801e310       0xcd ./src/kernel/retype_tbl.o
 *fill*         0x0801e3dd        0x3 
 .rodata.__func__.6241
                0x0801e3e0        0xc ./src/kernel/retype_tbl.o
 .rodata.__func__.6262
                0x0801e3ec        0xd ./src/kernel/retype_tbl.o
 *fill*         0x0801e3f9        0x3 
 .rodata.__func__.6286
                0x0801e3fc       0x17 ./src/kernel/retype_tbl.o
 *fill*         0x0801e413        0x1 
 .rodata.__func__.7714
                0x0801e414        0xe ./src/kernel/tcap.o
 *fill*         0x0801e422        0x2 
 .rodata.__func__.7668
                0x0801e424        0xc ./src/kernel/tcap.o
 .rodata.__func__.7724
                0x0801e430        0xb ./src/kernel/tcap.o
 *fill*         0x0801e43b        0x1 
 .rodata.__func__.7609
                0x0801e43c        0xd ./src/kernel/tcap.o
 *fill*         0x0801e449        0x3 
 .rodata.__func__.7676
                0x0801e44c       0x13 ./src/kernel/tcap.o
 *fill*         0x0801e45f        0x1 
 .rodata.__func__.6456
                0x0801e460       0x13 ./src/kernel/tcap.o
 *fill*         0x0801e473        0x1 
 .rodata.str1.4
                0x0801e474      0x148 ./src/kernel/tcap.o
                                0x266 (size before relaxing)
 .rodata.__func__.7685
                0x0801e5bc       0x10 ./src/kernel/tcap.o
 .rodata.__func__.6300
                0x0801e5cc        0xd ./src/kernel/tcap.o
 *fill*         0x0801e5d9        0x3 
 .rodata.__func__.7695
                0x0801e5dc        0xe ./src/kernel/tcap.o
 *fill*         0x0801e5ea        0x2 
 .rodata.__func__.6636
                0x0801e5ec        0xb ./src/kernel/tcap.o
 .rodata.str1.1
                0x0801e5f7       0x11 /home/pry/eclipse/gcc-arm-none-eabi-5_4-2016q3/bin/../lib/gcc/arm-none-eabi/5.4.1/../../../../arm-none-eabi/lib/armv7e-m/libg_nano.a(lib_a-nano-svfprintf.o)
 .rodata.str1.1
                0x0801e608       0x22 /home/pry/eclipse/gcc-arm-none-eabi-5_4-2016q3/bin/../lib/gcc/arm-none-eabi/5.4.1/../../../../arm-none-eabi/lib/armv7e-m/libg_nano.a(lib_a-nano-vfprintf_i.o)
 *(vtable)
 *(.eh_frame*)
 *(.glue_7)
 .glue_7        0x0801e62a        0x0 linker stubs
 *(.glue_7t)
 .glue_7t       0x0801e62a        0x0 linker stubs

.vfp11_veneer   0x0801e62c        0x0
 .vfp11_veneer  0x0801e62c        0x0 linker stubs

.v4_bx          0x0801e62c        0x0
 .v4_bx         0x0801e62c        0x0 linker stubs

.iplt           0x0801e62c        0x0
 .iplt          0x0801e62c        0x0 ./src/platform/cmx/src/stm32f7-hal/stm32f7xx_hal.o

.ARM.extab
 *(.ARM.extab* .gnu.linkonce.armextab.*)
                0x0801e62c                . = ALIGN (0x4)
                0x0801e62c                __exidx_start = .

.ARM.exidx      0x0801e62c        0x8
 *(.ARM.exidx* .gnu.linkonce.armexidx.*)
 .ARM.exidx     0x0801e62c        0x8 /home/pry/eclipse/gcc-arm-none-eabi-5_4-2016q3/bin/../lib/gcc/arm-none-eabi/5.4.1/armv7e-m/libgcc.a(_udivmoddi4.o)
                0x0801e634                __exidx_end = .

.rel.dyn        0x0801e634        0x0
 .rel.iplt      0x0801e634        0x0 ./src/platform/cmx/src/stm32f7-hal/stm32f7xx_hal.o
                0x0801e634                . = ALIGN (0x4)
                0x0801e634                _etext = .
                0x0801e634                __etext = .
                0x08020000                _sidata = LOADADDR (.data)

.data           0x20052000     0x2064 load address 0x08020000
 FILL mask 0xff
                0x20052000                _sdata = .
                0x20052000                __data_start__ = .
 *(.data_begin .data_begin.*)
 *(.data .data.*)
 .data.SystemCoreClock
                0x20052000        0x4 ./src/platform/cmx/src/cmsis/system_stm32f7xx.o
                0x20052000                SystemCoreClock
 .data.free_thd_id
                0x20052004        0x4 ./src/platform/cmx/chal.o
                0x20052004                free_thd_id
 .data.rdtsc_sim
                0x20052008        0x8 ./src/platform/cmx/kernel.o
                0x20052008                rdtsc_sim
 .data.POINT_COLOR
                0x20052010        0x4 ./src/platform/cmx/lcd.o
                0x20052010                POINT_COLOR
 .data.BACK_COLOR
                0x20052014        0x4 ./src/platform/cmx/lcd.o
                0x20052014                BACK_COLOR
 *fill*         0x20052018      0xfe8 ff
 .data.boot_comp_pgd
                0x20053000     0x1000 ./src/platform/cmx/vm.o
                0x20053000                boot_comp_pgd
 .data.impure_data
                0x20054000       0x60 /home/pry/eclipse/gcc-arm-none-eabi-5_4-2016q3/bin/../lib/gcc/arm-none-eabi/5.4.1/../../../../arm-none-eabi/lib/armv7e-m/libg_nano.a(lib_a-impure.o)
 .data._impure_ptr
                0x20054060        0x4 /home/pry/eclipse/gcc-arm-none-eabi-5_4-2016q3/bin/../lib/gcc/arm-none-eabi/5.4.1/../../../../arm-none-eabi/lib/armv7e-m/libg_nano.a(lib_a-impure.o)
                0x20054060                _impure_ptr
 *(.data_end .data_end.*)
                0x20054064                . = ALIGN (0x4)
                0x20054064                _edata = .
                0x20054064                __data_end__ = .

.igot.plt       0x20054064        0x0 load address 0x08022064
 .igot.plt      0x20054064        0x0 ./src/platform/cmx/src/stm32f7-hal/stm32f7xx_hal.o

.bss            0x20055000     0xaa44 load address 0x08022064
                0x20055000                __bss_start__ = .
                0x20055000                _sbss = .
 *(.bss_begin .bss_begin.*)
 *(.bss .bss.*)
 .bss           0x20055000       0x10 /home/pry/eclipse/gcc-arm-none-eabi-5_4-2016q3/bin/../lib/gcc/arm-none-eabi/5.4.1/armv7e-m/libgcc.a(_ctors.o)
                0x20055000                __DTOR_LIST__
                0x20055008                __CTOR_LIST__
 .bss.__malloc_sbrk_start
                0x20055010        0x4 /home/pry/eclipse/gcc-arm-none-eabi-5_4-2016q3/bin/../lib/gcc/arm-none-eabi/5.4.1/../../../../arm-none-eabi/lib/armv7e-m/libg_nano.a(lib_a-nano-mallocr.o)
                0x20055010                __malloc_sbrk_start
 .bss.__malloc_free_list
                0x20055014        0x4 /home/pry/eclipse/gcc-arm-none-eabi-5_4-2016q3/bin/../lib/gcc/arm-none-eabi/5.4.1/../../../../arm-none-eabi/lib/armv7e-m/libg_nano.a(lib_a-nano-mallocr.o)
                0x20055014                __malloc_free_list
 *(COMMON)
 COMMON         0x20055018        0x4 ./src/platform/cmx/src/stm32f7-hal/stm32f7xx_hal.o
                0x20055018                uwTick
 COMMON         0x2005501c     0x3800 ./src/platform/cmx/boot_comp.o
                0x2005501c                hw_asnd_caps
 *fill*         0x2005881c      0x7e4 
 COMMON         0x20059000     0x1004 ./src/platform/cmx/chal.o
                0x20059000                timer_detector
                0x2005a000                chal_kernel_mem_pa
 COMMON         0x2005a004       0x20 ./src/platform/cmx/kernel.o
                0x2005a004                glb_memlayout
 COMMON         0x2005a024       0x5c ./src/platform/cmx/lcd.o
                0x2005a024                lcddev
                0x2005a034                SRAM_Handler
 COMMON         0x2005a080      0x128 ./src/platform/cmx/ltdc.o
                0x2005a080                ltdc_framebuf
                0x2005a088                LTDC_Handler
                0x2005a130                DMA2D_Handler
                0x2005a188                lcdltdc
 COMMON         0x2005a1a8       0x34 ./src/platform/cmx/sdram.o
                0x2005a1a8                SDRAM_Handler
 *fill*         0x2005a1dc       0x24 
 COMMON         0x2005a200     0x4040 ./src/platform/cmx/vm.o
                0x2005a200                tlb_quiescence
                0x2005a240                __liveness_tbl
 COMMON         0x2005e240      0x340 ./src/kernel/capinv.o
                0x2005e240                intime
                0x2005e280                IPI_cap_dest
 COMMON         0x2005e580     0x14c0 ./src/kernel/retype_tbl.o
                0x2005e580                glb_retype_tbl
                0x2005f600                retype_tbl
 COMMON         0x2005fa40        0x4 /home/pry/eclipse/gcc-arm-none-eabi-5_4-2016q3/bin/../lib/gcc/arm-none-eabi/5.4.1/../../../../arm-none-eabi/lib/armv7e-m/libg_nano.a(lib_a-reent.o)
                0x2005fa40                errno
 *(.bss_end .bss_end.*)
                0x2005fa44                . = ALIGN (0x4)
                0x2005fa44                __bss_end__ = .
                0x2005fa44                _ebss = .

.noinit         0x2005fa44        0x0 load address 0x08022064
                0x2005fa44                _noinit = .
 *(.noinit .noinit.*)
                0x2005fa44                . = ALIGN (0x4)
                0x2005fa44                _end_noinit = .
                [!provide]                PROVIDE (end, _end_noinit)
                [!provide]                PROVIDE (_end, _end_noinit)
                [!provide]                PROVIDE (__end, _end_noinit)
                [!provide]                PROVIDE (__end__, _end_noinit)

._check_stack   0x2005fa44      0x100 load address 0x08022064
                0x2005fb44                . = (. + _Minimum_Stack_Size)
 *fill*         0x2005fa44      0x100 

.erwmem0        0xc0000000   0x1f4000
 *(.erw0text)
 *(.erw0data)
 .erw0data      0xc0000000   0x1f4000 ./src/platform/cmx/ltdc.o
                0xc0000000                ltdc_lcd_framebuf

.stab
 *(.stab)

.stabstr
 *(.stabstr)

.stab.excl
 *(.stab.excl)

.stab.exclstr
 *(.stab.exclstr)

.stab.index
 *(.stab.index)

.stab.indexstr
 *(.stab.indexstr)

.comment        0x00000000       0x6e
 *(.comment)
 .comment       0x00000000       0x6e ./src/platform/cmx/src/stm32f7-hal/stm32f7xx_hal.o
                                 0x6f (size before relaxing)
 .comment       0x0000006e       0x6f ./src/platform/cmx/src/stm32f7-hal/stm32f7xx_hal_cortex.o
 .comment       0x0000006e       0x6f ./src/platform/cmx/src/stm32f7-hal/stm32f7xx_hal_gpio.o
 .comment       0x0000006e       0x6f ./src/platform/cmx/src/stm32f7-hal/stm32f7xx_hal_ltdc.o
 .comment       0x0000006e       0x6f ./src/platform/cmx/src/stm32f7-hal/stm32f7xx_hal_pwr_ex.o
 .comment       0x0000006e       0x6f ./src/platform/cmx/src/stm32f7-hal/stm32f7xx_hal_rcc.o
 .comment       0x0000006e       0x6f ./src/platform/cmx/src/stm32f7-hal/stm32f7xx_hal_rcc_ex.o
 .comment       0x0000006e       0x6f ./src/platform/cmx/src/stm32f7-hal/stm32f7xx_hal_sdram.o
 .comment       0x0000006e       0x6f ./src/platform/cmx/src/stm32f7-hal/stm32f7xx_ll_fmc.o
 .comment       0x0000006e       0x6f ./src/platform/cmx/src/cmsis/startup_stm32f767.o
 .comment       0x0000006e       0x6f ./src/platform/cmx/src/cmsis/system_stm32f7xx.o
 .comment       0x0000006e       0x6f ./src/platform/cmx/boot_comp.o
 .comment       0x0000006e       0x6f ./src/platform/cmx/chal.o
 .comment       0x0000006e       0x6f ./src/platform/cmx/kernel.o
 .comment       0x0000006e       0x6f ./src/platform/cmx/lcd.o
 .comment       0x0000006e       0x6f ./src/platform/cmx/ltdc.o
 .comment       0x0000006e       0x6f ./src/platform/cmx/sdram.o
 .comment       0x0000006e       0x6f ./src/platform/cmx/utmem.o
 .comment       0x0000006e       0x6f ./src/platform/cmx/vm.o
 .comment       0x0000006e       0x6f ./src/kernel/capinv.o
 .comment       0x0000006e       0x6f ./src/kernel/captbl.o
 .comment       0x0000006e       0x6f ./src/kernel/liveness_tbl.o
 .comment       0x0000006e       0x6f ./src/kernel/pgtbl.o
 .comment       0x0000006e       0x6f ./src/kernel/retype_tbl.o
 .comment       0x0000006e       0x6f ./src/kernel/tcap.o
 .comment       0x0000006e      0x1bc ./src/components/mb_comp.o

.ARM.attributes
                0x00000000       0x31
 .ARM.attributes
                0x00000000       0x33 ./src/platform/cmx/src/stm32f7-hal/stm32f7xx_hal.o
 .ARM.attributes
                0x00000033       0x33 ./src/platform/cmx/src/stm32f7-hal/stm32f7xx_hal_cortex.o
 .ARM.attributes